Archive member included to satisfy reference by file (symbol)

contiki-srf06-cc26xx.a(contiki-main.o)
                              obj_srf06-cc26xx/startup_gcc.o (main)
contiki-srf06-cc26xx.a(sensors.o)
                              IPCOM.co (sensors_event)
contiki-srf06-cc26xx.a(leds.o)
                              contiki-srf06-cc26xx.a(contiki-main.o) (leds_init)
contiki-srf06-cc26xx.a(leds-arch.o)
                              contiki-srf06-cc26xx.a(leds.o) (leds_arch_init)
contiki-srf06-cc26xx.a(sensortag-senso)
                              contiki-srf06-cc26xx.a(sensors.o) (sensors_flags)
contiki-srf06-cc26xx.a(bmp-280-sensor.)
                              contiki-srf06-cc26xx.a(sensortag-senso) (bmp_280_sensor)
contiki-srf06-cc26xx.a(tmp-007-sensor.)
                              contiki-srf06-cc26xx.a(sensortag-senso) (tmp_007_sensor)
contiki-srf06-cc26xx.a(opt-3001-sensor)
                              contiki-srf06-cc26xx.a(sensortag-senso) (opt_3001_sensor)
contiki-srf06-cc26xx.a(hdc-1000-sensor)
                              contiki-srf06-cc26xx.a(sensortag-senso) (hdc_1000_sensor)
contiki-srf06-cc26xx.a(mpu-9250-sensor)
                              contiki-srf06-cc26xx.a(sensortag-senso) (mpu_9250_sensor)
contiki-srf06-cc26xx.a(button-sensor.o)
                              contiki-srf06-cc26xx.a(sensortag-senso) (button_right_sensor)
contiki-srf06-cc26xx.a(reed-relay.o)
                              contiki-srf06-cc26xx.a(sensortag-senso) (reed_relay_sensor)
contiki-srf06-cc26xx.a(board.o)
                              contiki-srf06-cc26xx.a(contiki-main.o) (board_init)
contiki-srf06-cc26xx.a(board-i2c.o)
                              contiki-srf06-cc26xx.a(board.o) (board_i2c_wakeup)
contiki-srf06-cc26xx.a(clock.o)
                              contiki-srf06-cc26xx.a(contiki-main.o) (clock_init)
contiki-srf06-cc26xx.a(rtimer-arch.o)
                              IPCOM.co (rtimer_arch_now)
contiki-srf06-cc26xx.a(soc-rtc.o)
                              contiki-srf06-cc26xx.a(contiki-main.o) (soc_rtc_init)
contiki-srf06-cc26xx.a(contiki-watchdo)
                              contiki-srf06-cc26xx.a(contiki-main.o) (watchdog_init)
contiki-srf06-cc26xx.a(putchar.o)
                              IPCOM.co (putchar)
contiki-srf06-cc26xx.a(ieee-addr.o)
                              contiki-srf06-cc26xx.a(contiki-main.o) (ieee_addr_cpy_to)
contiki-srf06-cc26xx.a(cc26xx-uart.o)
                              contiki-srf06-cc26xx.a(contiki-main.o) (cc26xx_uart_init)
contiki-srf06-cc26xx.a(lpm.o)
                              contiki-srf06-cc26xx.a(contiki-main.o) (lpm_drop)
contiki-srf06-cc26xx.a(gpio-interrupt.)
                              contiki-srf06-cc26xx.a(button-sensor.o) (gpio_interrupt_register_handler)
contiki-srf06-cc26xx.a(oscillators.o)
                              contiki-srf06-cc26xx.a(contiki-main.o) (oscillators_select_lf_xosc)
contiki-srf06-cc26xx.a(ieee-mode.o)
                              contiki-srf06-cc26xx.a(contiki-main.o) (ieee_mode_driver)
contiki-srf06-cc26xx.a(random.o)
                              contiki-srf06-cc26xx.a(contiki-main.o) (random_init)
contiki-srf06-cc26xx.a(soc-trng.o)
                              contiki-srf06-cc26xx.a(random.o) (soc_trng_rand_synchronous)
contiki-srf06-cc26xx.a(dbg-printf.o)
                              IPCOM.co (printf)
contiki-srf06-cc26xx.a(strformat.o)
                              contiki-srf06-cc26xx.a(dbg-printf.o) (format_str_v)
contiki-srf06-cc26xx.a(autostart.o)
                              contiki-srf06-cc26xx.a(contiki-main.o) (autostart_start)
contiki-srf06-cc26xx.a(ctimer.o)
                              contiki-srf06-cc26xx.a(contiki-main.o) (ctimer_init)
contiki-srf06-cc26xx.a(energest.o)
                              contiki-srf06-cc26xx.a(contiki-main.o) (energest_init)
contiki-srf06-cc26xx.a(etimer.o)
                              contiki-srf06-cc26xx.a(clock.o) (etimer_request_poll)
contiki-srf06-cc26xx.a(process.o)
                              contiki-srf06-cc26xx.a(sensors.o) (process_alloc_event)
contiki-srf06-cc26xx.a(rtimer.o)
                              IPCOM.co (rtimer_init)
contiki-srf06-cc26xx.a(timer.o)
                              contiki-srf06-cc26xx.a(button-sensor.o) (timer_set)
contiki-srf06-cc26xx.a(serial-line.o)
                              contiki-srf06-cc26xx.a(contiki-main.o) (serial_line_init)
contiki-srf06-cc26xx.a(list.o)
                              contiki-srf06-cc26xx.a(lpm.o) (list_init)
contiki-srf06-cc26xx.a(ringbuf.o)
                              contiki-srf06-cc26xx.a(serial-line.o) (ringbuf_init)
contiki-srf06-cc26xx.a(sicslowpan.o)
                              contiki-srf06-cc26xx.a(contiki-main.o) (sicslowpan_driver)
contiki-srf06-cc26xx.a(uip-ds6-nbr.o)
                              contiki-srf06-cc26xx.a(sicslowpan.o) (uip_ds6_link_neighbor_callback)
contiki-srf06-cc26xx.a(uip-ds6-route.o)
[...]
Memory Configuration

Name             Origin             Length             Attributes
FLASH            0x00000000         0x0001ffa8         xr
FLASH_CCFG       0x0001ffa8         0x00000058         xr
SRAM             0x20000000         0x00005000         xrw
GPRAM            0x11000000         0x00002000         xrw
*default*        0x00000000         0xffffffff

Linker script and memory map

LOAD obj_srf06-cc26xx/fault-handlers.o
LOAD obj_srf06-cc26xx/ccfg.o
LOAD obj_srf06-cc26xx/startup_gcc.o
LOAD IPCOM.co
LOAD contiki-srf06-cc26xx.a
LOAD e:/ice-semester-2/embedded_internet_lab/contiki/toolchain/tools/gcc-arm-none-eabi/bin/../lib/gcc/arm-none-eabi/5.4.1/../../../../arm-none-eabi/lib/armv7-m\libm.a
START GROUP
LOAD e:/ice-semester-2/embedded_internet_lab/contiki/toolchain/tools/gcc-arm-none-eabi/bin/../lib/gcc/arm-none-eabi/5.4.1/armv7-m\libgcc.a
LOAD e:/ice-semester-2/embedded_internet_lab/contiki/toolchain/tools/gcc-arm-none-eabi/bin/../lib/gcc/arm-none-eabi/5.4.1/../../../../arm-none-eabi/lib/armv7-m\libc.a
END GROUP
                0x20005000                _estack = (ORIGIN (SRAM) + LENGTH (SRAM))
                0x00000000                _Min_Heap_Size = 0x0
                0x00000100                _Min_Stack_Size = 0x100

.text           0x00000000    0x12079
                0x00000000                _text = .
 *(SORT(.vectors))
 .vectors       0x00000000       0xc8 obj_srf06-cc26xx/startup_gcc.o
                0x00000000                g_pfnVectors
 *(SORT(.text*))
 .text.value    0x000000c8       0xb0 contiki-srf06-cc26xx.a(opt-3001-sensor)
 .text.value    0x00000178       0x9c contiki-srf06-cc26xx.a(hdc-1000-sensor)
 *fill*         0x00000214        0x4 00000000
 .text.value    0x00000218      0x19c contiki-srf06-cc26xx.a(mpu-9250-sensor)
 *fill*         0x000003b4        0x4 00000000
 .text.__ieee754_pow
                0x000003b8      0xac4 e:/ice-semester-2/embedded_internet_lab/contiki/toolchain/tools/gcc-arm-none-eabi/bin/../lib/gcc/arm-none-eabi/5.4.1/../../../../arm-none-eabi/lib/armv7-m\libm.a(lib_a-e_pow.o)
                0x000003b8                __ieee754_pow
 *fill*         0x00000e7c        0x4 00000000
 .text.scalbn   0x00000e80       0xe4 e:/ice-semester-2/embedded_internet_lab/contiki/toolchain/tools/gcc-arm-none-eabi/bin/../lib/gcc/arm-none-eabi/5.4.1/../../../../arm-none-eabi/lib/armv7-m\libm.a(lib_a-s_scalbn.o)
                0x00000e80                scalbn
 .text.FaultISR
                0x00000f64       0x18 obj_srf06-cc26xx/fault-handlers.o
                0x00000f64                FaultISR
 .text.NmiSRHandler
                0x00000f7c        0x4 obj_srf06-cc26xx/startup_gcc.o
                0x00000f7c                NmiSR
 .text.IntDefaultHandler
                0x00000f80        0x4 obj_srf06-cc26xx/startup_gcc.o
                0x00000f80                SSI0IntHandler
                0x00000f80                SWEvent0IntHandler
                0x00000f80                uDMAIntHandler
                0x00000f80                WatchdogIntHandler
                0x00000f80                RFCHardwareIntHandler
                0x00000f80                Timer1BIntHandler
                0x00000f80                I2SIntHandler
                0x00000f80                Timer2BIntHandler
                0x00000f80                Timer2AIntHandler
                0x00000f80                Timer1AIntHandler
                0x00000f80                AONIntHandler
                0x00000f80                AUXSWEvent0IntHandler
                0x00000f80                AUXADCIntHandler
                0x00000f80                PendSVIntHandler
                0x00000f80                AUXSWEvent1IntHandler
                0x00000f80                SVCallIntHandler
                0x00000f80                MPUFaultIntHandler
                0x00000f80                SysTickIntHandler
                0x00000f80                BusFaultIntHandler
                0x00000f80                AONProgIntHandler
                0x00000f80                AUXCompAIntHandler
                0x00000f80                SSI1IntHandler
                0x00000f80                FlashIntHandler
                0x00000f80                uDMAErrIntHandler
                0x00000f80                UsageFaultIntHandler
                0x00000f80                RFCCmdAckIntHandler
                0x00000f80                CryptoIntHandler
                0x00000f80                Timer0AIntHandler
                0x00000f80                I2CIntHandler
                0x00000f80                DebugMonIntHandler
                0x00000f80                Timer0BIntHandler
                0x00000f80                AUXCombEventIntHandler
                0x00000f80                Timer3AIntHandler
                0x00000f80                DynProgIntHandler
                0x00000f80                Timer3BIntHandler
 .text.ResetISR
                0x00000f84       0x5c obj_srf06-cc26xx/startup_gcc.o
                0x00000f84                ResetISR
 .text.timeout_handler
                0x00000fe0       0x2c IPCOM.co
 .text.tcpip_handler.part.0
                0x0000100c       0xd0 IPCOM.co
 .text.process_thread_udp_client_process
                0x000010dc      0x110 IPCOM.co
 .text.process_thread_udp_resource
                0x000011ec       0xd0 IPCOM.co
 .text.process_thread_udp_resend_process
                0x000012bc       0xe0 IPCOM.co
 .text.echo_reply_handler
                0x0000139c      0x148 IPCOM.co
                0x0000139c                echo_reply_handler
 .text.echo_request
                0x000014e4       0xdc IPCOM.co
                0x000014e4                echo_request
 .text.process_thread_udp_ping_process
                0x000015c0      0x214 IPCOM.co
 .text.fade     0x000017d4       0x64 contiki-srf06-cc26xx.a(contiki-main.o)
 .text.startup.main
                0x00001838      0x260 contiki-srf06-cc26xx.a(contiki-main.o)
                0x00001838                main
 .text.process_thread_sensors_process
                0x00001a98       0xf8 contiki-srf06-cc26xx.a(sensors.o)
 .text.sensors_changed
                0x00001b90       0x4c contiki-srf06-cc26xx.a(sensors.o)
                0x00001b90                sensors_changed
 .text.show_leds
                0x00001bdc       0xf0 contiki-srf06-cc26xx.a(leds.o)
 .text.leds_init
                0x00001ccc       0x14 contiki-srf06-cc26xx.a(leds.o)
                0x00001ccc                leds_init
 .text.leds_on  0x00001ce0       0x10 contiki-srf06-cc26xx.a(leds.o)
                0x00001ce0                leds_on
 .text.leds_off
                0x00001cf0       0x10 contiki-srf06-cc26xx.a(leds.o)
                0x00001cf0                leds_off
 .text.leds_arch_init
                0x00001d00       0x38 contiki-srf06-cc26xx.a(leds-arch.o)
                0x00001d00                leds_arch_init
 .text.leds_arch_set
                0x00001d38       0x34 contiki-srf06-cc26xx.a(leds-arch.o)
                0x00001d38                leds_arch_set
 .text.status   0x00001d6c       0x14 contiki-srf06-cc26xx.a(bmp-280-sensor.)
 .text.notify_ready
                0x00001d80       0x14 contiki-srf06-cc26xx.a(bmp-280-sensor.)
 .text.enable_sensor
                0x00001d94       0x2c contiki-srf06-cc26xx.a(bmp-280-sensor.)
 .text.configure
                0x00001dc0       0x94 contiki-srf06-cc26xx.a(bmp-280-sensor.)
 .text.value    0x00001e54      0x178 contiki-srf06-cc26xx.a(bmp-280-sensor.)
 .text.status   0x00001fcc       0x14 contiki-srf06-cc26xx.a(tmp-007-sensor.)
 .text.notify_ready
                0x00001fe0       0x14 contiki-srf06-cc26xx.a(tmp-007-sensor.)
 .text.enable_sensor
                0x00001ff4       0x2c contiki-srf06-cc26xx.a(tmp-007-sensor.)
 .text.configure
                0x00002020       0x94 contiki-srf06-cc26xx.a(tmp-007-sensor.)
 .text.value    0x000020b4       0xf0 contiki-srf06-cc26xx.a(tmp-007-sensor.)
 .text.status   0x000021a4        0xc contiki-srf06-cc26xx.a(opt-3001-sensor)
 .text.enable_sensor
                0x000021b0       0x44 contiki-srf06-cc26xx.a(opt-3001-sensor)
 .text.notify_ready
                0x000021f4       0x54 contiki-srf06-cc26xx.a(opt-3001-sensor)
 .text.configure
                0x00002248       0x4c contiki-srf06-cc26xx.a(opt-3001-sensor)
 .text.status   0x00002294       0x14 contiki-srf06-cc26xx.a(hdc-1000-sensor)
 .text.notify_ready
                0x000022a8       0x68 contiki-srf06-cc26xx.a(hdc-1000-sensor)
 .text.configure
                0x00002310       0xb8 contiki-srf06-cc26xx.a(hdc-1000-sensor)
 .text.acc_convert
                0x000023c8       0x70 contiki-srf06-cc26xx.a(mpu-9250-sensor)
 .text.status   0x00002438       0x14 contiki-srf06-cc26xx.a(mpu-9250-sensor)
 .text.notify_ready
                0x0000244c       0x14 contiki-srf06-cc26xx.a(mpu-9250-sensor)
 .text.sensor_sleep
                0x00002460       0x38 contiki-srf06-cc26xx.a(mpu-9250-sensor)
 .text.configure
                0x00002498       0xdc contiki-srf06-cc26xx.a(mpu-9250-sensor)
 .text.int_status
                0x00002574       0x28 contiki-srf06-cc26xx.a(mpu-9250-sensor)
 .text.initialise
                0x0000259c      0x100 contiki-srf06-cc26xx.a(mpu-9250-sensor)
 .text.status.part.0
                0x0000269c       0x14 contiki-srf06-cc26xx.a(button-sensor.o)
 .text.value_left
                0x000026b0       0x24 contiki-srf06-cc26xx.a(button-sensor.o)
 .text.value_right
                0x000026d4       0x24 contiki-srf06-cc26xx.a(button-sensor.o)
 .text.status_left
                0x000026f8       0x10 contiki-srf06-cc26xx.a(button-sensor.o)
 .text.status_right
                0x00002708       0x10 contiki-srf06-cc26xx.a(button-sensor.o)
 .text.config_buttons
                0x00002718       0x84 contiki-srf06-cc26xx.a(button-sensor.o)
 .text.config_left
                0x0000279c        0xc contiki-srf06-cc26xx.a(button-sensor.o)
 .text.config_right
                0x000027a8        0xc contiki-srf06-cc26xx.a(button-sensor.o)
 .text.button_press_handler
                0x000027b4       0x98 contiki-srf06-cc26xx.a(button-sensor.o)
 .text.value    0x0000284c       0x10 contiki-srf06-cc26xx.a(reed-relay.o)
 .text.status   0x0000285c       0x20 contiki-srf06-cc26xx.a(reed-relay.o)
 .text.configure
                0x0000287c       0x6c contiki-srf06-cc26xx.a(reed-relay.o)
 .text.reed_interrupt_handler
                0x000028e8       0x50 contiki-srf06-cc26xx.a(reed-relay.o)
 .text.power_domains_on
                0x00002938       0x20 contiki-srf06-cc26xx.a(board.o)
 .text.lpm_wakeup_handler
                0x00002958        0x4 contiki-srf06-cc26xx.a(board.o)
 .text.shutdown_handler
                0x0000295c       0x68 contiki-srf06-cc26xx.a(board.o)
 .text.board_init
                0x000029c4      0x118 contiki-srf06-cc26xx.a(board.o)
                0x000029c4                board_init
 .text.i2c_status
                0x00002adc       0x34 contiki-srf06-cc26xx.a(board-i2c.o)
 .text.accessible
                0x00002b10       0x24 contiki-srf06-cc26xx.a(board-i2c.o)
 .text.board_i2c_wakeup
                0x00002b34       0x5c contiki-srf06-cc26xx.a(board-i2c.o)
                0x00002b34                board_i2c_wakeup
 .text.board_i2c_shutdown
                0x00002b90       0xa4 contiki-srf06-cc26xx.a(board-i2c.o)
                0x00002b90                board_i2c_shutdown
 .text.board_i2c_write
                0x00002c34      0x138 contiki-srf06-cc26xx.a(board-i2c.o)
                0x00002c34                board_i2c_write
 .text.board_i2c_write_single
                0x00002d6c       0x70 contiki-srf06-cc26xx.a(board-i2c.o)
                0x00002d6c                board_i2c_write_single
 .text.board_i2c_read
                0x00002ddc      0x118 contiki-srf06-cc26xx.a(board-i2c.o)
                0x00002ddc                board_i2c_read
 .text.board_i2c_write_read
                0x00002ef4      0x1c0 contiki-srf06-cc26xx.a(board-i2c.o)
                0x00002ef4                board_i2c_write_read
 .text.board_i2c_select
                0x000030b4       0xdc contiki-srf06-cc26xx.a(board-i2c.o)
                0x000030b4                board_i2c_select
 .text.power_domain_on
                0x00003190       0x20 contiki-srf06-cc26xx.a(clock.o)
 .text.clock_init
                0x000031b0       0x98 contiki-srf06-cc26xx.a(clock.o)
                0x000031b0                clock_init
 .text.clock_time
                0x00003248       0x34 contiki-srf06-cc26xx.a(clock.o)
                0x00003248                clock_time
 .text.clock_update
                0x0000327c       0x3c contiki-srf06-cc26xx.a(clock.o)
                0x0000327c                clock_update
 .text.clock_seconds
                0x000032b8       0x18 contiki-srf06-cc26xx.a(clock.o)
                0x000032b8                clock_seconds
 .text.clock_delay_usec
                0x000032d0       0x84 contiki-srf06-cc26xx.a(clock.o)
                0x000032d0                clock_delay_usec
 .text.rtimer_arch_init
                0x00003354        0x4 contiki-srf06-cc26xx.a(rtimer-arch.o)
                0x00003354                rtimer_arch_init
 .text.rtimer_arch_schedule
                0x00003358        0x8 contiki-srf06-cc26xx.a(rtimer-arch.o)
                0x00003358                rtimer_arch_schedule
 .text.rtimer_arch_now
                0x00003360        0x4 contiki-srf06-cc26xx.a(rtimer-arch.o)
                0x00003360                rtimer_arch_now
 .text.soc_rtc_init
                0x00003364       0xa0 contiki-srf06-cc26xx.a(soc-rtc.o)
                0x00003364                soc_rtc_init
 .text.soc_rtc_schedule_one_shot
                0x00003404       0x6c contiki-srf06-cc26xx.a(soc-rtc.o)
                0x00003404                soc_rtc_schedule_one_shot
 .text.soc_rtc_last_isr_time
                0x00003470        0xc contiki-srf06-cc26xx.a(soc-rtc.o)
                0x00003470                soc_rtc_last_isr_time
 .text.AONRTCIntHandler
                0x0000347c       0xb4 contiki-srf06-cc26xx.a(soc-rtc.o)
                0x0000347c                AONRTCIntHandler
 .text.watchdog_init
                0x00003530       0x1c contiki-srf06-cc26xx.a(contiki-watchdo)
                0x00003530                watchdog_init
 .text.watchdog_start
                0x0000354c       0x68 contiki-srf06-cc26xx.a(contiki-watchdo)
                0x0000354c                watchdog_start
 .text.watchdog_periodic
                0x000035b4       0x1c contiki-srf06-cc26xx.a(contiki-watchdo)
                0x000035b4                watchdog_periodic
 .text.putchar  0x000035d0       0x10 contiki-srf06-cc26xx.a(putchar.o)
                0x000035d0                putchar
 .text.puts     0x000035e0       0x30 contiki-srf06-cc26xx.a(putchar.o)
                0x000035e0                puts
 .text.dbg_send_bytes
                0x00003610       0x40 contiki-srf06-cc26xx.a(putchar.o)
                0x00003610                dbg_send_bytes
 .text.ieee_addr_cpy_to
                0x00003650       0x40 contiki-srf06-cc26xx.a(ieee-addr.o)
                0x00003650                ieee_addr_cpy_to
 .text.power_and_clock
                0x00003690       0x40 contiki-srf06-cc26xx.a(cc26xx-uart.o)
 .text.enable   0x000036d0       0xf4 contiki-srf06-cc26xx.a(cc26xx-uart.o)
 .text.accessible
                0x000037c4       0x24 contiki-srf06-cc26xx.a(cc26xx-uart.o)
 .text.lpm_drop_handler
                0x000037e8       0xcc contiki-srf06-cc26xx.a(cc26xx-uart.o)
 .text.cc26xx_uart_init
                0x000038b4       0x28 contiki-srf06-cc26xx.a(cc26xx-uart.o)
                0x000038b4                cc26xx_uart_init
 .text.cc26xx_uart_write_byte
                0x000038dc       0x28 contiki-srf06-cc26xx.a(cc26xx-uart.o)
                0x000038dc                cc26xx_uart_write_byte
 .text.cc26xx_uart_busy
                0x00003904       0x18 contiki-srf06-cc26xx.a(cc26xx-uart.o)
                0x00003904                cc26xx_uart_busy
 .text.UART0IntHandler
                0x0000391c       0x88 contiki-srf06-cc26xx.a(cc26xx-uart.o)
                0x0000391c                UART0IntHandler
 .text.lpm_sleep
                0x000039a4       0x88 contiki-srf06-cc26xx.a(lpm.o)
                0x000039a4                lpm_sleep
 .text.lpm_drop
                0x00003a2c      0x2c8 contiki-srf06-cc26xx.a(lpm.o)
                0x00003a2c                lpm_drop
 .text.lpm_register_module
                0x00003cf4        0xc contiki-srf06-cc26xx.a(lpm.o)
                0x00003cf4                lpm_register_module
 .text.lpm_unregister_module
                0x00003d00        0xc contiki-srf06-cc26xx.a(lpm.o)
                0x00003d00                lpm_unregister_module
 .text.lpm_init
                0x00003d0c       0x20 contiki-srf06-cc26xx.a(lpm.o)
                0x00003d0c                lpm_init
 .text.lpm_pin_set_default_state
                0x00003d2c       0x2c contiki-srf06-cc26xx.a(lpm.o)
                0x00003d2c                lpm_pin_set_default_state
 .text.gpio_interrupt_register_handler
                0x00003d58       0x2c contiki-srf06-cc26xx.a(gpio-interrupt.)
                0x00003d58                gpio_interrupt_register_handler
 .text.gpio_interrupt_init
                0x00003d84       0x24 contiki-srf06-cc26xx.a(gpio-interrupt.)
                0x00003d84                gpio_interrupt_init
 .text.GPIOIntHandler
                0x00003da8       0x70 contiki-srf06-cc26xx.a(gpio-interrupt.)
                0x00003da8                GPIOIntHandler
 .text.oscillators_select_lf_xosc
                0x00003e18       0x50 contiki-srf06-cc26xx.a(oscillators.o)
                0x00003e18                oscillators_select_lf_xosc
 .text.oscillators_request_hf_xosc
                0x00003e68       0x30 contiki-srf06-cc26xx.a(oscillators.o)
                0x00003e68                oscillators_request_hf_xosc
 .text.oscillators_switch_to_hf_xosc
                0x00003e98       0x34 contiki-srf06-cc26xx.a(oscillators.o)
                0x00003e98                oscillators_switch_to_hf_xosc
 .text.oscillators_switch_to_hf_rc
                0x00003ecc       0x38 contiki-srf06-cc26xx.a(oscillators.o)
                0x00003ecc                oscillators_switch_to_hf_rc
 .text.request  0x00003f04       0x20 contiki-srf06-cc26xx.a(ieee-mode.o)
 .text.prepare  0x00003f24       0x1c contiki-srf06-cc26xx.a(ieee-mode.o)
 .text.rf_radio_setup
                0x00003f40       0x64 contiki-srf06-cc26xx.a(ieee-mode.o)
 .text.pending_packet
                0x00003fa4       0x48 contiki-srf06-cc26xx.a(ieee-mode.o)
 .text.soft_off
                0x00003fec       0x44 contiki-srf06-cc26xx.a(ieee-mode.o)
 .text.get_object
                0x00004030       0x4c contiki-srf06-cc26xx.a(ieee-mode.o)
 .text.rx_on    0x0000407c       0x78 contiki-srf06-cc26xx.a(ieee-mode.o)
 .text.soft_on  0x000040f4       0x18 contiki-srf06-cc26xx.a(ieee-mode.o)
 .text.transmitting.part.2
                0x0000410c       0x40 contiki-srf06-cc26xx.a(ieee-mode.o)
 .text.rx_off   0x0000414c       0xac contiki-srf06-cc26xx.a(ieee-mode.o)
 .text.set_object
                0x000041f8       0x60 contiki-srf06-cc26xx.a(ieee-mode.o)
 .text.get_cca_info
                0x00004258       0x50 contiki-srf06-cc26xx.a(ieee-mode.o)
 .text.check_rat_overflow
                0x000042a8       0x80 contiki-srf06-cc26xx.a(ieee-mode.o)
 .text.receiving_packet
                0x00004328       0x3c contiki-srf06-cc26xx.a(ieee-mode.o)
 .text.off.part.8
                0x00004364       0x94 contiki-srf06-cc26xx.a(ieee-mode.o)
 .text.off      0x000043f8       0x14 contiki-srf06-cc26xx.a(ieee-mode.o)
 .text.on       0x0000440c       0xa8 contiki-srf06-cc26xx.a(ieee-mode.o)
 .text.set_value
                0x000044b4      0x170 contiki-srf06-cc26xx.a(ieee-mode.o)
 .text.get_value
                0x00004624      0x188 contiki-srf06-cc26xx.a(ieee-mode.o)
 .text.transmit
                0x000047ac      0x18c contiki-srf06-cc26xx.a(ieee-mode.o)
 .text.send     0x00004938       0x24 contiki-srf06-cc26xx.a(ieee-mode.o)
 .text.channel_clear
                0x0000495c       0x84 contiki-srf06-cc26xx.a(ieee-mode.o)
 .text.read_frame
                0x000049e0      0x190 contiki-srf06-cc26xx.a(ieee-mode.o)
 .text.handle_rat_overflow
                0x00004b70       0x68 contiki-srf06-cc26xx.a(ieee-mode.o)
 .text.init     0x00004bd8      0x110 contiki-srf06-cc26xx.a(ieee-mode.o)
 .text.random_rand
                0x00004ce8        0xc contiki-srf06-cc26xx.a(random.o)
                0x00004ce8                random_rand
 .text.random_init
                0x00004cf4        0x4 contiki-srf06-cc26xx.a(random.o)
                0x00004cf4                random_init
 .text.power_up
                0x00004cf8       0x40 contiki-srf06-cc26xx.a(soc-trng.o)
 .text.request  0x00004d38       0x14 contiki-srf06-cc26xx.a(soc-trng.o)
 .text.process_thread_soc_trng_process
                0x00004d4c       0x94 contiki-srf06-cc26xx.a(soc-trng.o)
 .text.accessible
                0x00004de0       0x24 contiki-srf06-cc26xx.a(soc-trng.o)
 .text.soc_trng_rand_synchronous
                0x00004e04       0xc4 contiki-srf06-cc26xx.a(soc-trng.o)
                0x00004e04                soc_trng_rand_synchronous
 .text.TRNGIntHandler
                0x00004ec8       0x88 contiki-srf06-cc26xx.a(soc-trng.o)
                0x00004ec8                TRNGIntHandler
 .text.soc_trng_init
                0x00004f50       0x28 contiki-srf06-cc26xx.a(soc-trng.o)
                0x00004f50                soc_trng_init
 .text.write_str
                0x00004f78       0x14 contiki-srf06-cc26xx.a(dbg-printf.o)
 .text.printf   0x00004f8c       0x24 contiki-srf06-cc26xx.a(dbg-printf.o)
                0x00004f8c                printf
 .text.fill_space
                0x00004fb0       0x3c contiki-srf06-cc26xx.a(strformat.o)
 .text.format_str_v
                0x00004fec      0x95c contiki-srf06-cc26xx.a(strformat.o)
                0x00004fec                format_str_v
 .text.autostart_start
                0x00005948       0x18 contiki-srf06-cc26xx.a(autostart.o)
                0x00005948                autostart_start
 .text.process_thread_ctimer_process
                0x00005960       0x94 contiki-srf06-cc26xx.a(ctimer.o)
 .text.ctimer_init
                0x000059f4       0x28 contiki-srf06-cc26xx.a(ctimer.o)
                0x000059f4                ctimer_init
 .text.ctimer_set_with_process
                0x00005a1c       0x4c contiki-srf06-cc26xx.a(ctimer.o)
                0x00005a1c                ctimer_set_with_process
 .text.ctimer_set
                0x00005a68       0x18 contiki-srf06-cc26xx.a(ctimer.o)
                0x00005a68                ctimer_set
 .text.ctimer_reset
                0x00005a80       0x38 contiki-srf06-cc26xx.a(ctimer.o)
                0x00005a80                ctimer_reset
 .text.ctimer_stop
                0x00005ab8       0x34 contiki-srf06-cc26xx.a(ctimer.o)
                0x00005ab8                ctimer_stop
 .text.energest_init
                0x00005aec       0x30 contiki-srf06-cc26xx.a(energest.o)
                0x00005aec                energest_init
 .text.energest_type_time
                0x00005b1c       0x3c contiki-srf06-cc26xx.a(energest.o)
                0x00005b1c                energest_type_time
 .text.energest_type_set
                0x00005b58        0xc contiki-srf06-cc26xx.a(energest.o)
                0x00005b58                energest_type_set
 .text.update_time
                0x00005b64       0x44 contiki-srf06-cc26xx.a(etimer.o)
 .text.process_thread_etimer_process
                0x00005ba8       0xc8 contiki-srf06-cc26xx.a(etimer.o)
 .text.add_timer
                0x00005c70       0x54 contiki-srf06-cc26xx.a(etimer.o)
 .text.etimer_request_poll
                0x00005cc4        0xc contiki-srf06-cc26xx.a(etimer.o)
                0x00005cc4                etimer_request_poll
 .text.etimer_set
                0x00005cd0       0x14 contiki-srf06-cc26xx.a(etimer.o)
                0x00005cd0                etimer_set
 .text.etimer_reset
                0x00005ce4       0x14 contiki-srf06-cc26xx.a(etimer.o)
                0x00005ce4                etimer_reset
 .text.etimer_restart
                0x00005cf8       0x14 contiki-srf06-cc26xx.a(etimer.o)
                0x00005cf8                etimer_restart
 .text.etimer_expired
                0x00005d0c        0xc contiki-srf06-cc26xx.a(etimer.o)
                0x00005d0c                etimer_expired
 .text.etimer_pending
                0x00005d18       0x10 contiki-srf06-cc26xx.a(etimer.o)
                0x00005d18                etimer_pending
 .text.etimer_next_expiration_time
                0x00005d28       0x14 contiki-srf06-cc26xx.a(etimer.o)
                0x00005d28                etimer_next_expiration_time
 .text.etimer_stop
                0x00005d3c       0x44 contiki-srf06-cc26xx.a(etimer.o)
                0x00005d3c                etimer_stop
 .text.exit_process
                0x00005d80       0xb0 contiki-srf06-cc26xx.a(process.o)
 .text.call_process.part.0
                0x00005e30       0x38 contiki-srf06-cc26xx.a(process.o)
 .text.do_poll  0x00005e68       0x3c contiki-srf06-cc26xx.a(process.o)
 .text.process_alloc_event
                0x00005ea4       0x10 contiki-srf06-cc26xx.a(process.o)
                0x00005ea4                process_alloc_event
 .text.process_start
                0x00005eb4       0x48 contiki-srf06-cc26xx.a(process.o)
                0x00005eb4                process_start
 .text.process_exit
                0x00005efc        0xc contiki-srf06-cc26xx.a(process.o)
                0x00005efc                process_exit
 .text.process_init
                0x00005f08       0x34 contiki-srf06-cc26xx.a(process.o)
                0x00005f08                process_init
 .text.process_run
                0x00005f3c       0xa8 contiki-srf06-cc26xx.a(process.o)
                0x00005f3c                process_run
 .text.process_nevents
                0x00005fe4       0x14 contiki-srf06-cc26xx.a(process.o)
                0x00005fe4                process_nevents
 .text.process_post
                0x00005ff8       0x40 contiki-srf06-cc26xx.a(process.o)
                0x00005ff8                process_post
 .text.process_post_synch
                0x00006038       0x18 contiki-srf06-cc26xx.a(process.o)
                0x00006038                process_post_synch
 .text.process_poll
                0x00006050       0x18 contiki-srf06-cc26xx.a(process.o)
                0x00006050                process_poll
 .text.rtimer_init
                0x00006068        0x4 contiki-srf06-cc26xx.a(rtimer.o)
                0x00006068                rtimer_init
 .text.rtimer_run_next
                0x0000606c       0x28 contiki-srf06-cc26xx.a(rtimer.o)
                0x0000606c                rtimer_run_next
 .text.timer_set
                0x00006094       0x10 contiki-srf06-cc26xx.a(timer.o)
                0x00006094                timer_set
 .text.timer_reset
                0x000060a4        0xc contiki-srf06-cc26xx.a(timer.o)
                0x000060a4                timer_reset
 .text.timer_restart
                0x000060b0        0xc contiki-srf06-cc26xx.a(timer.o)
                0x000060b0                timer_restart
 .text.timer_expired
                0x000060bc       0x1c contiki-srf06-cc26xx.a(timer.o)
                0x000060bc                timer_expired
 .text.process_thread_serial_line_process
                0x000060d8       0xa8 contiki-srf06-cc26xx.a(serial-line.o)
 .text.serial_line_init
                0x00006180       0x24 contiki-srf06-cc26xx.a(serial-line.o)
                0x00006180                serial_line_init
 .text.list_init
                0x000061a4        0x8 contiki-srf06-cc26xx.a(list.o)
                0x000061a4                list_init
 .text.list_head
                0x000061ac        0x4 contiki-srf06-cc26xx.a(list.o)
                0x000061ac                list_head
 .text.list_add
                0x000061b0       0x5c contiki-srf06-cc26xx.a(list.o)
                0x000061b0                list_add
 .text.list_push
                0x0000620c       0x48 contiki-srf06-cc26xx.a(list.o)
                0x0000620c                list_push
 .text.list_remove
                0x00006254       0x38 contiki-srf06-cc26xx.a(list.o)
                0x00006254                list_remove
 .text.list_length
                0x0000628c       0x14 contiki-srf06-cc26xx.a(list.o)
                0x0000628c                list_length
 .text.list_item_next
                0x000062a0        0x8 contiki-srf06-cc26xx.a(list.o)
                0x000062a0                list_item_next
 .text.ringbuf_init
                0x000062a8       0x10 contiki-srf06-cc26xx.a(ringbuf.o)
                0x000062a8                ringbuf_init
 .text.ringbuf_get
                0x000062b8       0x24 contiki-srf06-cc26xx.a(ringbuf.o)
                0x000062b8                ringbuf_get
 .text.sicslowpan_init
                0x000062dc       0x24 contiki-srf06-cc26xx.a(sicslowpan.o)
                0x000062dc                sicslowpan_init
 .text.compress_addr_64
                0x00006300       0x9c contiki-srf06-cc26xx.a(sicslowpan.o)
 .text.set_packet_attrs
                0x0000639c       0x50 contiki-srf06-cc26xx.a(sicslowpan.o)
 .text.addr_context_lookup_by_prefix
                0x000063ec       0x28 contiki-srf06-cc26xx.a(sicslowpan.o)
 .text.send_packet
                0x00006414       0x24 contiki-srf06-cc26xx.a(sicslowpan.o)
 .text.packet_sent
                0x00006438       0x28 contiki-srf06-cc26xx.a(sicslowpan.o)
 .text.store_fragment
                0x00006460       0x74 contiki-srf06-cc26xx.a(sicslowpan.o)
 .text.add_fragment
                0x000064d4      0x1b0 contiki-srf06-cc26xx.a(sicslowpan.o)
 .text.uncompress_addr
                0x00006684       0xf0 contiki-srf06-cc26xx.a(sicslowpan.o)
 .text.input    0x00006774      0x8b4 contiki-srf06-cc26xx.a(sicslowpan.o)
 .text.output   0x00007028      0x8ac contiki-srf06-cc26xx.a(sicslowpan.o)
 .text.uip_ds6_nbr_rm
                0x000078d4       0x14 contiki-srf06-cc26xx.a(uip-ds6-nbr.o)
                0x000078d4                uip_ds6_nbr_rm
 .text.uip_ds6_neighbors_init
                0x000078e8       0x1c contiki-srf06-cc26xx.a(uip-ds6-nbr.o)
                0x000078e8                uip_ds6_neighbors_init
 .text.uip_ds6_nbr_add
                0x00007904       0x5c contiki-srf06-cc26xx.a(uip-ds6-nbr.o)
                0x00007904                uip_ds6_nbr_add
 .text.uip_ds6_nbr_get_ll
                0x00007960       0x10 contiki-srf06-cc26xx.a(uip-ds6-nbr.o)
                0x00007960                uip_ds6_nbr_get_ll
 .text.uip_ds6_nbr_lookup
                0x00007970       0x3c contiki-srf06-cc26xx.a(uip-ds6-nbr.o)
                0x00007970                uip_ds6_nbr_lookup
 .text.uip_ds6_nbr_ipaddr_from_lladdr
                0x000079ac       0x10 contiki-srf06-cc26xx.a(uip-ds6-nbr.o)
                0x000079ac                uip_ds6_nbr_ipaddr_from_lladdr
 .text.uip_ds6_link_neighbor_callback
                0x000079bc       0x2c contiki-srf06-cc26xx.a(uip-ds6-nbr.o)
                0x000079bc                uip_ds6_link_neighbor_callback
 .text.uip_ds6_neighbor_periodic
                0x000079e8      0x104 contiki-srf06-cc26xx.a(uip-ds6-nbr.o)
                0x000079e8                uip_ds6_neighbor_periodic
 .text.uip_ds6_nbr_refresh_reachable_state
                0x00007aec       0x24 contiki-srf06-cc26xx.a(uip-ds6-nbr.o)
                0x00007aec                uip_ds6_nbr_refresh_reachable_state
 .text.call_route_callback
                0x00007b10       0x50 contiki-srf06-cc26xx.a(uip-ds6-route.o)
 .text.uip_ds6_route_init
                0x00007b60       0x4c contiki-srf06-cc26xx.a(uip-ds6-route.o)
                0x00007b60                uip_ds6_route_init
 .text.uip_ds6_route_nexthop
                0x00007bac       0x1c contiki-srf06-cc26xx.a(uip-ds6-route.o)
                0x00007bac                uip_ds6_route_nexthop
 .text.uip_ds6_route_lookup
                0x00007bc8       0x78 contiki-srf06-cc26xx.a(uip-ds6-route.o)
                0x00007bc8                uip_ds6_route_lookup
 .text.uip_ds6_route_rm
                0x00007c40       0xac contiki-srf06-cc26xx.a(uip-ds6-route.o)
                0x00007c40                uip_ds6_route_rm
 .text.rm_routelist
                0x00007cec       0x38 contiki-srf06-cc26xx.a(uip-ds6-route.o)
 .text.rm_routelist_callback
                0x00007d24        0x4 contiki-srf06-cc26xx.a(uip-ds6-route.o)
 .text.uip_ds6_defrt_rm
                0x00007d28       0x48 contiki-srf06-cc26xx.a(uip-ds6-route.o)
                0x00007d28                uip_ds6_defrt_rm
 .text.uip_ds6_defrt_lookup
                0x00007d70       0x34 contiki-srf06-cc26xx.a(uip-ds6-route.o)
                0x00007d70                uip_ds6_defrt_lookup
 .text.uip_ds6_defrt_add
                0x00007da4       0x5c contiki-srf06-cc26xx.a(uip-ds6-route.o)
                0x00007da4                uip_ds6_defrt_add
 .text.uip_ds6_defrt_choose
                0x00007e00       0x34 contiki-srf06-cc26xx.a(uip-ds6-route.o)
                0x00007e00                uip_ds6_defrt_choose
 .text.uip_ds6_defrt_periodic
                0x00007e34       0x40 contiki-srf06-cc26xx.a(uip-ds6-route.o)
                0x00007e34                uip_ds6_defrt_periodic
 .text.uip_ds6_dad.part.0
                0x00007e74       0x3c contiki-srf06-cc26xx.a(uip-ds6.o)
 .text.uip_ds6_list_loop
                0x00007eb0       0x5c contiki-srf06-cc26xx.a(uip-ds6.o)
                0x00007eb0                uip_ds6_list_loop
 .text.uip_ds6_prefix_add
                0x00007f0c       0x70 contiki-srf06-cc26xx.a(uip-ds6.o)
                0x00007f0c                uip_ds6_prefix_add
 .text.uip_ds6_prefix_rm
                0x00007f7c        0x8 contiki-srf06-cc26xx.a(uip-ds6.o)
                0x00007f7c                uip_ds6_prefix_rm
 .text.uip_ds6_prefix_lookup
                0x00007f84       0x2c contiki-srf06-cc26xx.a(uip-ds6.o)
                0x00007f84                uip_ds6_prefix_lookup
 .text.uip_ds6_is_addr_onlink
                0x00007fb0       0x40 contiki-srf06-cc26xx.a(uip-ds6.o)
                0x00007fb0                uip_ds6_is_addr_onlink
 .text.uip_ds6_addr_lookup
                0x00007ff0       0x30 contiki-srf06-cc26xx.a(uip-ds6.o)
                0x00007ff0                uip_ds6_addr_lookup
 .text.uip_ds6_maddr_add
                0x00008020       0x50 contiki-srf06-cc26xx.a(uip-ds6.o)
                0x00008020                uip_ds6_maddr_add
 .text.uip_ds6_addr_add
                0x00008070       0xc0 contiki-srf06-cc26xx.a(uip-ds6.o)
                0x00008070                uip_ds6_addr_add
 .text.uip_ds6_maddr_lookup
                0x00008130       0x30 contiki-srf06-cc26xx.a(uip-ds6.o)
                0x00008130                uip_ds6_maddr_lookup
 .text.uip_ds6_addr_rm
                0x00008160       0x48 contiki-srf06-cc26xx.a(uip-ds6.o)
                0x00008160                uip_ds6_addr_rm
 .text.uip_ds6_periodic
                0x000081a8       0xf8 contiki-srf06-cc26xx.a(uip-ds6.o)
                0x000081a8                uip_ds6_periodic
 .text.uip_ds6_select_src
                0x000082a0      0x118 contiki-srf06-cc26xx.a(uip-ds6.o)
                0x000082a0                uip_ds6_select_src
 .text.uip_ds6_set_addr_iid
                0x000083b8       0x14 contiki-srf06-cc26xx.a(uip-ds6.o)
                0x000083b8                uip_ds6_set_addr_iid
 .text.uip_ds6_dad_failed
                0x000083cc       0x18 contiki-srf06-cc26xx.a(uip-ds6.o)
                0x000083cc                uip_ds6_dad_failed
 .text.uip_ds6_send_rs
                0x000083e4       0x3c contiki-srf06-cc26xx.a(uip-ds6.o)
                0x000083e4                uip_ds6_send_rs
 .text.uip_ds6_compute_reachable_time
                0x00008420       0x2c contiki-srf06-cc26xx.a(uip-ds6.o)
                0x00008420                uip_ds6_compute_reachable_time
 .text.uip_ds6_init
                0x0000844c       0xe0 contiki-srf06-cc26xx.a(uip-ds6.o)
                0x0000844c                uip_ds6_init
 .text.echo_reply_input
                0x0000852c      0x15c contiki-srf06-cc26xx.a(uip-icmp6.o)
 .text.echo_request_input
                0x00008688      0x210 contiki-srf06-cc26xx.a(uip-icmp6.o)
 .text.uip_icmp6_input
                0x00008898       0x3c contiki-srf06-cc26xx.a(uip-icmp6.o)
                0x00008898                uip_icmp6_input
 .text.uip_icmp6_register_input_handler
                0x000088d4        0xc contiki-srf06-cc26xx.a(uip-icmp6.o)
                0x000088d4                uip_icmp6_register_input_handler
 .text.uip_icmp6_error_output
                0x000088e0      0x24c contiki-srf06-cc26xx.a(uip-icmp6.o)
                0x000088e0                uip_icmp6_error_output
 .text.uip_icmp6_echo_reply_callback_add
                0x00008b2c       0x14 contiki-srf06-cc26xx.a(uip-icmp6.o)
                0x00008b2c                uip_icmp6_echo_reply_callback_add
 .text.uip_icmp6_init
                0x00008b40       0x24 contiki-srf06-cc26xx.a(uip-icmp6.o)
                0x00008b40                uip_icmp6_init
 .text.ra_input
                0x00008b64      0x4d0 contiki-srf06-cc26xx.a(uip-nd6.o)
                0x00008b64                ra_input
 .text.na_input
                0x00009034      0x20c contiki-srf06-cc26xx.a(uip-nd6.o)
 .text.ns_input
                0x00009240      0x3b8 contiki-srf06-cc26xx.a(uip-nd6.o)
 .text.uip_nd6_ns_output
                0x000095f8      0x1a4 contiki-srf06-cc26xx.a(uip-nd6.o)
                0x000095f8                uip_nd6_ns_output
 .text.uip_nd6_rs_output
                0x0000979c      0x104 contiki-srf06-cc26xx.a(uip-nd6.o)
                0x0000979c                uip_nd6_rs_output
 .text.uip_nd6_init
                0x000098a0       0x24 contiki-srf06-cc26xx.a(uip-nd6.o)
                0x000098a0                uip_nd6_init
 .text.chksum   0x000098c4       0x50 contiki-srf06-cc26xx.a(uip6.o)
 .text.upper_layer_chksum
                0x00009914       0x58 contiki-srf06-cc26xx.a(uip6.o)
 .text.ext_hdr_options_process
                0x0000996c       0xac contiki-srf06-cc26xx.a(uip6.o)
 .text.uip_add32
                0x00009a18       0x58 contiki-srf06-cc26xx.a(uip6.o)
                0x00009a18                uip_add32
 .text.unlikely.uip_add_rcv_nxt
                0x00009a70       0x2c contiki-srf06-cc26xx.a(uip6.o)
 .text.uip_icmp6chksum
                0x00009a9c        0x8 contiki-srf06-cc26xx.a(uip6.o)
                0x00009a9c                uip_icmp6chksum
 .text.uip_init
                0x00009aa4       0x5c contiki-srf06-cc26xx.a(uip6.o)
                0x00009aa4                uip_init
 .text.remove_ext_hdr
                0x00009b00       0x54 contiki-srf06-cc26xx.a(uip6.o)
                0x00009b00                remove_ext_hdr
 .text.uip_udp_new
                0x00009b54       0x90 contiki-srf06-cc26xx.a(uip6.o)
                0x00009b54                uip_udp_new
 .text.uip_unlisten
                0x00009be4       0x28 contiki-srf06-cc26xx.a(uip6.o)
                0x00009be4                uip_unlisten
 .text.uip_process
                0x00009c0c      0xf10 contiki-srf06-cc26xx.a(uip6.o)
                0x00009c0c                uip_process
 .text.uip_htons
                0x0000ab1c        0x8 contiki-srf06-cc26xx.a(uip6.o)
                0x0000ab1c                uip_htons
 .text.uip_htonl
                0x0000ab24       0x18 contiki-srf06-cc26xx.a(uip6.o)
                0x0000ab24                uip_htonl
 .text.mdns_write_announce_records
                0x0000ab3c       0xf4 contiki-srf06-cc26xx.a(resolv.o)
 .text.mdns_prep_host_announce_packet
                0x0000ac30       0xbc contiki-srf06-cc26xx.a(resolv.o)
 .text.dns_name_isequal
                0x0000acec       0xb4 contiki-srf06-cc26xx.a(resolv.o)
 .text.remove_trailing_dots
                0x0000ada0       0x44 contiki-srf06-cc26xx.a(resolv.o)
 .text.resolv_found
                0x0000ade4       0xf0 contiki-srf06-cc26xx.a(resolv.o)
 .text.resolv_set_hostname
                0x0000aed4       0x60 contiki-srf06-cc26xx.a(resolv.o)
                0x0000aed4                resolv_set_hostname
 .text.process_thread_resolv_process
                0x0000af34      0x800 contiki-srf06-cc26xx.a(resolv.o)
 .text.resolv_query
                0x0000b734      0x144 contiki-srf06-cc26xx.a(resolv.o)
                0x0000b734                resolv_query
 .text.process_thread_mdns_probe_process
                0x0000b878       0xac contiki-srf06-cc26xx.a(resolv.o)
 .text.resolv_lookup
                0x0000b924       0x78 contiki-srf06-cc26xx.a(resolv.o)
                0x0000b924                resolv_lookup
 .text.start_periodic_tcp_timer
                0x0000b99c       0x1c contiki-srf06-cc26xx.a(tcpip.o)
 .text.tcpip_set_outputfunc
                0x0000b9b8        0xc contiki-srf06-cc26xx.a(tcpip.o)
                0x0000b9b8                tcpip_set_outputfunc
 .text.udp_new  0x0000b9c4       0x18 contiki-srf06-cc26xx.a(tcpip.o)
                0x0000b9c4                udp_new
 .text.tcpip_icmp6_call
                0x0000b9dc       0x28 contiki-srf06-cc26xx.a(tcpip.o)
                0x0000b9dc                tcpip_icmp6_call
 .text.tcpip_input
                0x0000ba04       0x24 contiki-srf06-cc26xx.a(tcpip.o)
                0x0000ba04                tcpip_input
 .text.tcpip_ipv6_output
                0x0000ba28      0x130 contiki-srf06-cc26xx.a(tcpip.o)
                0x0000ba28                tcpip_ipv6_output
 .text.process_thread_tcpip_process
                0x0000bb58      0x1e4 contiki-srf06-cc26xx.a(tcpip.o)
 .text.tcpip_poll_udp
                0x0000bd3c       0x10 contiki-srf06-cc26xx.a(tcpip.o)
                0x0000bd3c                tcpip_poll_udp
 .text.tcpip_uipcall
                0x0000bd4c       0x70 contiki-srf06-cc26xx.a(tcpip.o)
                0x0000bd4c                tcpip_uipcall
 .text.uip_debug_ipaddr_print
                0x0000bdbc       0xb0 contiki-srf06-cc26xx.a(uip-debug.o)
                0x0000bdbc                uip_debug_ipaddr_print
 .text.uip_nameserver_get
                0x0000be6c       0x10 contiki-srf06-cc26xx.a(uip-nameserver.)
                0x0000be6c                uip_nameserver_get
 .text.uip_udp_packet_send
                0x0000be7c       0x40 contiki-srf06-cc26xx.a(uip-udp-packet.)
                0x0000be7c                uip_udp_packet_send
 .text.uip_udp_packet_sendto
                0x0000bebc       0x48 contiki-srf06-cc26xx.a(uip-udp-packet.)
                0x0000bebc                uip_udp_packet_sendto
 .text.uiplib_ip6addrconv
                0x0000bf04       0xd0 contiki-srf06-cc26xx.a(uiplib.o)
                0x0000bf04                uiplib_ip6addrconv
 .text.SafeHapiVoid
                0x0000bfd4       0x2c contiki-srf06-cc26xx.a(adi.o)
                0x0000bfd4                SafeHapiVoid
 .text.NOROM_AONRTCCurrentCompareValueGet
                0x0000c000       0x24 contiki-srf06-cc26xx.a(aon_rtc.o)
                0x0000c000                NOROM_AONRTCCurrentCompareValueGet
 .text.NOROM_ChipInfo_GetSupportedProtocol_BV
                0x0000c024       0x10 contiki-srf06-cc26xx.a(chipinfo.o)
                0x0000c024                NOROM_ChipInfo_GetSupportedProtocol_BV
 .text.NOROM_ChipInfo_GetChipFamily
                0x0000c034       0x4c contiki-srf06-cc26xx.a(chipinfo.o)
                0x0000c034                NOROM_ChipInfo_GetChipFamily
 .text.NOROM_ChipInfo_GetChipType
                0x0000c080       0x50 contiki-srf06-cc26xx.a(chipinfo.o)
                0x0000c080                NOROM_ChipInfo_GetChipType
 .text.NOROM_ChipInfo_GetHwRevision
                0x0000c0d0       0x6c contiki-srf06-cc26xx.a(chipinfo.o)
                0x0000c0d0                NOROM_ChipInfo_GetHwRevision
 .text.NOROM_ThisCodeIsBuiltForCC26xxHwRev22AndLater_HaltIfViolated
                0x0000c13c       0x14 contiki-srf06-cc26xx.a(chipinfo.o)
                0x0000c13c                NOROM_ThisCodeIsBuiltForCC26xxHwRev22AndLater_HaltIfViolated
 .text.NOROM_CPUcpsid
                0x0000c150        0x8 contiki-srf06-cc26xx.a(cpu.o)
                0x0000c150                NOROM_CPUcpsid
 .text.NOROM_CPUcpsie
                0x0000c158        0x8 contiki-srf06-cc26xx.a(cpu.o)
                0x0000c158                NOROM_CPUcpsie
 .text.NOROM_CPUdelay
                0x0000c160        0x8 contiki-srf06-cc26xx.a(cpu.o)
                0x0000c160                NOROM_CPUdelay
 .text.NOROM_DDI32RegWrite
                0x0000c168       0x34 contiki-srf06-cc26xx.a(ddi.o)
                0x0000c168                NOROM_DDI32RegWrite
 .text.NOROM_DDI16BitfieldWrite
                0x0000c19c       0x4c contiki-srf06-cc26xx.a(ddi.o)
                0x0000c19c                NOROM_DDI16BitfieldWrite
 .text.NOROM_DDI16BitfieldRead
                0x0000c1e8       0x4c contiki-srf06-cc26xx.a(ddi.o)
                0x0000c1e8                NOROM_DDI16BitfieldRead
 .text.NOROM_OSCClockSourceSet
                0x0000c234       0x50 contiki-srf06-cc26xx.a(osc.o)
                0x0000c234                NOROM_OSCClockSourceSet
 .text.NOROM_OSCClockSourceGet
                0x0000c284       0x20 contiki-srf06-cc26xx.a(osc.o)
                0x0000c284                NOROM_OSCClockSourceGet
 .text.NOROM_PowerCtrlSourceSet
                0x0000c2a4       0x30 contiki-srf06-cc26xx.a(pwr_ctrl.o)
                0x0000c2a4                NOROM_PowerCtrlSourceSet
 .text.TrimAfterColdResetWakeupFromShutDown
                0x0000c2d4       0xe4 contiki-srf06-cc26xx.a(setup.o)
 .text.NOROM_SetupTrimDevice
                0x0000c3b8       0xa4 contiki-srf06-cc26xx.a(setup.o)
                0x0000c3b8                NOROM_SetupTrimDevice
 .text.NOROM_SetupGetTrimForXoscHfCtl.part.3
                0x0000c45c       0x20 contiki-srf06-cc26xx.a(setup_rom.o)
 .text.NOROM_SetupGetTrimForRadcExtCfg.part.4
                0x0000c47c       0x1c contiki-srf06-cc26xx.a(setup_rom.o)
 .text.NOROM_SetupAfterColdResetWakeupFromShutDownCfg1
                0x0000c498       0x7c contiki-srf06-cc26xx.a(setup_rom.o)
                0x0000c498                NOROM_SetupAfterColdResetWakeupFromShutDownCfg1
 .text.NOROM_SetupAfterColdResetWakeupFromShutDownCfg3
                0x0000c514      0x1a0 contiki-srf06-cc26xx.a(setup_rom.o)
                0x0000c514                NOROM_SetupAfterColdResetWakeupFromShutDownCfg3
 .text.NOROM_SetupGetTrimForAnabypassValue1
                0x0000c6b4       0x64 contiki-srf06-cc26xx.a(setup_rom.o)
                0x0000c6b4                NOROM_SetupGetTrimForAnabypassValue1
 .text.NOROM_SetupGetTrimForAmpcompCtrl
                0x0000c718       0x74 contiki-srf06-cc26xx.a(setup_rom.o)
                0x0000c718                NOROM_SetupGetTrimForAmpcompCtrl
 .text.NOROM_SetupAfterColdResetWakeupFromShutDownCfg2
                0x0000c78c      0x194 contiki-srf06-cc26xx.a(setup_rom.o)
                0x0000c78c                NOROM_SetupAfterColdResetWakeupFromShutDownCfg2
 .text.NOROM_SetupSetCacheModeAccordingToCcfgSetting
                0x0000c920       0x68 contiki-srf06-cc26xx.a(setup_rom.o)
                0x0000c920                NOROM_SetupSetCacheModeAccordingToCcfgSetting
 .text.NOROM_SysCtrlSetRechargeBeforePowerDown
                0x0000c988      0x264 contiki-srf06-cc26xx.a(sys_ctrl.o)
                0x0000c988                NOROM_SysCtrlSetRechargeBeforePowerDown
 .text.NOROM_SysCtrlAdjustRechargeAfterPowerDown
                0x0000cbec       0x70 contiki-srf06-cc26xx.a(sys_ctrl.o)
                0x0000cbec                NOROM_SysCtrlAdjustRechargeAfterPowerDown
 .text.NOROM_SysCtrl_DCDC_VoltageConditionalControl
                0x0000cc5c       0x7c contiki-srf06-cc26xx.a(sys_ctrl.o)
                0x0000cc5c                NOROM_SysCtrl_DCDC_VoltageConditionalControl
 .text.NOROM_TRNGConfigure
                0x0000ccd8       0x38 contiki-srf06-cc26xx.a(trng.o)
                0x0000ccd8                NOROM_TRNGConfigure
 .text.periodic
                0x0000cd10       0x2c contiki-srf06-cc26xx.a(link-stats.o)
 .text.link_stats_packet_sent
                0x0000cd3c       0xcc contiki-srf06-cc26xx.a(link-stats.o)
                0x0000cd3c                link_stats_packet_sent
 .text.link_stats_input_callback
                0x0000ce08       0x5c contiki-srf06-cc26xx.a(link-stats.o)
                0x0000ce08                link_stats_input_callback
 .text.link_stats_init
                0x0000ce64       0x28 contiki-srf06-cc26xx.a(link-stats.o)
                0x0000ce64                link_stats_init
 .text.linkaddr_copy
                0x0000ce8c        0xc contiki-srf06-cc26xx.a(linkaddr.o)
                0x0000ce8c                linkaddr_copy
 .text.linkaddr_cmp
                0x0000ce98       0x10 contiki-srf06-cc26xx.a(linkaddr.o)
                0x0000ce98                linkaddr_cmp
 .text.index_from_lladdr
                0x0000cea8       0x50 contiki-srf06-cc26xx.a(nbr-table.o)
 .text.remove_key
                0x0000cef8       0x9c contiki-srf06-cc26xx.a(nbr-table.o)
 .text.nbr_table_register
                0x0000cf94       0x2c contiki-srf06-cc26xx.a(nbr-table.o)
                0x0000cf94                nbr_table_register
 .text.nbr_table_next
                0x0000cfc0       0x7c contiki-srf06-cc26xx.a(nbr-table.o)
                0x0000cfc0                nbr_table_next
 .text.nbr_table_head
                0x0000d03c       0x70 contiki-srf06-cc26xx.a(nbr-table.o)
                0x0000d03c                nbr_table_head
 .text.nbr_table_add_lladdr
                0x0000d0ac      0x11c contiki-srf06-cc26xx.a(nbr-table.o)
                0x0000d0ac                nbr_table_add_lladdr
 .text.nbr_table_get_from_lladdr
                0x0000d1c8       0x44 contiki-srf06-cc26xx.a(nbr-table.o)
                0x0000d1c8                nbr_table_get_from_lladdr
 .text.nbr_table_remove
                0x0000d20c       0x5c contiki-srf06-cc26xx.a(nbr-table.o)
                0x0000d20c                nbr_table_remove
 .text.nbr_table_get_lladdr
                0x0000d268       0x30 contiki-srf06-cc26xx.a(nbr-table.o)
                0x0000d268                nbr_table_get_lladdr
 .text.nbr_table_update_lladdr
                0x0000d298       0x54 contiki-srf06-cc26xx.a(nbr-table.o)
                0x0000d298                nbr_table_update_lladdr
 .text.netstack_init
                0x0000d2ec       0x38 contiki-srf06-cc26xx.a(netstack.o)
                0x0000d2ec                netstack_init
 .text.packetbuf_copyto
                0x0000d324       0x50 contiki-srf06-cc26xx.a(packetbuf.o)
                0x0000d324                packetbuf_copyto
 .text.packetbuf_hdralloc
                0x0000d374       0x54 contiki-srf06-cc26xx.a(packetbuf.o)
                0x0000d374                packetbuf_hdralloc
 .text.packetbuf_hdrreduce
                0x0000d3c8       0x2c contiki-srf06-cc26xx.a(packetbuf.o)
                0x0000d3c8                packetbuf_hdrreduce
 .text.packetbuf_set_datalen
                0x0000d3f4        0xc contiki-srf06-cc26xx.a(packetbuf.o)
                0x0000d3f4                packetbuf_set_datalen
 .text.packetbuf_dataptr
                0x0000d400       0x20 contiki-srf06-cc26xx.a(packetbuf.o)
                0x0000d400                packetbuf_dataptr
 .text.packetbuf_hdrptr
                0x0000d420        0x8 contiki-srf06-cc26xx.a(packetbuf.o)
                0x0000d420                packetbuf_hdrptr
 .text.packetbuf_datalen
                0x0000d428        0xc contiki-srf06-cc26xx.a(packetbuf.o)
                0x0000d428                packetbuf_datalen
 .text.packetbuf_totlen
                0x0000d434       0x24 contiki-srf06-cc26xx.a(packetbuf.o)
                0x0000d434                packetbuf_totlen
 .text.packetbuf_attr_clear
                0x0000d458       0x34 contiki-srf06-cc26xx.a(packetbuf.o)
                0x0000d458                packetbuf_attr_clear
 .text.packetbuf_clear
                0x0000d48c       0x20 contiki-srf06-cc26xx.a(packetbuf.o)
                0x0000d48c                packetbuf_clear
 .text.packetbuf_copyfrom
                0x0000d4ac       0x40 contiki-srf06-cc26xx.a(packetbuf.o)
                0x0000d4ac                packetbuf_copyfrom
 .text.packetbuf_attr_copyto
                0x0000d4ec       0x44 contiki-srf06-cc26xx.a(packetbuf.o)
                0x0000d4ec                packetbuf_attr_copyto
 .text.packetbuf_attr_copyfrom
                0x0000d530       0x44 contiki-srf06-cc26xx.a(packetbuf.o)
                0x0000d530                packetbuf_attr_copyfrom
 .text.packetbuf_set_attr
                0x0000d574       0x10 contiki-srf06-cc26xx.a(packetbuf.o)
                0x0000d574                packetbuf_set_attr
 .text.packetbuf_attr
                0x0000d584        0xc contiki-srf06-cc26xx.a(packetbuf.o)
                0x0000d584                packetbuf_attr
 .text.packetbuf_set_addr
                0x0000d590       0x18 contiki-srf06-cc26xx.a(packetbuf.o)
                0x0000d590                packetbuf_set_addr
 .text.packetbuf_addr
                0x0000d5a8       0x10 contiki-srf06-cc26xx.a(packetbuf.o)
                0x0000d5a8                packetbuf_addr
 .text.packetbuf_holds_broadcast
                0x0000d5b8       0x10 contiki-srf06-cc26xx.a(packetbuf.o)
                0x0000d5b8                packetbuf_holds_broadcast
 .text.queuebuf_init
                0x0000d5c8       0x1c contiki-srf06-cc26xx.a(queuebuf.o)
                0x0000d5c8                queuebuf_init
 .text.queuebuf_numfree
                0x0000d5e4        0xc contiki-srf06-cc26xx.a(queuebuf.o)
                0x0000d5e4                queuebuf_numfree
 .text.queuebuf_new_from_packetbuf
                0x0000d5f0       0x48 contiki-srf06-cc26xx.a(queuebuf.o)
                0x0000d5f0                queuebuf_new_from_packetbuf
 .text.queuebuf_free
                0x0000d638       0x2c contiki-srf06-cc26xx.a(queuebuf.o)
                0x0000d638                queuebuf_free
 .text.queuebuf_to_packetbuf
                0x0000d664       0x30 contiki-srf06-cc26xx.a(queuebuf.o)
                0x0000d664                queuebuf_to_packetbuf
 .text.parse    0x0000d694       0xa0 contiki-srf06-cc26xx.a(framer-802154.o)
 .text.create_frame.isra.0
                0x0000d734      0x144 contiki-srf06-cc26xx.a(framer-802154.o)
 .text.create   0x0000d878        0x8 contiki-srf06-cc26xx.a(framer-802154.o)
 .text.hdr_length
                0x0000d880        0x8 contiki-srf06-cc26xx.a(framer-802154.o)
 .text.send_packet
                0x0000d888        0xc contiki-srf06-cc26xx.a(nullmac.o)
 .text.packet_input
                0x0000d894        0xc contiki-srf06-cc26xx.a(nullmac.o)
 .text.on       0x0000d8a0        0xc contiki-srf06-cc26xx.a(nullmac.o)
 .text.off      0x0000d8ac        0xc contiki-srf06-cc26xx.a(nullmac.o)
 .text.channel_check_interval
                0x0000d8b8        0x4 contiki-srf06-cc26xx.a(nullmac.o)
 .text.init     0x0000d8bc        0x4 contiki-srf06-cc26xx.a(nullmac.o)
 .text.on       0x0000d8c0        0xc contiki-srf06-cc26xx.a(nullrdc.o)
 .text.channel_check_interval
                0x0000d8cc        0x4 contiki-srf06-cc26xx.a(nullrdc.o)
 .text.init     0x0000d8d0        0xc contiki-srf06-cc26xx.a(nullrdc.o)
 .text.send_one_packet
                0x0000d8dc      0x118 contiki-srf06-cc26xx.a(nullrdc.o)
 .text.send_list
                0x0000d9f4       0x28 contiki-srf06-cc26xx.a(nullrdc.o)
 .text.send_packet
                0x0000da1c        0x4 contiki-srf06-cc26xx.a(nullrdc.o)
 .text.off      0x0000da20       0x1c contiki-srf06-cc26xx.a(nullrdc.o)
 .text.packet_input
                0x0000da3c       0x54 contiki-srf06-cc26xx.a(nullrdc.o)
 .text.init     0x0000da90        0x4 contiki-srf06-cc26xx.a(nullsec.o)
 .text.input    0x0000da94        0xc contiki-srf06-cc26xx.a(nullsec.o)
 .text.send     0x0000daa0       0x20 contiki-srf06-cc26xx.a(nullsec.o)
 .text.sensor_common_read_reg
                0x0000dac0       0x1c contiki-srf06-cc26xx.a(sensor-common.o)
                0x0000dac0                sensor_common_read_reg
 .text.sensor_common_write_reg
                0x0000dadc       0x38 contiki-srf06-cc26xx.a(sensor-common.o)
                0x0000dadc                sensor_common_write_reg
 .text.sensor_common_set_error_data
                0x0000db14       0x10 contiki-srf06-cc26xx.a(sensor-common.o)
                0x0000db14                sensor_common_set_error_data
 .text.verify_part
                0x0000db24       0x80 contiki-srf06-cc26xx.a(ext-flash.o)
 .text.wait_ready
                0x0000dba4       0x64 contiki-srf06-cc26xx.a(ext-flash.o)
 .text.power_down
                0x0000dc08       0x50 contiki-srf06-cc26xx.a(ext-flash.o)
 .text.ext_flash_open
                0x0000dc58       0x60 contiki-srf06-cc26xx.a(ext-flash.o)
                0x0000dc58                ext_flash_open
 .text.ext_flash_init
                0x0000dcb8       0x14 contiki-srf06-cc26xx.a(ext-flash.o)
                0x0000dcb8                ext_flash_init
 .text.buzzer_init
                0x0000dccc        0xc contiki-srf06-cc26xx.a(buzzer.o)
                0x0000dccc                buzzer_init
 .text.buzzer_stop
                0x0000dcd8       0x74 contiki-srf06-cc26xx.a(buzzer.o)
                0x0000dcd8                buzzer_stop
 .text.accessible
                0x0000dd4c       0x24 contiki-srf06-cc26xx.a(board-spi.o)
 .text.board_spi_write
                0x0000dd70       0x3c contiki-srf06-cc26xx.a(board-spi.o)
                0x0000dd70                board_spi_write
 .text.board_spi_read
                0x0000ddac       0x48 contiki-srf06-cc26xx.a(board-spi.o)
                0x0000ddac                board_spi_read
 .text.board_spi_flush
                0x0000ddf4       0x24 contiki-srf06-cc26xx.a(board-spi.o)
                0x0000ddf4                board_spi_flush
 .text.board_spi_open
                0x0000de18       0xbc contiki-srf06-cc26xx.a(board-spi.o)
                0x0000de18                board_spi_open
 .text.board_spi_close
                0x0000ded4       0x70 contiki-srf06-cc26xx.a(board-spi.o)
                0x0000ded4                board_spi_close
 .text.aux_ctrl_power_up
                0x0000df44       0x28 contiki-srf06-cc26xx.a(aux-ctrl.o)
                0x0000df44                aux_ctrl_power_up
 .text.aux_ctrl_register_consumer
                0x0000df6c       0x40 contiki-srf06-cc26xx.a(aux-ctrl.o)
                0x0000df6c                aux_ctrl_register_consumer
 .text.aux_ctrl_power_down
                0x0000dfac       0x6c contiki-srf06-cc26xx.a(aux-ctrl.o)
                0x0000dfac                aux_ctrl_power_down
 .text.aux_ctrl_unregister_consumer
                0x0000e018       0x28 contiki-srf06-cc26xx.a(aux-ctrl.o)
                0x0000e018                aux_ctrl_unregister_consumer
 .text.process_thread_rf_core_process
                0x0000e040       0x58 contiki-srf06-cc26xx.a(rf-core.o)
 .text.rf_core_is_accessible
                0x0000e098       0x10 contiki-srf06-cc26xx.a(rf-core.o)
                0x0000e098                rf_core_is_accessible
 .text.rf_core_send_cmd
                0x0000e0a8       0x94 contiki-srf06-cc26xx.a(rf-core.o)
                0x0000e0a8                rf_core_send_cmd
 .text.rf_core_wait_cmd_done
                0x0000e13c       0x30 contiki-srf06-cc26xx.a(rf-core.o)
                0x0000e13c                rf_core_wait_cmd_done
 .text.rf_core_power_up
                0x0000e16c       0xcc contiki-srf06-cc26xx.a(rf-core.o)
                0x0000e16c                rf_core_power_up
 .text.rf_core_start_rat
                0x0000e238       0x68 contiki-srf06-cc26xx.a(rf-core.o)
                0x0000e238                rf_core_start_rat
 .text.rf_core_stop_rat
                0x0000e2a0       0x7c contiki-srf06-cc26xx.a(rf-core.o)
                0x0000e2a0                rf_core_stop_rat
 .text.rf_core_power_down
                0x0000e31c       0xec contiki-srf06-cc26xx.a(rf-core.o)
                0x0000e31c                rf_core_power_down
 .text.rf_core_set_modesel
                0x0000e408       0x44 contiki-srf06-cc26xx.a(rf-core.o)
                0x0000e408                rf_core_set_modesel
 .text.rf_core_boot
                0x0000e44c       0x1c contiki-srf06-cc26xx.a(rf-core.o)
                0x0000e44c                rf_core_boot
 .text.rf_core_restart_rat
                0x0000e468       0x18 contiki-srf06-cc26xx.a(rf-core.o)
                0x0000e468                rf_core_restart_rat
 .text.rf_core_setup_interrupts
                0x0000e480       0x74 contiki-srf06-cc26xx.a(rf-core.o)
                0x0000e480                rf_core_setup_interrupts
 .text.rf_core_cmd_done_en
                0x0000e4f4       0x28 contiki-srf06-cc26xx.a(rf-core.o)
                0x0000e4f4                rf_core_cmd_done_en
 .text.rf_core_cmd_done_dis
                0x0000e51c       0x18 contiki-srf06-cc26xx.a(rf-core.o)
                0x0000e51c                rf_core_cmd_done_dis
 .text.rf_core_get_last_radio_op
                0x0000e534        0xc contiki-srf06-cc26xx.a(rf-core.o)
                0x0000e534                rf_core_get_last_radio_op
 .text.rf_core_init_radio_op
                0x0000e540       0x1c contiki-srf06-cc26xx.a(rf-core.o)
                0x0000e540                rf_core_init_radio_op
 .text.rf_core_primary_mode_register
                0x0000e55c        0xc contiki-srf06-cc26xx.a(rf-core.o)
                0x0000e55c                rf_core_primary_mode_register
 .text.RFCCPE1IntHandler
                0x0000e568       0x5c contiki-srf06-cc26xx.a(rf-core.o)
                0x0000e568                RFCCPE1IntHandler
 .text.RFCCPE0IntHandler
                0x0000e5c4       0x90 contiki-srf06-cc26xx.a(rf-core.o)
                0x0000e5c4                RFCCPE0IntHandler
 .text.rf_ble_is_active
                0x0000e654        0xc contiki-srf06-cc26xx.a(rf-ble.o)
                0x0000e654                rf_ble_is_active
 .text.stimer_set
                0x0000e660       0x10 contiki-srf06-cc26xx.a(stimer.o)
                0x0000e660                stimer_set
 .text.stimer_expired
                0x0000e670       0x20 contiki-srf06-cc26xx.a(stimer.o)
                0x0000e670                stimer_expired
 .text.stimer_remaining
                0x0000e690       0x10 contiki-srf06-cc26xx.a(stimer.o)
                0x0000e690                stimer_remaining
 .text.memb_init
                0x0000e6a0       0x24 contiki-srf06-cc26xx.a(memb.o)
                0x0000e6a0                memb_init
 .text.memb_alloc
                0x0000e6c4       0x3c contiki-srf06-cc26xx.a(memb.o)
                0x0000e6c4                memb_alloc
 .text.memb_free
                0x0000e700       0x3c contiki-srf06-cc26xx.a(memb.o)
                0x0000e700                memb_free
 .text.memb_inmemb
                0x0000e73c       0x1c contiki-srf06-cc26xx.a(memb.o)
                0x0000e73c                memb_inmemb
 .text.memb_numfree
                0x0000e758       0x1c contiki-srf06-cc26xx.a(memb.o)
                0x0000e758                memb_numfree
 .text.NOROM_AONBatMonTemperatureGetDegC
                0x0000e774       0x30 contiki-srf06-cc26xx.a(aon_batmon.o)
                0x0000e774                NOROM_AONBatMonTemperatureGetDegC
 .text.frame802154_get_pan_id
                0x0000e7a4        0xc contiki-srf06-cc26xx.a(frame802154.o)
                0x0000e7a4                frame802154_get_pan_id
 .text.frame802154_has_panid
                0x0000e7b0       0xac contiki-srf06-cc26xx.a(frame802154.o)
                0x0000e7b0                frame802154_has_panid
 .text.field_len
                0x0000e85c       0x88 contiki-srf06-cc26xx.a(frame802154.o)
 .text.frame802154_is_broadcast_addr
                0x0000e8e4       0x20 contiki-srf06-cc26xx.a(frame802154.o)
                0x0000e8e4                frame802154_is_broadcast_addr
 .text.frame802154_hdrlen
                0x0000e904       0x34 contiki-srf06-cc26xx.a(frame802154.o)
                0x0000e904                frame802154_hdrlen
 .text.frame802154_create_fcf
                0x0000e938       0x64 contiki-srf06-cc26xx.a(frame802154.o)
                0x0000e938                frame802154_create_fcf
 .text.frame802154_create
                0x0000e99c       0xbc contiki-srf06-cc26xx.a(frame802154.o)
                0x0000e99c                frame802154_create
 .text.frame802154_parse_fcf
                0x0000ea58       0x44 contiki-srf06-cc26xx.a(frame802154.o)
                0x0000ea58                frame802154_parse_fcf
 .text.frame802154_parse
                0x0000ea9c      0x138 contiki-srf06-cc26xx.a(frame802154.o)
                0x0000ea9c                frame802154_parse
 .text.mac_sequence_is_duplicate
                0x0000ebd4       0x4c contiki-srf06-cc26xx.a(mac-sequence.o)
                0x0000ebd4                mac_sequence_is_duplicate
 .text.mac_sequence_register_seqno
                0x0000ec20       0x74 contiki-srf06-cc26xx.a(mac-sequence.o)
                0x0000ec20                mac_sequence_register_seqno
 .text.mac_call_sent_callback
                0x0000ec94       0x18 contiki-srf06-cc26xx.a(mac.o)
                0x0000ec94                mac_call_sent_callback
 .text.exp2     0x0000ecac       0x10 e:/ice-semester-2/embedded_internet_lab/contiki/toolchain/tools/gcc-arm-none-eabi/bin/../lib/gcc/arm-none-eabi/5.4.1/../../../../arm-none-eabi/lib/armv7-m\libm.a(lib_a-w_exp2.o)
                0x0000ecac                exp2
 .text.pow      0x0000ecbc      0x330 e:/ice-semester-2/embedded_internet_lab/contiki/toolchain/tools/gcc-arm-none-eabi/bin/../lib/gcc/arm-none-eabi/5.4.1/../../../../arm-none-eabi/lib/armv7-m\libm.a(lib_a-w_pow.o)
                0x0000ecbc                pow
 .text.__ieee754_sqrt
                0x0000efec      0x188 e:/ice-semester-2/embedded_internet_lab/contiki/toolchain/tools/gcc-arm-none-eabi/bin/../lib/gcc/arm-none-eabi/5.4.1/../../../../arm-none-eabi/lib/armv7-m\libm.a(lib_a-e_sqrt.o)
                0x0000efec                __ieee754_sqrt
 .text.fabs     0x0000f174        0x8 e:/ice-semester-2/embedded_internet_lab/contiki/toolchain/tools/gcc-arm-none-eabi/bin/../lib/gcc/arm-none-eabi/5.4.1/../../../../arm-none-eabi/lib/armv7-m\libm.a(lib_a-s_fabs.o)
                0x0000f174                fabs
 .text.finite   0x0000f17c        0xc e:/ice-semester-2/embedded_internet_lab/contiki/toolchain/tools/gcc-arm-none-eabi/bin/../lib/gcc/arm-none-eabi/5.4.1/../../../../arm-none-eabi/lib/armv7-m\libm.a(lib_a-s_finite.o)
                0x0000f17c                finite
 .text.matherr  0x0000f188        0x4 e:/ice-semester-2/embedded_internet_lab/contiki/toolchain/tools/gcc-arm-none-eabi/bin/../lib/gcc/arm-none-eabi/5.4.1/../../../../arm-none-eabi/lib/armv7-m\libm.a(lib_a-s_matherr.o)
                0x0000f188                matherr
 .text.nan      0x0000f18c        0xc e:/ice-semester-2/embedded_internet_lab/contiki/toolchain/tools/gcc-arm-none-eabi/bin/../lib/gcc/arm-none-eabi/5.4.1/../../../../arm-none-eabi/lib/armv7-m\libm.a(lib_a-s_nan.o)
                0x0000f18c                nan
 .text.rint     0x0000f198      0x120 e:/ice-semester-2/embedded_internet_lab/contiki/toolchain/tools/gcc-arm-none-eabi/bin/../lib/gcc/arm-none-eabi/5.4.1/../../../../arm-none-eabi/lib/armv7-m\libm.a(lib_a-s_rint.o)
                0x0000f198                rint
 .text.copysign
                0x0000f2b8       0x10 e:/ice-semester-2/embedded_internet_lab/contiki/toolchain/tools/gcc-arm-none-eabi/bin/../lib/gcc/arm-none-eabi/5.4.1/../../../../arm-none-eabi/lib/armv7-m\libm.a(lib_a-s_copysign.o)
                0x0000f2b8                copysign
 .text          0x0000f2c8      0x370 e:/ice-semester-2/embedded_internet_lab/contiki/toolchain/tools/gcc-arm-none-eabi/bin/../lib/gcc/arm-none-eabi/5.4.1/armv7-m\libgcc.a(_arm_addsubdf3.o)
                0x0000f2c8                __aeabi_drsub
                0x0000f2d0                __aeabi_dsub
                0x0000f2d0                __subdf3
                0x0000f2d4                __aeabi_dadd
                0x0000f2d4                __adddf3
                0x0000f54c                __floatunsidf
                0x0000f54c                __aeabi_ui2d
                0x0000f56c                __floatsidf
                0x0000f56c                __aeabi_i2d
                0x0000f590                __aeabi_f2d
                0x0000f590                __extendsfdf2
                0x0000f5cc                __floatundidf
                0x0000f5cc                __aeabi_ul2d
                0x0000f5dc                __floatdidf
                0x0000f5dc                __aeabi_l2d
 .text          0x0000f638      0x424 e:/ice-semester-2/embedded_internet_lab/contiki/toolchain/tools/gcc-arm-none-eabi/bin/../lib/gcc/arm-none-eabi/5.4.1/armv7-m\libgcc.a(_arm_muldivdf3.o)
                0x0000f638                __aeabi_dmul
                0x0000f638                __muldf3
                0x0000f88c                __divdf3
                0x0000f88c                __aeabi_ddiv
 .text          0x0000fa5c      0x110 e:/ice-semester-2/embedded_internet_lab/contiki/toolchain/tools/gcc-arm-none-eabi/bin/../lib/gcc/arm-none-eabi/5.4.1/armv7-m\libgcc.a(_arm_cmpdf2.o)
                0x0000fa5c                __gtdf2
                0x0000fa5c                __gedf2
                0x0000fa64                __ltdf2
                0x0000fa64                __ledf2
                0x0000fa6c                __nedf2
                0x0000fa6c                __eqdf2
                0x0000fa6c                __cmpdf2
                0x0000fae8                __aeabi_cdrcmple
                0x0000faf8                __aeabi_cdcmpeq
                0x0000faf8                __aeabi_cdcmple
                0x0000fb08                __aeabi_dcmpeq
                0x0000fb1c                __aeabi_dcmplt
                0x0000fb30                __aeabi_dcmple
                0x0000fb44                __aeabi_dcmpge
                0x0000fb58                __aeabi_dcmpgt
 .text          0x0000fb6c       0x2c e:/ice-semester-2/embedded_internet_lab/contiki/toolchain/tools/gcc-arm-none-eabi/bin/../lib/gcc/arm-none-eabi/5.4.1/armv7-m\libgcc.a(_arm_unorddf2.o)
                0x0000fb6c                __unorddf2
                0x0000fb6c                __aeabi_dcmpun
 .text          0x0000fb98       0xa0 e:/ice-semester-2/embedded_internet_lab/contiki/toolchain/tools/gcc-arm-none-eabi/bin/../lib/gcc/arm-none-eabi/5.4.1/armv7-m\libgcc.a(_arm_truncdfsf2.o)
                0x0000fb98                __truncdfsf2
                0x0000fb98                __aeabi_d2f
 .text          0x0000fc38      0x21c e:/ice-semester-2/embedded_internet_lab/contiki/toolchain/tools/gcc-arm-none-eabi/bin/../lib/gcc/arm-none-eabi/5.4.1/armv7-m\libgcc.a(_arm_addsubsf3.o)
                0x0000fc38                __aeabi_frsub
                0x0000fc40                __subsf3
                0x0000fc40                __aeabi_fsub
                0x0000fc44                __aeabi_fadd
                0x0000fc44                __addsf3
                0x0000fda4                __aeabi_ui2f
                0x0000fda4                __floatunsisf
                0x0000fdac                __aeabi_i2f
                0x0000fdac                __floatsisf
                0x0000fdc8                __aeabi_ul2f
                0x0000fdc8                __floatundisf
                0x0000fdd8                __aeabi_l2f
                0x0000fdd8                __floatdisf
 .text          0x0000fe54      0x2a0 e:/ice-semester-2/embedded_internet_lab/contiki/toolchain/tools/gcc-arm-none-eabi/bin/../lib/gcc/arm-none-eabi/5.4.1/armv7-m\libgcc.a(_arm_muldivsf3.o)
                0x0000fe54                __mulsf3
                0x0000fe54                __aeabi_fmul
                0x0000ffbc                __aeabi_fdiv
                0x0000ffbc                __divsf3
 .text          0x000100f4       0x4c e:/ice-semester-2/embedded_internet_lab/contiki/toolchain/tools/gcc-arm-none-eabi/bin/../lib/gcc/arm-none-eabi/5.4.1/armv7-m\libgcc.a(_arm_fixsfsi.o)
                0x000100f4                __aeabi_f2iz
                0x000100f4                __fixsfsi
 .text          0x00010140       0x30 e:/ice-semester-2/embedded_internet_lab/contiki/toolchain/tools/gcc-arm-none-eabi/bin/../lib/gcc/arm-none-eabi/5.4.1/armv7-m\libgcc.a(_aeabi_uldivmod.o)
                0x00010140                __aeabi_uldivmod
 .text          0x00010170      0x2ec e:/ice-semester-2/embedded_internet_lab/contiki/toolchain/tools/gcc-arm-none-eabi/bin/../lib/gcc/arm-none-eabi/5.4.1/armv7-m\libgcc.a(_udivmoddi4.o)
                0x00010170                __udivmoddi4
 .text          0x0001045c        0x4 e:/ice-semester-2/embedded_internet_lab/contiki/toolchain/tools/gcc-arm-none-eabi/bin/../lib/gcc/arm-none-eabi/5.4.1/armv7-m\libgcc.a(_dvmd_tls.o)
                0x0001045c                __aeabi_idiv0
                0x0001045c                __aeabi_ldiv0
 .text.__errno  0x00010460        0xc e:/ice-semester-2/embedded_internet_lab/contiki/toolchain/tools/gcc-arm-none-eabi/bin/../lib/gcc/arm-none-eabi/5.4.1/../../../../arm-none-eabi/lib/armv7-m\libc.a(lib_a-errno.o)
                0x00010460                __errno
 .text.__get_current_locale
                0x0001046c       0x18 e:/ice-semester-2/embedded_internet_lab/contiki/toolchain/tools/gcc-arm-none-eabi/bin/../lib/gcc/arm-none-eabi/5.4.1/../../../../arm-none-eabi/lib/armv7-m\libc.a(lib_a-locale.o)
 .text.__locale_ctype_ptr
                0x00010484       0x14 e:/ice-semester-2/embedded_internet_lab/contiki/toolchain/tools/gcc-arm-none-eabi/bin/../lib/gcc/arm-none-eabi/5.4.1/../../../../arm-none-eabi/lib/armv7-m\libc.a(lib_a-locale.o)
                0x00010484                __locale_ctype_ptr
 .text.__ascii_mbtowc
                0x00010498       0x2c e:/ice-semester-2/embedded_internet_lab/contiki/toolchain/tools/gcc-arm-none-eabi/bin/../lib/gcc/arm-none-eabi/5.4.1/../../../../arm-none-eabi/lib/armv7-m\libc.a(lib_a-mbtowc_r.o)
                0x00010498                __ascii_mbtowc
 .text.memcmp   0x000104c4       0x64 e:/ice-semester-2/embedded_internet_lab/contiki/toolchain/tools/gcc-arm-none-eabi/bin/../lib/gcc/arm-none-eabi/5.4.1/../../../../arm-none-eabi/lib/armv7-m\libc.a(lib_a-memcmp.o)
                0x000104c4                memcmp
 .text          0x00010528       0xec e:/ice-semester-2/embedded_internet_lab/contiki/toolchain/tools/gcc-arm-none-eabi/bin/../lib/gcc/arm-none-eabi/5.4.1/../../../../arm-none-eabi/lib/armv7-m\libc.a(lib_a-memcpy.o)
                0x00010528                memcpy
 .text.memmove  0x00010614       0xc8 e:/ice-semester-2/embedded_internet_lab/contiki/toolchain/tools/gcc-arm-none-eabi/bin/../lib/gcc/arm-none-eabi/5.4.1/../../../../arm-none-eabi/lib/armv7-m\libc.a(lib_a-memmove.o)
                0x00010614                memmove
 .text.memset   0x000106dc       0x9c e:/ice-semester-2/embedded_internet_lab/contiki/toolchain/tools/gcc-arm-none-eabi/bin/../lib/gcc/arm-none-eabi/5.4.1/../../../../arm-none-eabi/lib/armv7-m\libc.a(lib_a-memset.o)
                0x000106dc                memset
 .text.strcasecmp
                0x00010778       0x44 e:/ice-semester-2/embedded_internet_lab/contiki/toolchain/tools/gcc-arm-none-eabi/bin/../lib/gcc/arm-none-eabi/5.4.1/../../../../arm-none-eabi/lib/armv7-m\libc.a(lib_a-strcasecmp.o)
                0x00010778                strcasecmp
 .text          0x000107bc      0x1bc e:/ice-semester-2/embedded_internet_lab/contiki/toolchain/tools/gcc-arm-none-eabi/bin/../lib/gcc/arm-none-eabi/5.4.1/../../../../arm-none-eabi/lib/armv7-m\libc.a(lib_a-strcmp.o)
                0x000107bc                strcmp
 .text.strlen   0x00010978       0x5c e:/ice-semester-2/embedded_internet_lab/contiki/toolchain/tools/gcc-arm-none-eabi/bin/../lib/gcc/arm-none-eabi/5.4.1/../../../../arm-none-eabi/lib/armv7-m\libc.a(lib_a-strlen-stub.o)
                0x00010978                strlen
 .text.strncasecmp
                0x000109d4       0x64 e:/ice-semester-2/embedded_internet_lab/contiki/toolchain/tools/gcc-arm-none-eabi/bin/../lib/gcc/arm-none-eabi/5.4.1/../../../../arm-none-eabi/lib/armv7-m\libc.a(lib_a-strncasecmp.o)
                0x000109d4                strncasecmp
 .text.strncat  0x00010a38       0x5c e:/ice-semester-2/embedded_internet_lab/contiki/toolchain/tools/gcc-arm-none-eabi/bin/../lib/gcc/arm-none-eabi/5.4.1/../../../../arm-none-eabi/lib/armv7-m\libc.a(lib_a-strncat.o)
                0x00010a38                strncat
 .text.strncpy  0x00010a94       0x68 e:/ice-semester-2/embedded_internet_lab/contiki/toolchain/tools/gcc-arm-none-eabi/bin/../lib/gcc/arm-none-eabi/5.4.1/../../../../arm-none-eabi/lib/armv7-m\libc.a(lib_a-strncpy.o)
                0x00010a94                strncpy
 .text.__ascii_wctomb
                0x00010afc       0x1c e:/ice-semester-2/embedded_internet_lab/contiki/toolchain/tools/gcc-arm-none-eabi/bin/../lib/gcc/arm-none-eabi/5.4.1/../../../../arm-none-eabi/lib/armv7-m\libc.a(lib_a-wctomb_r.o)
                0x00010afc                __ascii_wctomb
 *(SORT(.rodata*))
 .rodata.TWO52  0x00010b18       0x10 e:/ice-semester-2/embedded_internet_lab/contiki/toolchain/tools/gcc-arm-none-eabi/bin/../lib/gcc/arm-none-eabi/5.4.1/../../../../arm-none-eabi/lib/armv7-m\libm.a(lib_a-s_rint.o)
 .rodata.str1.4
                0x00010b28      0x3ed IPCOM.co
                                0x3fd (size before relaxing)
 *fill*         0x00010f15        0x3 00000000
 .rodata.autostart_processes
                0x00010f18       0x14 IPCOM.co
                0x00010f18                autostart_processes
 .rodata.str1.4
                0x00010f2c       0xf2 contiki-srf06-cc26xx.a(contiki-main.o)
 *fill*         0x0001101e        0x2 00000000
 .rodata.str1.4
                0x00011020        0x8 contiki-srf06-cc26xx.a(sensors.o)
 .rodata.str1.4
                0x00011028        0x7 contiki-srf06-cc26xx.a(bmp-280-sensor.)
 *fill*         0x0001102f        0x1 00000000
 .rodata.bmp_280_sensor
                0x00011030       0x10 contiki-srf06-cc26xx.a(bmp-280-sensor.)
                0x00011030                bmp_280_sensor
 .rodata.tmp_007_sensor
                0x00011040       0x10 contiki-srf06-cc26xx.a(tmp-007-sensor.)
                0x00011040                tmp_007_sensor
 .rodata.str1.4
                0x00011050        0x7 contiki-srf06-cc26xx.a(tmp-007-sensor.)
 *fill*         0x00011057        0x1 00000000
 .rodata.str1.4
                0x00011058        0x8 contiki-srf06-cc26xx.a(opt-3001-sensor)
 .rodata.opt_3001_sensor
                0x00011060       0x10 contiki-srf06-cc26xx.a(opt-3001-sensor)
                0x00011060                opt_3001_sensor
 .rodata.hdc_1000_sensor
                0x00011070       0x10 contiki-srf06-cc26xx.a(hdc-1000-sensor)
                0x00011070                hdc_1000_sensor
 .rodata.str1.4
                0x00011080        0x8 contiki-srf06-cc26xx.a(hdc-1000-sensor)
 .rodata.mpu_9250_sensor
                0x00011088       0x10 contiki-srf06-cc26xx.a(mpu-9250-sensor)
                0x00011088                mpu_9250_sensor
 .rodata.str1.4
                0x00011098        0x8 contiki-srf06-cc26xx.a(mpu-9250-sensor)
 .rodata.button_left_sensor
                0x000110a0       0x10 contiki-srf06-cc26xx.a(button-sensor.o)
                0x000110a0                button_left_sensor
 .rodata.str1.4
                0x000110b0        0x7 contiki-srf06-cc26xx.a(button-sensor.o)
 *fill*         0x000110b7        0x1 00000000
 .rodata.button_right_sensor
                0x000110b8       0x10 contiki-srf06-cc26xx.a(button-sensor.o)
                0x000110b8                button_right_sensor
 .rodata.reed_relay_sensor
                0x000110c8       0x10 contiki-srf06-cc26xx.a(reed-relay.o)
                0x000110c8                reed_relay_sensor
 .rodata.str1.4
                0x000110d8        0x5 contiki-srf06-cc26xx.a(reed-relay.o)
 *fill*         0x000110dd        0x3 00000000
 .rodata.output_power
                0x000110e0       0x68 contiki-srf06-cc26xx.a(ieee-mode.o)
 .rodata.ieee_mode_driver
                0x00011148       0x38 contiki-srf06-cc26xx.a(ieee-mode.o)
                0x00011148                ieee_mode_driver
 .rodata.mode_ieee
                0x00011180        0x8 contiki-srf06-cc26xx.a(ieee-mode.o)
 .rodata.str1.4
                0x00011188       0x1b contiki-srf06-cc26xx.a(soc-trng.o)
 *fill*         0x000111a3        0x1 00000000
 .rodata.buffer.4106
                0x000111a4       0x10 contiki-srf06-cc26xx.a(strformat.o)
 .rodata.buffer.4115
                0x000111b4       0x10 contiki-srf06-cc26xx.a(strformat.o)
 .rodata.str1.4
                0x000111c4       0x42 contiki-srf06-cc26xx.a(strformat.o)
                                 0x46 (size before relaxing)
 *fill*         0x00011206        0x2 00000000
 .rodata.str1.4
                0x00011208        0xf contiki-srf06-cc26xx.a(ctimer.o)
 *fill*         0x00011217        0x1 00000000
 .rodata.str1.4
                0x00011218        0xc contiki-srf06-cc26xx.a(etimer.o)
 .rodata.str1.4
                0x00011224        0xe contiki-srf06-cc26xx.a(serial-line.o)
 *fill*         0x00011232        0x2 00000000
 .rodata        0x00011234        0x2 contiki-srf06-cc26xx.a(sicslowpan.o)
 *fill*         0x00011236        0x2 00000000
 .rodata.ttl_values
                0x00011238        0x4 contiki-srf06-cc26xx.a(sicslowpan.o)
 .rodata.unc_llconf
                0x0001123c        0x4 contiki-srf06-cc26xx.a(sicslowpan.o)
                0x0001123c                unc_llconf
 .rodata.llprefix
                0x00011240        0x2 contiki-srf06-cc26xx.a(sicslowpan.o)
                0x00011240                llprefix
 *fill*         0x00011242        0x2 00000000
 .rodata.sicslowpan_driver
                0x00011244        0xc contiki-srf06-cc26xx.a(sicslowpan.o)
                0x00011244                sicslowpan_driver
 .rodata.unc_mxconf
                0x00011250        0x4 contiki-srf06-cc26xx.a(sicslowpan.o)
                0x00011250                unc_mxconf
 .rodata.str1.4
                0x00011254      0x8d3 contiki-srf06-cc26xx.a(sicslowpan.o)
 *fill*         0x00011b27        0x1 00000000
 .rodata.unc_ctxconf
                0x00011b28        0x4 contiki-srf06-cc26xx.a(sicslowpan.o)
                0x00011b28                unc_ctxconf
 .rodata.str1.4
                0x00011b2c       0xd5 contiki-srf06-cc26xx.a(uip-icmp6.o)
                                 0xdd (size before relaxing)
 *fill*         0x00011c01        0x3 00000000
 .rodata.str1.4
                0x00011c04      0x212 contiki-srf06-cc26xx.a(uip-nd6.o)
                                0x222 (size before relaxing)
 *fill*         0x00011e16        0x2 00000000
 .rodata.nsec_record.6551
                0x00011e18       0x12 contiki-srf06-cc26xx.a(resolv.o)
 *fill*         0x00011e2a        0x2 00000000
 .rodata.resolv_mdns_addr
                0x00011e2c       0x10 contiki-srf06-cc26xx.a(resolv.o)
 .rodata.str1.4
                0x00011e3c       0x29 contiki-srf06-cc26xx.a(resolv.o)
                                 0x31 (size before relaxing)
 *fill*         0x00011e65        0x3 00000000
 .rodata.str1.4
                0x00011e68        0xd contiki-srf06-cc26xx.a(tcpip.o)
 *fill*         0x00011e75        0x3 00000000
 .rodata.str1.4
                0x00011e78       0x2b contiki-srf06-cc26xx.a(uip-debug.o)
 *fill*         0x00011ea3        0x1 00000000
 .rodata.linkaddr_null
                0x00011ea4        0x8 contiki-srf06-cc26xx.a(linkaddr.o)
                0x00011ea4                linkaddr_null
 .rodata.framer_802154
                0x00011eac        0xc contiki-srf06-cc26xx.a(framer-802154.o)
                0x00011eac                framer_802154
 .rodata.nullmac_driver
                0x00011eb8       0x1c contiki-srf06-cc26xx.a(nullmac.o)
                0x00011eb8                nullmac_driver
 .rodata.str1.4
                0x00011ed4        0x8 contiki-srf06-cc26xx.a(nullmac.o)
 .rodata.str1.4
                0x00011edc        0x8 contiki-srf06-cc26xx.a(nullrdc.o)
 .rodata.nullrdc_driver
                0x00011ee4       0x20 contiki-srf06-cc26xx.a(nullrdc.o)
                0x00011ee4                nullrdc_driver
 .rodata.str1.4
                0x00011f04        0x8 contiki-srf06-cc26xx.a(nullsec.o)
 .rodata.nullsec_driver
                0x00011f0c       0x10 contiki-srf06-cc26xx.a(nullsec.o)
                0x00011f0c                nullsec_driver
 .rodata        0x00011f1c        0x4 contiki-srf06-cc26xx.a(ext-flash.o)
 .rodata.str1.4
                0x00011f20       0x46 contiki-srf06-cc26xx.a(rf-core.o)
 *fill*         0x00011f66        0x2 00000000
 .rodata.str1.4
                0x00011f68        0x4 e:/ice-semester-2/embedded_internet_lab/contiki/toolchain/tools/gcc-arm-none-eabi/bin/../lib/gcc/arm-none-eabi/5.4.1/../../../../arm-none-eabi/lib/armv7-m\libm.a(lib_a-w_pow.o)
 .rodata.str1.4
                0x00011f6c        0x4 e:/ice-semester-2/embedded_internet_lab/contiki/toolchain/tools/gcc-arm-none-eabi/bin/../lib/gcc/arm-none-eabi/5.4.1/../../../../arm-none-eabi/lib/armv7-m\libm.a(lib_a-e_pow.o)
                                  0x1 (size before relaxing)
 .rodata.str1.4
                0x00011f6c        0xc e:/ice-semester-2/embedded_internet_lab/contiki/toolchain/tools/gcc-arm-none-eabi/bin/../lib/gcc/arm-none-eabi/5.4.1/../../../../arm-none-eabi/lib/armv7-m\libc.a(lib_a-locale.o)
                                 0x12 (size before relaxing)
 .rodata._ctype_
                0x00011f78      0x101 e:/ice-semester-2/embedded_internet_lab/contiki/toolchain/tools/gcc-arm-none-eabi/bin/../lib/gcc/arm-none-eabi/5.4.1/../../../../arm-none-eabi/lib/armv7-m\libc.a(lib_a-ctype_.o)
                0x00011f78                _ctype_
                0x00012079                _etext = .

.glue_7         0x0001207c        0x0
 .glue_7        0x0001207c        0x0 linker stubs

.glue_7t        0x0001207c        0x0
 .glue_7t       0x0001207c        0x0 linker stubs

.vfp11_veneer   0x0001207c        0x0
 .vfp11_veneer  0x0001207c        0x0 linker stubs

.v4_bx          0x0001207c        0x0
 .v4_bx         0x0001207c        0x0 linker stubs

.iplt           0x0001207c        0x0
 .iplt          0x0001207c        0x0 obj_srf06-cc26xx/startup_gcc.o

.data           0x20000000      0x7ea load address 0x00012079
                0x20000000                _data = .
 *(SORT(vtable))
 *(SORT(.data*))
 .data.impure_data
                0x20000000      0x428 e:/ice-semester-2/embedded_internet_lab/contiki/toolchain/tools/gcc-arm-none-eabi/bin/../lib/gcc/arm-none-eabi/5.4.1/../../../../arm-none-eabi/lib/armv7-m\libc.a(lib_a-impure.o)
 .data.udp_resource
                0x20000428       0x10 IPCOM.co
                0x20000428                udp_resource
 .data.udp_client_process
                0x20000438       0x10 IPCOM.co
                0x20000438                udp_client_process
 .data.udp_ping_process
                0x20000448       0x10 IPCOM.co
                0x20000448                udp_ping_process
 .data.udp_resend_process
                0x20000458       0x10 IPCOM.co
                0x20000458                udp_resend_process
 .data.sensors_process
                0x20000468       0x10 contiki-srf06-cc26xx.a(sensors.o)
                0x20000468                sensors_process
 .data.sensors  0x20000478       0x24 contiki-srf06-cc26xx.a(sensortag-senso)
                0x20000478                sensors
 .data.sensortag_module
                0x2000049c       0x14 contiki-srf06-cc26xx.a(board.o)
 .data.uart_module
                0x200004b0       0x14 contiki-srf06-cc26xx.a(cc26xx-uart.o)
 .data.tx_power_current
                0x200004c4        0x4 contiki-srf06-cc26xx.a(ieee-mode.o)
                0x200004c4                tx_power_current
 .data.cc26xx_rf_lpm_module
                0x200004c8       0x14 contiki-srf06-cc26xx.a(ieee-mode.o)
 .data.ieee_overrides
                0x200004dc       0x2c contiki-srf06-cc26xx.a(ieee-mode.o)
 .data.rng_module
                0x20000508       0x14 contiki-srf06-cc26xx.a(soc-trng.o)
 .data.soc_trng_process
                0x2000051c       0x10 contiki-srf06-cc26xx.a(soc-trng.o)
                0x2000051c                soc_trng_process
 .data.ctxt     0x2000052c        0x8 contiki-srf06-cc26xx.a(dbg-printf.o)
 .data.ctimer_process
                0x20000534       0x10 contiki-srf06-cc26xx.a(ctimer.o)
                0x20000534                ctimer_process
 .data.etimer_process
                0x20000544       0x10 contiki-srf06-cc26xx.a(etimer.o)
                0x20000544                etimer_process
 .data.serial_line_process
                0x20000554       0x10 contiki-srf06-cc26xx.a(serial-line.o)
                0x20000554                serial_line_process
 .data.ds6_neighbors
                0x20000564        0x4 contiki-srf06-cc26xx.a(uip-ds6-nbr.o)
                0x20000564                ds6_neighbors
 .data.ds6_neighbors_struct
                0x20000568       0x10 contiki-srf06-cc26xx.a(uip-ds6-nbr.o)
 .data.defaultroutermemb
                0x20000578        0xc contiki-srf06-cc26xx.a(uip-ds6-route.o)
 .data.nbr_routes_struct
                0x20000584       0x10 contiki-srf06-cc26xx.a(uip-ds6-route.o)
 .data.nbr_routes
                0x20000594        0x4 contiki-srf06-cc26xx.a(uip-ds6-route.o)
                0x20000594                nbr_routes
 .data.routememb
                0x20000598        0xc contiki-srf06-cc26xx.a(uip-ds6-route.o)
 .data.neighborroutememb
                0x200005a4        0xc contiki-srf06-cc26xx.a(uip-ds6-route.o)
 .data.echo_request_handler
                0x200005b0        0xc contiki-srf06-cc26xx.a(uip-icmp6.o)
 .data.echo_reply_handler
                0x200005bc        0xc contiki-srf06-cc26xx.a(uip-icmp6.o)
 .data.ra_input_handler
                0x200005c8        0xc contiki-srf06-cc26xx.a(uip-nd6.o)
 .data.ns_input_handler
                0x200005d4        0xc contiki-srf06-cc26xx.a(uip-nd6.o)
 .data.na_input_handler
                0x200005e0        0xc contiki-srf06-cc26xx.a(uip-nd6.o)
 .data.mdns_probe_process
                0x200005ec       0x10 contiki-srf06-cc26xx.a(resolv.o)
                0x200005ec                mdns_probe_process
 .data.resolv_process
                0x200005fc       0x10 contiki-srf06-cc26xx.a(resolv.o)
                0x200005fc                resolv_process
 .data.tcpip_process
                0x2000060c       0x10 contiki-srf06-cc26xx.a(tcpip.o)
                0x2000060c                tcpip_process
 .data.link_stats_struct
                0x2000061c       0x10 contiki-srf06-cc26xx.a(link-stats.o)
 .data.neighbor_addr_mem
                0x2000062c        0xc contiki-srf06-cc26xx.a(nbr-table.o)
 .data.bufmem   0x20000638        0xc contiki-srf06-cc26xx.a(queuebuf.o)
 .data.buframmem
                0x20000644        0xc contiki-srf06-cc26xx.a(queuebuf.o)
 .data.buzzer_module
                0x20000650       0x14 contiki-srf06-cc26xx.a(buzzer.o)
 .data.rf_core_process
                0x20000664       0x10 contiki-srf06-cc26xx.a(rf-core.o)
                0x20000664                rf_core_process
 .data._impure_ptr
                0x20000674        0x4 e:/ice-semester-2/embedded_internet_lab/contiki/toolchain/tools/gcc-arm-none-eabi/bin/../lib/gcc/arm-none-eabi/5.4.1/../../../../arm-none-eabi/lib/armv7-m\libc.a(lib_a-impure.o)
                0x20000674                _impure_ptr
 .data.__global_locale
                0x20000678      0x16c e:/ice-semester-2/embedded_internet_lab/contiki/toolchain/tools/gcc-arm-none-eabi/bin/../lib/gcc/arm-none-eabi/5.4.1/../../../../arm-none-eabi/lib/armv7-m\libc.a(lib_a-locale.o)
                0x20000678                __global_locale
 .data.mac_pan_id
                0x200007e4        0x2 contiki-srf06-cc26xx.a(frame802154.o)
 .data.status.7954
                0x200007e6        0x1 IPCOM.co
 .data.interface
                0x200007e7        0x1 contiki-srf06-cc26xx.a(board-i2c.o)
 .data.rng_ready_event
                0x200007e8        0x1 contiki-srf06-cc26xx.a(soc-trng.o)
 .data.__fdlib_version
                0x200007e9        0x1 e:/ice-semester-2/embedded_internet_lab/contiki/toolchain/tools/gcc-arm-none-eabi/bin/../lib/gcc/arm-none-eabi/5.4.1/../../../../arm-none-eabi/lib/armv7-m\libm.a(lib_a-s_lib_ver.o)
                0x200007e9                __fdlib_version
                0x200007ea                _edata = .

.igot.plt       0x200007ec        0x0 load address 0x00012863
 .igot.plt      0x200007ec        0x0 obj_srf06-cc26xx/startup_gcc.o

.ARM.exidx      0x00012864        0x8
 *(SORT(.ARM.exidx*))
 .ARM.exidx     0x00012864        0x8 e:/ice-semester-2/embedded_internet_lab/contiki/toolchain/tools/gcc-arm-none-eabi/bin/../lib/gcc/arm-none-eabi/5.4.1/armv7-m\libgcc.a(_udivmoddi4.o)

.bss            0x200007f0     0x2dcb
                0x200007f0                _bss = .
 *(SORT(.bss*))
 .bss.count     0x200007f0        0x8 contiki-srf06-cc26xx.a(clock.o)
 .bss.rands_cache
                0x200007f8       0x20 contiki-srf06-cc26xx.a(soc-trng.o)
 .bss.et.7992   0x20000818       0x10 IPCOM.co
 .bss.mesg      0x20000828        0x8 IPCOM.co
 .bss.server_notification
                0x20000830        0x8 IPCOM.co
 .bss.client_conn
                0x20000838        0x4 IPCOM.co
 .bss.mesg.7942
                0x2000083c        0x8 IPCOM.co
 .bss.et        0x20000844       0x10 IPCOM.co
 .bss.icmp_payload_counter
                0x20000854        0x4 IPCOM.co
 .bss.ip_sink_addr
                0x20000858       0x10 IPCOM.co
 .bss.events.4900
                0x20000868        0x4 contiki-srf06-cc26xx.a(sensors.o)
 .bss.i.4899    0x2000086c        0x4 contiki-srf06-cc26xx.a(sensors.o)
 .bss.inited    0x20000870        0x4 contiki-srf06-cc26xx.a(leds-arch.o)
 .bss.sensor_value
                0x20000874        0x6 contiki-srf06-cc26xx.a(bmp-280-sensor.)
 *fill*         0x2000087a        0x2 
 .bss.calibration_data
                0x2000087c       0x18 contiki-srf06-cc26xx.a(bmp-280-sensor.)
 .bss.startup_timer
                0x20000894       0x20 contiki-srf06-cc26xx.a(bmp-280-sensor.)
 .bss.enabled   0x200008b4        0x4 contiki-srf06-cc26xx.a(bmp-280-sensor.)
 .bss.obj_temp_latched