Archive member included to satisfy reference by file (symbol)

c:/tools/ti/ccsv6.2/ccsv6/tools/compiler/msp430-gcc-5.3.0.224_win32/bin/../lib/gcc/msp430-elf/5.3.0\libgcc.a(_fixunssfsi.o)
                              ./src/can.o (__fixunssfsi)
c:/tools/ti/ccsv6.2/ccsv6/tools/compiler/msp430-gcc-5.3.0.224_win32/bin/../lib/gcc/msp430-elf/5.3.0\libgcc.a(_addsub_sf.o)
                              c:/tools/ti/ccsv6.2/ccsv6/tools/compiler/msp430-gcc-5.3.0.224_win32/bin/../lib/gcc/msp430-elf/5.3.0\libgcc.a(_fixunssfsi.o) (__mspabi_subf)
c:/tools/ti/ccsv6.2/ccsv6/tools/compiler/msp430-gcc-5.3.0.224_win32/bin/../lib/gcc/msp430-elf/5.3.0\libgcc.a(_mul_sf.o)
                              ./src/can.o (__mspabi_mpyf)
c:/tools/ti/ccsv6.2/ccsv6/tools/compiler/msp430-gcc-5.3.0.224_win32/bin/../lib/gcc/msp430-elf/5.3.0\libgcc.a(_div_sf.o)
                              ./src/can.o (__mspabi_divf)
c:/tools/ti/ccsv6.2/ccsv6/tools/compiler/msp430-gcc-5.3.0.224_win32/bin/../lib/gcc/msp430-elf/5.3.0\libgcc.a(_ge_sf.o)
                              c:/tools/ti/ccsv6.2/ccsv6/tools/compiler/msp430-gcc-5.3.0.224_win32/bin/../lib/gcc/msp430-elf/5.3.0\libgcc.a(_fixunssfsi.o) (__gesf2)
c:/tools/ti/ccsv6.2/ccsv6/tools/compiler/msp430-gcc-5.3.0.224_win32/bin/../lib/gcc/msp430-elf/5.3.0\libgcc.a(_sf_to_si.o)
                              c:/tools/ti/ccsv6.2/ccsv6/tools/compiler/msp430-gcc-5.3.0.224_win32/bin/../lib/gcc/msp430-elf/5.3.0\libgcc.a(_fixunssfsi.o) (__mspabi_fixfli)
c:/tools/ti/ccsv6.2/ccsv6/tools/compiler/msp430-gcc-5.3.0.224_win32/bin/../lib/gcc/msp430-elf/5.3.0\libgcc.a(_thenan_sf.o)
                              c:/tools/ti/ccsv6.2/ccsv6/tools/compiler/msp430-gcc-5.3.0.224_win32/bin/../lib/gcc/msp430-elf/5.3.0\libgcc.a(_addsub_sf.o) (__thenan_sf)
c:/tools/ti/ccsv6.2/ccsv6/tools/compiler/msp430-gcc-5.3.0.224_win32/bin/../lib/gcc/msp430-elf/5.3.0\libgcc.a(_usi_to_sf.o)
                              ./src/can.o (__mspabi_fltulf)
c:/tools/ti/ccsv6.2/ccsv6/tools/compiler/msp430-gcc-5.3.0.224_win32/bin/../lib/gcc/msp430-elf/5.3.0\libgcc.a(slli.o)
                              ./src/can.o (__mspabi_slli)
c:/tools/ti/ccsv6.2/ccsv6/tools/compiler/msp430-gcc-5.3.0.224_win32/bin/../lib/gcc/msp430-elf/5.3.0\libgcc.a(srai.o)
                              ./src/can.o (__mspabi_srai)
c:/tools/ti/ccsv6.2/ccsv6/tools/compiler/msp430-gcc-5.3.0.224_win32/bin/../lib/gcc/msp430-elf/5.3.0\libgcc.a(srli.o)
                              ./src/can.o (__mspabi_srll)
c:/tools/ti/ccsv6.2/ccsv6/tools/compiler/msp430-gcc-5.3.0.224_win32/bin/../lib/gcc/msp430-elf/5.3.0\libgcc.a(_muldi3.o)
                              c:/tools/ti/ccsv6.2/ccsv6/tools/compiler/msp430-gcc-5.3.0.224_win32/bin/../lib/gcc/msp430-elf/5.3.0\libgcc.a(_mul_sf.o) (__mspabi_mpyll)
c:/tools/ti/ccsv6.2/ccsv6/tools/compiler/msp430-gcc-5.3.0.224_win32/bin/../lib/gcc/msp430-elf/5.3.0\libgcc.a(_lshrdi3.o)
                              c:/tools/ti/ccsv6.2/ccsv6/tools/compiler/msp430-gcc-5.3.0.224_win32/bin/../lib/gcc/msp430-elf/5.3.0\libgcc.a(_mul_sf.o) (__lshrdi3)
c:/tools/ti/ccsv6.2/ccsv6/tools/compiler/msp430-gcc-5.3.0.224_win32/bin/../lib/gcc/msp430-elf/5.3.0\libgcc.a(_clzsi2.o)
                              c:/tools/ti/ccsv6.2/ccsv6/tools/compiler/msp430-gcc-5.3.0.224_win32/bin/../lib/gcc/msp430-elf/5.3.0\libgcc.a(_usi_to_sf.o) (__clzsi2)
c:/tools/ti/ccsv6.2/ccsv6/tools/compiler/msp430-gcc-5.3.0.224_win32/bin/../lib/gcc/msp430-elf/5.3.0\libgcc.a(_pack_sf.o)
                              c:/tools/ti/ccsv6.2/ccsv6/tools/compiler/msp430-gcc-5.3.0.224_win32/bin/../lib/gcc/msp430-elf/5.3.0\libgcc.a(_addsub_sf.o) (__pack_f)
c:/tools/ti/ccsv6.2/ccsv6/tools/compiler/msp430-gcc-5.3.0.224_win32/bin/../lib/gcc/msp430-elf/5.3.0\libgcc.a(_unpack_sf.o)
                              c:/tools/ti/ccsv6.2/ccsv6/tools/compiler/msp430-gcc-5.3.0.224_win32/bin/../lib/gcc/msp430-elf/5.3.0\libgcc.a(_addsub_sf.o) (__unpack_f)
c:/tools/ti/ccsv6.2/ccsv6/tools/compiler/msp430-gcc-5.3.0.224_win32/bin/../lib/gcc/msp430-elf/5.3.0\libgcc.a(_fpcmp_parts_sf.o)
                              c:/tools/ti/ccsv6.2/ccsv6/tools/compiler/msp430-gcc-5.3.0.224_win32/bin/../lib/gcc/msp430-elf/5.3.0\libgcc.a(_ge_sf.o) (__fpcmp_parts_f)
c:/tools/ti/ccsv6.2/ccsv6/tools/compiler/msp430-gcc-5.3.0.224_win32/bin/../lib/gcc/msp430-elf/5.3.0\libgcc.a(_clz.o)
                              c:/tools/ti/ccsv6.2/ccsv6/tools/compiler/msp430-gcc-5.3.0.224_win32/bin/../lib/gcc/msp430-elf/5.3.0\libgcc.a(_clzsi2.o) (__clz_tab)
C:/Users/Lab/Desktop/Workspace/RTBS_BaseProject/libs/RTOS\libBase_RTOS_lib.a(core.o)
                              ./src/main.o (__hwirq_43)
C:/Users/Lab/Desktop/Workspace/RTBS_BaseProject/libs/RTOS\libBase_RTOS_lib.a(kernel.o)
                              C:/Users/Lab/Desktop/Workspace/RTBS_BaseProject/libs/RTOS\libBase_RTOS_lib.a(core.o) (OSPanic)
C:/Users/Lab/Desktop/Workspace/RTBS_BaseProject/libs/RTOS\libBase_RTOS_lib.a(timer.o)
[...]
Memory Configuration

Name             Origin             Length             Attributes
SFR              0x00000000         0x00000010
PERIPHERAL_8BIT  0x00000010         0x000000f0
PERIPHERAL_16BIT 0x00000100         0x00000100
BSL              0x00001000         0x00000800
INFOMEM          0x00001800         0x00000200
INFOD            0x00001800         0x00000080
INFOC            0x00001880         0x00000080
INFOB            0x00001900         0x00000080
INFOA            0x00001980         0x00000080
USBRAM           0x00001c00         0x00000800
RAM              0x00002400         0x00002000
ROM              0x00004400         0x0000bb80         xr
VECT1            0x0000ff80         0x00000002
VECT2            0x0000ff82         0x00000002
VECT3            0x0000ff84         0x00000002
VECT4            0x0000ff86         0x00000002
VECT5            0x0000ff88         0x00000002
VECT6            0x0000ff8a         0x00000002
VECT7            0x0000ff8c         0x00000002
VECT8            0x0000ff8e         0x00000002
VECT9            0x0000ff90         0x00000002
VECT10           0x0000ff92         0x00000002
VECT11           0x0000ff94         0x00000002
VECT12           0x0000ff96         0x00000002
VECT13           0x0000ff98         0x00000002
VECT14           0x0000ff9a         0x00000002
VECT15           0x0000ff9c         0x00000002
VECT16           0x0000ff9e         0x00000002
VECT17           0x0000ffa0         0x00000002
VECT18           0x0000ffa2         0x00000002
VECT19           0x0000ffa4         0x00000002
VECT20           0x0000ffa6         0x00000002
VECT21           0x0000ffa8         0x00000002
VECT22           0x0000ffaa         0x00000002
VECT23           0x0000ffac         0x00000002
VECT24           0x0000ffae         0x00000002
VECT25           0x0000ffb0         0x00000002
VECT26           0x0000ffb2         0x00000002
VECT27           0x0000ffb4         0x00000002
VECT28           0x0000ffb6         0x00000002
VECT29           0x0000ffb8         0x00000002
VECT30           0x0000ffba         0x00000002
VECT31           0x0000ffbc         0x00000002
VECT32           0x0000ffbe         0x00000002
VECT33           0x0000ffc0         0x00000002
VECT34           0x0000ffc2         0x00000002
VECT35           0x0000ffc4         0x00000002
VECT36           0x0000ffc6         0x00000002
VECT37           0x0000ffc8         0x00000002
VECT38           0x0000ffca         0x00000002
VECT39           0x0000ffcc         0x00000002
VECT40           0x0000ffce         0x00000002
VECT41           0x0000ffd0         0x00000002
VECT42           0x0000ffd2         0x00000002
VECT43           0x0000ffd4         0x00000002
VECT44           0x0000ffd6         0x00000002
VECT45           0x0000ffd8         0x00000002
VECT46           0x0000ffda         0x00000002
VECT47           0x0000ffdc         0x00000002
VECT48           0x0000ffde         0x00000002
VECT49           0x0000ffe0         0x00000002
VECT50           0x0000ffe2         0x00000002
VECT51           0x0000ffe4         0x00000002
VECT52           0x0000ffe6         0x00000002
VECT53           0x0000ffe8         0x00000002
VECT54           0x0000ffea         0x00000002
VECT55           0x0000ffec         0x00000002
VECT56           0x0000ffee         0x00000002
VECT57           0x0000fff0         0x00000002
VECT58           0x0000fff2         0x00000002
VECT59           0x0000fff4         0x00000002
VECT60           0x0000fff6         0x00000002
VECT61           0x0000fff8         0x00000002
VECT62           0x0000fffa         0x00000002
VECT63           0x0000fffc         0x00000002
RESETVEC         0x0000fffe         0x00000002
HIROM            0x00010000         0x000143ff         xr
*default*        0x00000000         0xffffffff

Linker script and memory map

LOAD c:/tools/ti/ccsv6.2/ccsv6/tools/compiler/msp430-gcc-5.3.0.224_win32/bin/../lib/gcc/msp430-elf/5.3.0/../../../../msp430-elf/lib/crt0.o
LOAD c:/tools/ti/ccsv6.2/ccsv6/tools/compiler/msp430-gcc-5.3.0.224_win32/bin/../lib/gcc/msp430-elf/5.3.0/crtbegin.o
LOAD ./src/can.o
LOAD ./src/main.o
START GROUP
LOAD c:/tools/ti/ccsv6.2/ccsv6/tools/compiler/msp430-gcc-5.3.0.224_win32/bin/../lib/gcc/msp430-elf/5.3.0\libgcc.a
LOAD C:/Users/Lab/Desktop/Workspace/RTBS_BaseProject/libs/RTOS\libBase_RTOS_lib.a
END GROUP
LOAD ../libs/RTOS/libBase_RTOS_lib.a
LOAD c:/tools/ti/ccsv6.2/ccsv6/tools/compiler/msp430-gcc-5.3.0.224_win32/bin/../lib/gcc/msp430-elf/5.3.0\libgcc.a
START GROUP
LOAD c:/tools/ti/ccsv6.2/ccsv6/tools/compiler/msp430-gcc-5.3.0.224_win32/bin/../lib/gcc/msp430-elf/5.3.0\libmul_f5.a
LOAD c:/tools/ti/ccsv6.2/ccsv6/tools/compiler/msp430-gcc-5.3.0.224_win32/bin/../lib/gcc/msp430-elf/5.3.0/../../../../msp430-elf/lib\libc.a
LOAD c:/tools/ti/ccsv6.2/ccsv6/tools/compiler/msp430-gcc-5.3.0.224_win32/bin/../lib/gcc/msp430-elf/5.3.0\libgcc.a
LOAD c:/tools/ti/ccsv6.2/ccsv6/tools/compiler/msp430-gcc-5.3.0.224_win32/bin/../lib/gcc/msp430-elf/5.3.0/../../../../msp430-elf/lib\libcrt.a
LOAD c:/tools/ti/ccsv6.2/ccsv6/tools/compiler/msp430-gcc-5.3.0.224_win32/bin/../lib/gcc/msp430-elf/5.3.0/../../../../msp430-elf/lib\libnosys.a
END GROUP
LOAD c:/tools/ti/ccsv6.2/ccsv6/tools/compiler/msp430-gcc-5.3.0.224_win32/bin/../lib/gcc/msp430-elf/5.3.0\libgcc.a
LOAD c:/tools/ti/ccsv6.2/ccsv6/tools/compiler/msp430-gcc-5.3.0.224_win32/bin/../lib/gcc/msp430-elf/5.3.0/crtend.o
LOAD c:/tools/ti/ccsv6.2/ccsv6/tools/compiler/msp430-gcc-5.3.0.224_win32/bin/../lib/gcc/msp430-elf/5.3.0/../../../../msp430-elf/lib/crtn.o
LOAD c:/tools/ti/ccsv6.2/ccsv6/tools/compiler/msp430-gcc-5.3.0.224_win32/bin/../lib/gcc/msp430-elf/5.3.0\libgcc.a

__interrupt_vector_1
 *(__interrupt_vector_1)

__interrupt_vector_2
 *(__interrupt_vector_2)

__interrupt_vector_3
 *(__interrupt_vector_3)

__interrupt_vector_4
 *(__interrupt_vector_4)

__interrupt_vector_5
 *(__interrupt_vector_5)

__interrupt_vector_6
 *(__interrupt_vector_6)

__interrupt_vector_7
 *(__interrupt_vector_7)

__interrupt_vector_8
 *(__interrupt_vector_8)

__interrupt_vector_9
 *(__interrupt_vector_9)

__interrupt_vector_10
 *(__interrupt_vector_10)

__interrupt_vector_11
 *(__interrupt_vector_11)

__interrupt_vector_12
 *(__interrupt_vector_12)

__interrupt_vector_13
 *(__interrupt_vector_13)

__interrupt_vector_14
 *(__interrupt_vector_14)

__interrupt_vector_15
 *(__interrupt_vector_15)

__interrupt_vector_16
 *(__interrupt_vector_16)

__interrupt_vector_17
 *(__interrupt_vector_17)

__interrupt_vector_18
 *(__interrupt_vector_18)

__interrupt_vector_19
 *(__interrupt_vector_19)

__interrupt_vector_20
 *(__interrupt_vector_20)

__interrupt_vector_21
 *(__interrupt_vector_21)

__interrupt_vector_22
 *(__interrupt_vector_22)

__interrupt_vector_23
 *(__interrupt_vector_23)

__interrupt_vector_24
 *(__interrupt_vector_24)

__interrupt_vector_25
 *(__interrupt_vector_25)

__interrupt_vector_26
 *(__interrupt_vector_26)

__interrupt_vector_27
 *(__interrupt_vector_27)

__interrupt_vector_28
 *(__interrupt_vector_28)

__interrupt_vector_29
 *(__interrupt_vector_29)

__interrupt_vector_30
 *(__interrupt_vector_30)

__interrupt_vector_31
 *(__interrupt_vector_31)

__interrupt_vector_32
 *(__interrupt_vector_32)

__interrupt_vector_33
 *(__interrupt_vector_33)

__interrupt_vector_34
 *(__interrupt_vector_34)

__interrupt_vector_35
 *(__interrupt_vector_35)

__interrupt_vector_36
 *(__interrupt_vector_36)

__interrupt_vector_37
 *(__interrupt_vector_37)

__interrupt_vector_38
 *(__interrupt_vector_38)

__interrupt_vector_39
 *(__interrupt_vector_39)

__interrupt_vector_40
 *(__interrupt_vector_40)

__interrupt_vector_41
 *(__interrupt_vector_41)

__interrupt_vector_42
 *(__interrupt_vector_42)
 *(__interrupt_vector_rtc)

__interrupt_vector_43
                0x0000ffd4        0x2
 *(__interrupt_vector_43)
 __interrupt_vector_43
                0x0000ffd4        0x2 ./src/main.o
 *(__interrupt_vector_port2)

__interrupt_vector_44
 *(__interrupt_vector_44)
 *(__interrupt_vector_timer2_a1)

__interrupt_vector_45
 *(__interrupt_vector_45)
 *(__interrupt_vector_timer2_a0)

__interrupt_vector_46
 *(__interrupt_vector_46)
 *(__interrupt_vector_usci_b1)

__interrupt_vector_47
 *(__interrupt_vector_47)
 *(__interrupt_vector_usci_a1)

__interrupt_vector_48
                0x0000ffde        0x2
 *(__interrupt_vector_48)
 __interrupt_vector_48
                0x0000ffde        0x2 ./src/main.o
 *(__interrupt_vector_port1)

__interrupt_vector_49
 *(__interrupt_vector_49)
 *(__interrupt_vector_timer1_a1)

__interrupt_vector_50
 *(__interrupt_vector_50)
 *(__interrupt_vector_timer1_a0)

__interrupt_vector_51
 *(__interrupt_vector_51)
 *(__interrupt_vector_dma)

__interrupt_vector_52
 *(__interrupt_vector_52)
 *(__interrupt_vector_usb_ubm)

__interrupt_vector_53
                0x0000ffe8        0x2
 *(__interrupt_vector_53)
 __interrupt_vector_53
                0x0000ffe8        0x2 C:/Users/Lab/Desktop/Workspace/RTBS_BaseProject/libs/RTOS\libBase_RTOS_lib.a(timer.o)
 *(__interrupt_vector_timer0_a1)

__interrupt_vector_54
 *(__interrupt_vector_54)
 *(__interrupt_vector_timer0_a0)

__interrupt_vector_55
 *(__interrupt_vector_55)
 *(__interrupt_vector_adc12)

__interrupt_vector_56
 *(__interrupt_vector_56)
 *(__interrupt_vector_usci_b0)

__interrupt_vector_57
 *(__interrupt_vector_57)
 *(__interrupt_vector_usci_a0)

__interrupt_vector_58
 *(__interrupt_vector_58)
 *(__interrupt_vector_wdt)

__interrupt_vector_59
 *(__interrupt_vector_59)
 *(__interrupt_vector_timer0_b1)

__interrupt_vector_60
 *(__interrupt_vector_60)
 *(__interrupt_vector_timer0_b0)

__interrupt_vector_61
 *(__interrupt_vector_61)
 *(__interrupt_vector_comp_b)

__interrupt_vector_62
 *(__interrupt_vector_62)
 *(__interrupt_vector_unmi)

__interrupt_vector_63
 *(__interrupt_vector_63)
 *(__interrupt_vector_sysnmi)

__reset_vector  0x0000fffe        0x2
 *(__interrupt_vector_64)
 *(__interrupt_vector_reset)
 *(.resetvec)
 .resetvec      0x0000fffe        0x2 c:/tools/ti/ccsv6.2/ccsv6/tools/compiler/msp430-gcc-5.3.0.224_win32/bin/../lib/gcc/msp430-elf/5.3.0/../../../../msp430-elf/lib/crt0.o

.rodata         0x00004400      0xaf0
                0x00004400                . = ALIGN (0x2)
 *(.plt)
                0x00004400                . = ALIGN (0x2)
 *(.lower.rodata.* .lower.rodata)
                0x00004400                . = ALIGN (0x2)
 *(.rodata .rodata.* .gnu.linkonce.r.* .const .const:*)
 .rodata        0x00004400      0x147 ./src/can.o
 .rodata        0x00004547      0x55c ./src/main.o
 *fill*         0x00004aa3        0x1 
 .rodata.__thenan_sf
                0x00004aa4        0xa c:/tools/ti/ccsv6.2/ccsv6/tools/compiler/msp430-gcc-5.3.0.224_win32/bin/../lib/gcc/msp430-elf/5.3.0\libgcc.a(_thenan_sf.o)
                0x00004aa4                __thenan_sf
 .rodata.__clz_tab
                0x00004aae      0x100 c:/tools/ti/ccsv6.2/ccsv6/tools/compiler/msp430-gcc-5.3.0.224_win32/bin/../lib/gcc/msp430-elf/5.3.0\libgcc.a(_clz.o)
                0x00004aae                __clz_tab
 .rodata        0x00004bae       0xec C:/Users/Lab/Desktop/Workspace/RTBS_BaseProject/libs/RTOS\libBase_RTOS_lib.a(kernel.o)
 .rodata        0x00004c9a      0x115 C:/Users/Lab/Desktop/Workspace/RTBS_BaseProject/libs/RTOS\libBase_RTOS_lib.a(sysinfo.o)
 .rodata        0x00004daf       0x95 C:/Users/Lab/Desktop/Workspace/RTBS_BaseProject/libs/RTOS\libBase_RTOS_lib.a(printfx.o)
 .rodata        0x00004e44        0x2 c:/tools/ti/ccsv6.2/ccsv6/tools/compiler/msp430-gcc-5.3.0.224_win32/bin/../lib/gcc/msp430-elf/5.3.0/../../../../msp430-elf/lib\libc.a(lib_a-puts.o)
 .rodata.__sf_fake_stderr
                0x00004e46       0x12 c:/tools/ti/ccsv6.2/ccsv6/tools/compiler/msp430-gcc-5.3.0.224_win32/bin/../lib/gcc/msp430-elf/5.3.0/../../../../msp430-elf/lib\libc.a(lib_a-findfp.o)
                0x00004e46                __sf_fake_stderr
 .rodata.__sf_fake_stdout
                0x00004e58       0x12 c:/tools/ti/ccsv6.2/ccsv6/tools/compiler/msp430-gcc-5.3.0.224_win32/bin/../lib/gcc/msp430-elf/5.3.0/../../../../msp430-elf/lib\libc.a(lib_a-findfp.o)
                0x00004e58                __sf_fake_stdout
 .rodata.__sf_fake_stdin
                0x00004e6a       0x12 c:/tools/ti/ccsv6.2/ccsv6/tools/compiler/msp430-gcc-5.3.0.224_win32/bin/../lib/gcc/msp430-elf/5.3.0/../../../../msp430-elf/lib\libc.a(lib_a-findfp.o)
                0x00004e6a                __sf_fake_stdin
 .rodata._global_impure_ptr
                0x00004e7c        0x2 c:/tools/ti/ccsv6.2/ccsv6/tools/compiler/msp430-gcc-5.3.0.224_win32/bin/../lib/gcc/msp430-elf/5.3.0/../../../../msp430-elf/lib\libc.a(lib_a-impure.o)
                0x00004e7c                _global_impure_ptr
 .rodata        0x00004e7e        0x2 c:/tools/ti/ccsv6.2/ccsv6/tools/compiler/msp430-gcc-5.3.0.224_win32/bin/../lib/gcc/msp430-elf/5.3.0/../../../../msp430-elf/lib\libc.a(lib_a-impure.o)
 .rodata        0x00004e80       0x1a c:/tools/ti/ccsv6.2/ccsv6/tools/compiler/msp430-gcc-5.3.0.224_win32/bin/../lib/gcc/msp430-elf/5.3.0/../../../../msp430-elf/lib\libnosys.a(sbrk.o)
 *(.rodata1)
 *(.eh_frame_hdr)
 *(.eh_frame)
 *fill*         0x00004e9a        0x2 
 .eh_frame      0x00004e9c        0x0 c:/tools/ti/ccsv6.2/ccsv6/tools/compiler/msp430-gcc-5.3.0.224_win32/bin/../lib/gcc/msp430-elf/5.3.0/crtbegin.o
 .eh_frame      0x00004e9c       0x44 c:/tools/ti/ccsv6.2/ccsv6/tools/compiler/msp430-gcc-5.3.0.224_win32/bin/../lib/gcc/msp430-elf/5.3.0\libgcc.a(_udivdi3.o)
 .eh_frame      0x00004ee0        0x4 c:/tools/ti/ccsv6.2/ccsv6/tools/compiler/msp430-gcc-5.3.0.224_win32/bin/../lib/gcc/msp430-elf/5.3.0/crtend.o
 *(.gcc_except_table)
 *(.gcc_except_table.*)
                0x00004ee4                PROVIDE (__preinit_array_start, .)
 *(.preinit_array)
                0x00004ee4                PROVIDE (__preinit_array_end, .)
                0x00004ee4                PROVIDE (__init_array_start, .)
 *(SORT(.init_array.*))
 *(.init_array)
                0x00004ee4                PROVIDE (__init_array_end, .)
                0x00004ee4                PROVIDE (__fini_array_start, .)
 *(.fini_array)
 *(SORT(.fini_array.*))
                0x00004ee4                PROVIDE (__fini_array_end, .)
                0x00004ee4        0x4 LONG 0x0
 *crtbegin*.o(.ctors)
 .ctors         0x00004ee8        0x2 c:/tools/ti/ccsv6.2/ccsv6/tools/compiler/msp430-gcc-5.3.0.224_win32/bin/../lib/gcc/msp430-elf/5.3.0/crtbegin.o
 *(EXCLUDE_FILE(*crtend*.o) .ctors)
 *(SORT(.ctors.*))
 *(.ctors)
 .ctors         0x00004eea        0x2 c:/tools/ti/ccsv6.2/ccsv6/tools/compiler/msp430-gcc-5.3.0.224_win32/bin/../lib/gcc/msp430-elf/5.3.0/crtend.o
 *crtbegin*.o(.dtors)
 .dtors         0x00004eec        0x2 c:/tools/ti/ccsv6.2/ccsv6/tools/compiler/msp430-gcc-5.3.0.224_win32/bin/../lib/gcc/msp430-elf/5.3.0/crtbegin.o
 *(EXCLUDE_FILE(*crtend*.o) .dtors)
 *(SORT(.dtors.*))
 *(.dtors)
 .dtors         0x00004eee        0x2 c:/tools/ti/ccsv6.2/ccsv6/tools/compiler/msp430-gcc-5.3.0.224_win32/bin/../lib/gcc/msp430-elf/5.3.0/crtend.o
                0x00004eee                __DTOR_END__

.upper.rodata
 *(.upper.rodata.* .upper.rodata)

.data           0x00002400      0xa84 load address 0x00004ef0
                0x00002400                . = ALIGN (0x2)
                0x00002400                PROVIDE (__datastart, .)
 *(.lower.data.* .lower.data)
                0x00002400                . = ALIGN (0x2)
                0x00002400                os_tasks = .
                0x00002400                __os_tasksBegin = .
 *(.os_idletask)
 .os_idletask   0x00002400       0x32 C:/Users/Lab/Desktop/Workspace/RTBS_BaseProject/libs/RTOS\libBase_RTOS_lib.a(kernel.o)
                0x00002400                __task_TaskIdle
                0x00002432                __os_tasksOther = .
 *(.os_tasks)
 .os_tasks      0x00002432       0x64 ./src/main.o
                0x00002432                __task_canTaskRx
                0x00002464                __task_canTask
                0x00002496                __os_tasksEnd = .
                0x00002496                . = ALIGN (0x2)
 *(.os_events)
                0x00002496                . = ALIGN (0x2)
                0x00002496                __os_stacksBegin = .
 *(.os_stacks)
 .os_stacks     0x00002496      0x820 ./src/main.o
 .os_stacks     0x00002cb6       0x88 C:/Users/Lab/Desktop/Workspace/RTBS_BaseProject/libs/RTOS\libBase_RTOS_lib.a(kernel.o)
                0x00002d3e                __os_stacksEnd = .
                0x00002d3e                . = ALIGN (0x2)
                0x00002d3e                os_resources = .
                0x00002d3e                __os_resourcesBegin = .
 *(.os_resources)
                0x00002d3e                __os_resourcesEnd = .
                0x00002d3e                . = ALIGN (0x2)
 *(.either.data.* .either.data)
                0x00002d3e                . = ALIGN (0x2)
 *(.jcr)
 .jcr           0x00002d3e        0x0 c:/tools/ti/ccsv6.2/ccsv6/tools/compiler/msp430-gcc-5.3.0.224_win32/bin/../lib/gcc/msp430-elf/5.3.0/crtbegin.o
 .jcr           0x00002d3e        0x2 c:/tools/ti/ccsv6.2/ccsv6/tools/compiler/msp430-gcc-5.3.0.224_win32/bin/../lib/gcc/msp430-elf/5.3.0/crtend.o
 *(.data.rel.ro.local)
 *(.data.rel.ro*)
 *(.dynamic)
                0x00002d40                . = ALIGN (0x2)
 *(.data .data.* .gnu.linkonce.d.*)
 .data          0x00002d40        0x0 c:/tools/ti/ccsv6.2/ccsv6/tools/compiler/msp430-gcc-5.3.0.224_win32/bin/../lib/gcc/msp430-elf/5.3.0/../../../../msp430-elf/lib/crt0.o
 .data          0x00002d40        0x0 c:/tools/ti/ccsv6.2/ccsv6/tools/compiler/msp430-gcc-5.3.0.224_win32/bin/../lib/gcc/msp430-elf/5.3.0/crtbegin.o
 .data.__dso_handle
                0x00002d40        0x2 c:/tools/ti/ccsv6.2/ccsv6/tools/compiler/msp430-gcc-5.3.0.224_win32/bin/../lib/gcc/msp430-elf/5.3.0/crtbegin.o
                0x00002d40                __dso_handle
 .data          0x00002d42        0x0 ./src/can.o
 .data          0x00002d42       0x69 ./src/main.o
                0x00002d9d                sendEv
                0x00002d9f                testEv
                0x00002da1                can_msg
 .data          0x00002dab        0x0 c:/tools/ti/ccsv6.2/ccsv6/tools/compiler/msp430-gcc-5.3.0.224_win32/bin/../lib/gcc/msp430-elf/5.3.0\libgcc.a(_fixunssfsi.o)
 .data          0x00002dab        0x0 c:/tools/ti/ccsv6.2/ccsv6/tools/compiler/msp430-gcc-5.3.0.224_win32/bin/../lib/gcc/msp430-elf/5.3.0\libgcc.a(_addsub_sf.o)
 .data          0x00002dab        0x0 c:/tools/ti/ccsv6.2/ccsv6/tools/compiler/msp430-gcc-5.3.0.224_win32/bin/../lib/gcc/msp430-elf/5.3.0\libgcc.a(_mul_sf.o)
 .data          0x00002dab        0x0 c:/tools/ti/ccsv6.2/ccsv6/tools/compiler/msp430-gcc-5.3.0.224_win32/bin/../lib/gcc/msp430-elf/5.3.0\libgcc.a(_div_sf.o)
 .data          0x00002dab        0x0 c:/tools/ti/ccsv6.2/ccsv6/tools/compiler/msp430-gcc-5.3.0.224_win32/bin/../lib/gcc/msp430-elf/5.3.0\libgcc.a(_ge_sf.o)
 .data          0x00002dab        0x0 c:/tools/ti/ccsv6.2/ccsv6/tools/compiler/msp430-gcc-5.3.0.224_win32/bin/../lib/gcc/msp430-elf/5.3.0\libgcc.a(_sf_to_si.o)
 .data          0x00002dab        0x0 c:/tools/ti/ccsv6.2/ccsv6/tools/compiler/msp430-gcc-5.3.0.224_win32/bin/../lib/gcc/msp430-elf/5.3.0\libgcc.a(_thenan_sf.o)
 .data          0x00002dab        0x0 c:/tools/ti/ccsv6.2/ccsv6/tools/compiler/msp430-gcc-5.3.0.224_win32/bin/../lib/gcc/msp430-elf/5.3.0\libgcc.a(_usi_to_sf.o)
 .data          0x00002dab        0x0 c:/tools/ti/ccsv6.2/ccsv6/tools/compiler/msp430-gcc-5.3.0.224_win32/bin/../lib/gcc/msp430-elf/5.3.0\libgcc.a(slli.o)
 .data          0x00002dab        0x0 c:/tools/ti/ccsv6.2/ccsv6/tools/compiler/msp430-gcc-5.3.0.224_win32/bin/../lib/gcc/msp430-elf/5.3.0\libgcc.a(srai.o)
 .data          0x00002dab        0x0 c:/tools/ti/ccsv6.2/ccsv6/tools/compiler/msp430-gcc-5.3.0.224_win32/bin/../lib/gcc/msp430-elf/5.3.0\libgcc.a(srli.o)
 .data          0x00002dab        0x0 c:/tools/ti/ccsv6.2/ccsv6/tools/compiler/msp430-gcc-5.3.0.224_win32/bin/../lib/gcc/msp430-elf/5.3.0\libgcc.a(_muldi3.o)
 .data          0x00002dab        0x0 c:/tools/ti/ccsv6.2/ccsv6/tools/compiler/msp430-gcc-5.3.0.224_win32/bin/../lib/gcc/msp430-elf/5.3.0\libgcc.a(_lshrdi3.o)
 .data          0x00002dab        0x0 c:/tools/ti/ccsv6.2/ccsv6/tools/compiler/msp430-gcc-5.3.0.224_win32/bin/../lib/gcc/msp430-elf/5.3.0\libgcc.a(_clzsi2.o)
 .data          0x00002dab        0x0 c:/tools/ti/ccsv6.2/ccsv6/tools/compiler/msp430-gcc-5.3.0.224_win32/bin/../lib/gcc/msp430-elf/5.3.0\libgcc.a(_pack_sf.o)
 .data          0x00002dab        0x0 c:/tools/ti/ccsv6.2/ccsv6/tools/compiler/msp430-gcc-5.3.0.224_win32/bin/../lib/gcc/msp430-elf/5.3.0\libgcc.a(_unpack_sf.o)
 .data          0x00002dab        0x0 c:/tools/ti/ccsv6.2/ccsv6/tools/compiler/msp430-gcc-5.3.0.224_win32/bin/../lib/gcc/msp430-elf/5.3.0\libgcc.a(_fpcmp_parts_sf.o)
 .data          0x00002dab        0x0 c:/tools/ti/ccsv6.2/ccsv6/tools/compiler/msp430-gcc-5.3.0.224_win32/bin/../lib/gcc/msp430-elf/5.3.0\libgcc.a(_clz.o)
 .data          0x00002dab        0x0 C:/Users/Lab/Desktop/Workspace/RTBS_BaseProject/libs/RTOS\libBase_RTOS_lib.a(core.o)
 *fill*         0x00002dab        0x1 
 .data          0x00002dac        0xa C:/Users/Lab/Desktop/Workspace/RTBS_BaseProject/libs/RTOS\libBase_RTOS_lib.a(kernel.o)
                0x00002dac                os_timeoutQueueDirty
                0x00002dae                os_timeoutQueue
                0x00002daf                os_readyQueue
                0x00002db0                os_runningTask
                0x00002db2                os_kernel_mode
                0x00002db4                os_running
 .data          0x00002db6        0x0 C:/Users/Lab/Desktop/Workspace/RTBS_BaseProject/libs/RTOS\libBase_RTOS_lib.a(timer.o)
 .data          0x00002db6        0x0 C:/Users/Lab/Desktop/Workspace/RTBS_BaseProject/libs/RTOS\libBase_RTOS_lib.a(sysinfo.o)
 .data          0x00002db6        0x6 C:/Users/Lab/Desktop/Workspace/RTBS_BaseProject/libs/RTOS\libBase_RTOS_lib.a(printfx.o)
 .data          0x00002dbc        0x0 C:/Users/Lab/Desktop/Workspace/RTBS_BaseProject/libs/RTOS\libBase_RTOS_lib.a(sysclk.o)
 .data          0x00002dbc        0x0 C:/Users/Lab/Desktop/Workspace/RTBS_BaseProject/libs/RTOS\libBase_RTOS_lib.a(uart_tx.o)
 .data          0x00002dbc        0x0 C:/Users/Lab/Desktop/Workspace/RTBS_BaseProject/libs/RTOS\libBase_RTOS_lib.a(pmm.o)
 .data          0x00002dbc        0x0 c:/tools/ti/ccsv6.2/ccsv6/tools/compiler/msp430-gcc-5.3.0.224_win32/bin/../lib/gcc/msp430-elf/5.3.0\libgcc.a(lib2divHI.o)
 .data          0x00002dbc        0x0 c:/tools/ti/ccsv6.2/ccsv6/tools/compiler/msp430-gcc-5.3.0.224_win32/bin/../lib/gcc/msp430-elf/5.3.0\libgcc.a(lib2divSI.o)
 .data          0x00002dbc        0x0 c:/tools/ti/ccsv6.2/ccsv6/tools/compiler/msp430-gcc-5.3.0.224_win32/bin/../lib/gcc/msp430-elf/5.3.0\libgcc.a(_udivdi3.o)
 .data          0x00002dbc        0x0 c:/tools/ti/ccsv6.2/ccsv6/tools/compiler/msp430-gcc-5.3.0.224_win32/bin/../lib/gcc/msp430-elf/5.3.0\libgcc.a(_ashldi3.o)
 .data          0x00002dbc        0x0 c:/tools/ti/ccsv6.2/ccsv6/tools/compiler/msp430-gcc-5.3.0.224_win32/bin/../lib/gcc/msp430-elf/5.3.0\libgcc.a(_clzdi2.o)
 .data          0x00002dbc        0x0 c:/tools/ti/ccsv6.2/ccsv6/tools/compiler/msp430-gcc-5.3.0.224_win32/bin/../lib/gcc/msp430-elf/5.3.0\libmul_f5.a(lib2hw_mul_f5.o)
 .data          0x00002dbc        0x0 c:/tools/ti/ccsv6.2/ccsv6/tools/compiler/msp430-gcc-5.3.0.224_win32/bin/../lib/gcc/msp430-elf/5.3.0/../../../../msp430-elf/lib\libc.a(lib_a-memcpy.o)
 .data          0x00002dbc        0x0 c:/tools/ti/ccsv6.2/ccsv6/tools/compiler/msp430-gcc-5.3.0.224_win32/bin/../lib/gcc/msp430-elf/5.3.0/../../../../msp430-elf/lib\libc.a(lib_a-memset.o)
 .data          0x00002dbc        0x0 c:/tools/ti/ccsv6.2/ccsv6/tools/compiler/msp430-gcc-5.3.0.224_win32/bin/../lib/gcc/msp430-elf/5.3.0/../../../../msp430-elf/lib\libc.a(lib_a-puts.o)
 .data          0x00002dbc        0x0 c:/tools/ti/ccsv6.2/ccsv6/tools/compiler/msp430-gcc-5.3.0.224_win32/bin/../lib/gcc/msp430-elf/5.3.0/../../../../msp430-elf/lib\libc.a(lib_a-strlen.o)
 .data          0x00002dbc        0x0 c:/tools/ti/ccsv6.2/ccsv6/tools/compiler/msp430-gcc-5.3.0.224_win32/bin/../lib/gcc/msp430-elf/5.3.0/../../../../msp430-elf/lib\libc.a(lib_a-findfp.o)
 .data          0x00002dbc        0x0 c:/tools/ti/ccsv6.2/ccsv6/tools/compiler/msp430-gcc-5.3.0.224_win32/bin/../lib/gcc/msp430-elf/5.3.0/../../../../msp430-elf/lib\libc.a(lib_a-fvwrite.o)
 .data          0x00002dbc        0x0 c:/tools/ti/ccsv6.2/ccsv6/tools/compiler/msp430-gcc-5.3.0.224_win32/bin/../lib/gcc/msp430-elf/5.3.0/../../../../msp430-elf/lib\libc.a(lib_a-fwalk.o)
 .data          0x00002dbc        0x0 c:/tools/ti/ccsv6.2/ccsv6/tools/compiler/msp430-gcc-5.3.0.224_win32/bin/../lib/gcc/msp430-elf/5.3.0/../../../../msp430-elf/lib\libc.a(lib_a-impure.o)
 .data._impure_ptr
                0x00002dbc        0x2 c:/tools/ti/ccsv6.2/ccsv6/tools/compiler/msp430-gcc-5.3.0.224_win32/bin/../lib/gcc/msp430-elf/5.3.0/../../../../msp430-elf/lib\libc.a(lib_a-impure.o)
                0x00002dbc                _impure_ptr
 .data.impure_data
                0x00002dbe       0x78 c:/tools/ti/ccsv6.2/ccsv6/tools/compiler/msp430-gcc-5.3.0.224_win32/bin/../lib/gcc/msp430-elf/5.3.0/../../../../msp430-elf/lib\libc.a(lib_a-impure.o)
 .data          0x00002e36        0x0 c:/tools/ti/ccsv6.2/ccsv6/tools/compiler/msp430-gcc-5.3.0.224_win32/bin/../lib/gcc/msp430-elf/5.3.0/../../../../msp430-elf/lib\libc.a(lib_a-memchr.o)
 .data          0x00002e36        0x0 c:/tools/ti/ccsv6.2/ccsv6/tools/compiler/msp430-gcc-5.3.0.224_win32/bin/../lib/gcc/msp430-elf/5.3.0/../../../../msp430-elf/lib\libc.a(lib_a-memmove.o)
 .data          0x00002e36        0x0 c:/tools/ti/ccsv6.2/ccsv6/tools/compiler/msp430-gcc-5.3.0.224_win32/bin/../lib/gcc/msp430-elf/5.3.0/../../../../msp430-elf/lib\libc.a(lib_a-nano-freer.o)
 .data          0x00002e36        0x0 c:/tools/ti/ccsv6.2/ccsv6/tools/compiler/msp430-gcc-5.3.0.224_win32/bin/../lib/gcc/msp430-elf/5.3.0/../../../../msp430-elf/lib\libc.a(lib_a-nano-mallocr.o)
 .data          0x00002e36        0x0 c:/tools/ti/ccsv6.2/ccsv6/tools/compiler/msp430-gcc-5.3.0.224_win32/bin/../lib/gcc/msp430-elf/5.3.0/../../../../msp430-elf/lib\libc.a(lib_a-nano-reallocr.o)
 .data          0x00002e36        0x0 c:/tools/ti/ccsv6.2/ccsv6/tools/compiler/msp430-gcc-5.3.0.224_win32/bin/../lib/gcc/msp430-elf/5.3.0/../../../../msp430-elf/lib\libc.a(lib_a-sbrkr.o)
 .data          0x00002e36        0x0 c:/tools/ti/ccsv6.2/ccsv6/tools/compiler/msp430-gcc-5.3.0.224_win32/bin/../lib/gcc/msp430-elf/5.3.0/../../../../msp430-elf/lib\libc.a(lib_a-stdio.o)
 .data          0x00002e36        0x0 c:/tools/ti/ccsv6.2/ccsv6/tools/compiler/msp430-gcc-5.3.0.224_win32/bin/../lib/gcc/msp430-elf/5.3.0/../../../../msp430-elf/lib\libc.a(lib_a-writer.o)
 .data          0x00002e36        0x0 c:/tools/ti/ccsv6.2/ccsv6/tools/compiler/msp430-gcc-5.3.0.224_win32/bin/../lib/gcc/msp430-elf/5.3.0/../../../../msp430-elf/lib\libc.a(lib_a-wsetup.o)
 .data          0x00002e36        0x0 c:/tools/ti/ccsv6.2/ccsv6/tools/compiler/msp430-gcc-5.3.0.224_win32/bin/../lib/gcc/msp430-elf/5.3.0/../../../../msp430-elf/lib\libc.a(lib_a-closer.o)
 .data          0x00002e36        0x0 c:/tools/ti/ccsv6.2/ccsv6/tools/compiler/msp430-gcc-5.3.0.224_win32/bin/../lib/gcc/msp430-elf/5.3.0/../../../../msp430-elf/lib\libc.a(lib_a-fclose.o)
 .data          0x00002e36        0x0 c:/tools/ti/ccsv6.2/ccsv6/tools/compiler/msp430-gcc-5.3.0.224_win32/bin/../lib/gcc/msp430-elf/5.3.0/../../../../msp430-elf/lib\libc.a(lib_a-fflush.o)
 .data          0x00002e36        0x0 c:/tools/ti/ccsv6.2/ccsv6/tools/compiler/msp430-gcc-5.3.0.224_win32/bin/../lib/gcc/msp430-elf/5.3.0/../../../../msp430-elf/lib\libc.a(lib_a-lseekr.o)
 .data          0x00002e36        0x0 c:/tools/ti/ccsv6.2/ccsv6/tools/compiler/msp430-gcc-5.3.0.224_win32/bin/../lib/gcc/msp430-elf/5.3.0/../../../../msp430-elf/lib\libc.a(lib_a-makebuf.o)
 .data          0x00002e36        0x0 c:/tools/ti/ccsv6.2/ccsv6/tools/compiler/msp430-gcc-5.3.0.224_win32/bin/../lib/gcc/msp430-elf/5.3.0/../../../../msp430-elf/lib\libc.a(lib_a-nano-msizer.o)
 .data          0x00002e36        0x0 c:/tools/ti/ccsv6.2/ccsv6/tools/compiler/msp430-gcc-5.3.0.224_win32/bin/../lib/gcc/msp430-elf/5.3.0/../../../../msp430-elf/lib\libc.a(lib_a-readr.o)
 .data          0x00002e36        0x0 c:/tools/ti/ccsv6.2/ccsv6/tools/compiler/msp430-gcc-5.3.0.224_win32/bin/../lib/gcc/msp430-elf/5.3.0/../../../../msp430-elf/lib\libc.a(lib_a-reent.o)
 .data          0x00002e36        0x0 c:/tools/ti/ccsv6.2/ccsv6/tools/compiler/msp430-gcc-5.3.0.224_win32/bin/../lib/gcc/msp430-elf/5.3.0/../../../../msp430-elf/lib\libc.a(lib_a-fstatr.o)
 .data          0x00002e36        0x0 c:/tools/ti/ccsv6.2/ccsv6/tools/compiler/msp430-gcc-5.3.0.224_win32/bin/../lib/gcc/msp430-elf/5.3.0/../../../../msp430-elf/lib\libc.a(lib_a-isattyr.o)
 .data          0x00002e36        0x0 c:/tools/ti/ccsv6.2/ccsv6/tools/compiler/msp430-gcc-5.3.0.224_win32/bin/../lib/gcc/msp430-elf/5.3.0/../../../../msp430-elf/lib\libcrt.a(crt_bss.o)
 .data          0x00002e36        0x0 c:/tools/ti/ccsv6.2/ccsv6/tools/compiler/msp430-gcc-5.3.0.224_win32/bin/../lib/gcc/msp430-elf/5.3.0/../../../../msp430-elf/lib\libcrt.a(crt_movedata.o)
 .data          0x00002e36        0x0 c:/tools/ti/ccsv6.2/ccsv6/tools/compiler/msp430-gcc-5.3.0.224_win32/bin/../lib/gcc/msp430-elf/5.3.0/../../../../msp430-elf/lib\libcrt.a(crt_main.o)
 .data          0x00002e36        0x0 c:/tools/ti/ccsv6.2/ccsv6/tools/compiler/msp430-gcc-5.3.0.224_win32/bin/../lib/gcc/msp430-elf/5.3.0/../../../../msp430-elf/lib\libcrt.a(crt_callexit.o)
 .data          0x00002e36        0x0 c:/tools/ti/ccsv6.2/ccsv6/tools/compiler/msp430-gcc-5.3.0.224_win32/bin/../lib/gcc/msp430-elf/5.3.0/../../../../msp430-elf/lib\libnosys.a(ciosyscalls.o)
 .data          0x00002e36        0x0 c:/tools/ti/ccsv6.2/ccsv6/tools/compiler/msp430-gcc-5.3.0.224_win32/bin/../lib/gcc/msp430-elf/5.3.0/../../../../msp430-elf/lib\libnosys.a(write.o)
 .data          0x00002e36        0x0 c:/tools/ti/ccsv6.2/ccsv6/tools/compiler/msp430-gcc-5.3.0.224_win32/bin/../lib/gcc/msp430-elf/5.3.0/../../../../msp430-elf/lib\libnosys.a(sbrk.o)
 .data.heap.1456
                0x00002e36        0x2 c:/tools/ti/ccsv6.2/ccsv6/tools/compiler/msp430-gcc-5.3.0.224_win32/bin/../lib/gcc/msp430-elf/5.3.0/../../../../msp430-elf/lib\libnosys.a(sbrk.o)
 .data          0x00002e38       0x4b c:/tools/ti/ccsv6.2/ccsv6/tools/compiler/msp430-gcc-5.3.0.224_win32/bin/../lib/gcc/msp430-elf/5.3.0/../../../../msp430-elf/lib\libnosys.a(cio.o)
                0x00002e38                _CIOBUF_
                0x00002e38                __CIOBUF__
 .data          0x00002e83        0x0 c:/tools/ti/ccsv6.2/ccsv6/tools/compiler/msp430-gcc-5.3.0.224_win32/bin/../lib/gcc/msp430-elf/5.3.0/../../../../msp430-elf/lib\libc.a(lib_a-abort.o)
 .data          0x00002e83        0x0 c:/tools/ti/ccsv6.2/ccsv6/tools/compiler/msp430-gcc-5.3.0.224_win32/bin/../lib/gcc/msp430-elf/5.3.0/../../../../msp430-elf/lib\libc.a(lib_a-errno.o)
 .data          0x00002e83        0x0 c:/tools/ti/ccsv6.2/ccsv6/tools/compiler/msp430-gcc-5.3.0.224_win32/bin/../lib/gcc/msp430-elf/5.3.0/../../../../msp430-elf/lib\libc.a(lib_a-signal.o)
 .data          0x00002e83        0x0 c:/tools/ti/ccsv6.2/ccsv6/tools/compiler/msp430-gcc-5.3.0.224_win32/bin/../lib/gcc/msp430-elf/5.3.0/../../../../msp430-elf/lib\libc.a(lib_a-signalr.o)
 .data          0x00002e83        0x0 c:/tools/ti/ccsv6.2/ccsv6/tools/compiler/msp430-gcc-5.3.0.224_win32/bin/../lib/gcc/msp430-elf/5.3.0/crtend.o
 .data          0x00002e83        0x0 c:/tools/ti/ccsv6.2/ccsv6/tools/compiler/msp430-gcc-5.3.0.224_win32/bin/../lib/gcc/msp430-elf/5.3.0/../../../../msp430-elf/lib/crtn.o
 *(.gnu.linkonce.d.*personality*)
 *(.data1)
 *(.got.plt)
 *(.got)
                0x00002e84                . = ALIGN (0x2)
 *fill*         0x00002e83        0x1 
 *(.sdata .sdata.* .gnu.linkonce.s.* D_2 D_1)
                0x00002e84                . = ALIGN (0x2)
                0x00002e84                _edata = .
                [!provide]                PROVIDE (edata, .)
                [!provide]                PROVIDE (__dataend, .)
                0x00004ef0                PROVIDE (__romdatastart, LOADADDR (.data))
                0x00000a84                PROVIDE (__romdatacopysize, SIZEOF (.data))

.bss            0x00002e84       0x4e load address 0x00005974
                0x00002e84                . = ALIGN (0x2)
                0x00002e84                PROVIDE (__bssstart, .)
 *(.lower.bss.* .lower.bss)
                0x00002e84                . = ALIGN (0x2)
 *(.either.bss.* .either.bss)
 *(.dynbss)
 *(.sbss .sbss.*)
 *(.bss .bss.* .gnu.linkonce.b.*)
 .bss           0x00002e84        0x0 c:/tools/ti/ccsv6.2/ccsv6/tools/compiler/msp430-gcc-5.3.0.224_win32/bin/../lib/gcc/msp430-elf/5.3.0/../../../../msp430-elf/lib/crt0.o
 .bss           0x00002e84        0x0 c:/tools/ti/ccsv6.2/ccsv6/tools/compiler/msp430-gcc-5.3.0.224_win32/bin/../lib/gcc/msp430-elf/5.3.0/crtbegin.o
 .bss.completed.3106
                0x00002e84        0x1 c:/tools/ti/ccsv6.2/ccsv6/tools/compiler/msp430-gcc-5.3.0.224_win32/bin/../lib/gcc/msp430-elf/5.3.0/crtbegin.o
 *fill*         0x00002e85        0x1 
 .bss.dtor_idx.3108
                0x00002e86        0x2 c:/tools/ti/ccsv6.2/ccsv6/tools/compiler/msp430-gcc-5.3.0.224_win32/bin/../lib/gcc/msp430-elf/5.3.0/crtbegin.o
 .bss.object.3121
                0x00002e88        0xe c:/tools/ti/ccsv6.2/ccsv6/tools/compiler/msp430-gcc-5.3.0.224_win32/bin/../lib/gcc/msp430-elf/5.3.0/crtbegin.o
 .bss           0x00002e96        0x0 ./src/can.o
 .bss           0x00002e96        0x8 ./src/main.o
 .bss           0x00002e9e        0x0 c:/tools/ti/ccsv6.2/ccsv6/tools/compiler/msp430-gcc-5.3.0.224_win32/bin/../lib/gcc/msp430-elf/5.3.0\libgcc.a(_fixunssfsi.o)
 .bss           0x00002e9e        0x0 c:/tools/ti/ccsv6.2/ccsv6/tools/compiler/msp430-gcc-5.3.0.224_win32/bin/../lib/gcc/msp430-elf/5.3.0\libgcc.a(_addsub_sf.o)
 .bss           0x00002e9e        0x0 c:/tools/ti/ccsv6.2/ccsv6/tools/compiler/msp430-gcc-5.3.0.224_win32/bin/../lib/gcc/msp430-elf/5.3.0\libgcc.a(_mul_sf.o)
 .bss           0x00002e9e        0x0 c:/tools/ti/ccsv6.2/ccsv6/tools/compiler/msp430-gcc-5.3.0.224_win32/bin/../lib/gcc/msp430-elf/5.3.0\libgcc.a(_div_sf.o)
 .bss           0x00002e9e        0x0 c:/tools/ti/ccsv6.2/ccsv6/tools/compiler/msp430-gcc-5.3.0.224_win32/bin/../lib/gcc/msp430-elf/5.3.0\libgcc.a(_ge_sf.o)
 .bss           0x00002e9e        0x0 c:/tools/ti/ccsv6.2/ccsv6/tools/compiler/msp430-gcc-5.3.0.224_win32/bin/../lib/gcc/msp430-elf/5.3.0\libgcc.a(_sf_to_si.o)
 .bss           0x00002e9e        0x0 c:/tools/ti/ccsv6.2/ccsv6/tools/compiler/msp430-gcc-5.3.0.224_win32/bin/../lib/gcc/msp430-elf/5.3.0\libgcc.a(_thenan_sf.o)
 .bss           0x00002e9e        0x0 c:/tools/ti/ccsv6.2/ccsv6/tools/compiler/msp430-gcc-5.3.0.224_win32/bin/../lib/gcc/msp430-elf/5.3.0\libgcc.a(_usi_to_sf.o)
 .bss           0x00002e9e        0x0 c:/tools/ti/ccsv6.2/ccsv6/tools/compiler/msp430-gcc-5.3.0.224_win32/bin/../lib/gcc/msp430-elf/5.3.0\libgcc.a(slli.o)
 .bss           0x00002e9e        0x0 c:/tools/ti/ccsv6.2/ccsv6/tools/compiler/msp430-gcc-5.3.0.224_win32/bin/../lib/gcc/msp430-elf/5.3.0\libgcc.a(srai.o)
 .bss           0x00002e9e        0x0 c:/tools/ti/ccsv6.2/ccsv6/tools/compiler/msp430-gcc-5.3.0.224_win32/bin/../lib/gcc/msp430-elf/5.3.0\libgcc.a(srli.o)
 .bss           0x00002e9e        0x0 c:/tools/ti/ccsv6.2/ccsv6/tools/compiler/msp430-gcc-5.3.0.224_win32/bin/../lib/gcc/msp430-elf/5.3.0\libgcc.a(_muldi3.o)
 .bss           0x00002e9e        0x0 c:/tools/ti/ccsv6.2/ccsv6/tools/compiler/msp430-gcc-5.3.0.224_win32/bin/../lib/gcc/msp430-elf/5.3.0\libgcc.a(_lshrdi3.o)
 .bss           0x00002e9e        0x0 c:/tools/ti/ccsv6.2/ccsv6/tools/compiler/msp430-gcc-5.3.0.224_win32/bin/../lib/gcc/msp430-elf/5.3.0\libgcc.a(_clzsi2.o)
 .bss           0x00002e9e        0x0 c:/tools/ti/ccsv6.2/ccsv6/tools/compiler/msp430-gcc-5.3.0.224_win32/bin/../lib/gcc/msp430-elf/5.3.0\libgcc.a(_pack_sf.o)
 .bss           0x00002e9e        0x0 c:/tools/ti/ccsv6.2/ccsv6/tools/compiler/msp430-gcc-5.3.0.224_win32/bin/../lib/gcc/msp430-elf/5.3.0\libgcc.a(_unpack_sf.o)
 .bss           0x00002e9e        0x0 c:/tools/ti/ccsv6.2/ccsv6/tools/compiler/msp430-gcc-5.3.0.224_win32/bin/../lib/gcc/msp430-elf/5.3.0\libgcc.a(_fpcmp_parts_sf.o)
 .bss           0x00002e9e        0x0 c:/tools/ti/ccsv6.2/ccsv6/tools/compiler/msp430-gcc-5.3.0.224_win32/bin/../lib/gcc/msp430-elf/5.3.0\libgcc.a(_clz.o)
 .bss           0x00002e9e        0x0 C:/Users/Lab/Desktop/Workspace/RTBS_BaseProject/libs/RTOS\libBase_RTOS_lib.a(core.o)
 .bss           0x00002e9e        0x0 C:/Users/Lab/Desktop/Workspace/RTBS_BaseProject/libs/RTOS\libBase_RTOS_lib.a(kernel.o)
 .bss           0x00002e9e        0x0 C:/Users/Lab/Desktop/Workspace/RTBS_BaseProject/libs/RTOS\libBase_RTOS_lib.a(timer.o)
 .bss           0x00002e9e        0x0 C:/Users/Lab/Desktop/Workspace/RTBS_BaseProject/libs/RTOS\libBase_RTOS_lib.a(sysinfo.o)
 .bss           0x00002e9e        0x1 C:/Users/Lab/Desktop/Workspace/RTBS_BaseProject/libs/RTOS\libBase_RTOS_lib.a(printfx.o)
 .bss           0x00002e9f        0x0 C:/Users/Lab/Desktop/Workspace/RTBS_BaseProject/libs/RTOS\libBase_RTOS_lib.a(sysclk.o)
 .bss           0x00002e9f        0x0 C:/Users/Lab/Desktop/Workspace/RTBS_BaseProject/libs/RTOS\libBase_RTOS_lib.a(uart_tx.o)
 .bss           0x00002e9f        0x0 C:/Users/Lab/Desktop/Workspace/RTBS_BaseProject/libs/RTOS\libBase_RTOS_lib.a(pmm.o)
 .bss           0x00002e9f        0x0 c:/tools/ti/ccsv6.2/ccsv6/tools/compiler/msp430-gcc-5.3.0.224_win32/bin/../lib/gcc/msp430-elf/5.3.0\libgcc.a(lib2divHI.o)
 .bss           0x00002e9f        0x0 c:/tools/ti/ccsv6.2/ccsv6/tools/compiler/msp430-gcc-5.3.0.224_win32/bin/../lib/gcc/msp430-elf/5.3.0\libgcc.a(lib2divSI.o)
 .bss           0x00002e9f        0x0 c:/tools/ti/ccsv6.2/ccsv6/tools/compiler/msp430-gcc-5.3.0.224_win32/bin/../lib/gcc/msp430-elf/5.3.0\libgcc.a(_udivdi3.o)
 .bss           0x00002e9f        0x0 c:/tools/ti/ccsv6.2/ccsv6/tools/compiler/msp430-gcc-5.3.0.224_win32/bin/../lib/gcc/msp430-elf/5.3.0\libgcc.a(_ashldi3.o)
 .bss           0x00002e9f        0x0 c:/tools/ti/ccsv6.2/ccsv6/tools/compiler/msp430-gcc-5.3.0.224_win32/bin/../lib/gcc/msp430-elf/5.3.0\libgcc.a(_clzdi2.o)
 .bss           0x00002e9f        0x0 c:/tools/ti/ccsv6.2/ccsv6/tools/compiler/msp430-gcc-5.3.0.224_win32/bin/../lib/gcc/msp430-elf/5.3.0\libmul_f5.a(lib2hw_mul_f5.o)
 .bss           0x00002e9f        0x0 c:/tools/ti/ccsv6.2/ccsv6/tools/compiler/msp430-gcc-5.3.0.224_win32/bin/../lib/gcc/msp430-elf/5.3.0/../../../../msp430-elf/lib\libc.a(lib_a-memcpy.o)
 .bss           0x00002e9f        0x0 c:/tools/ti/ccsv6.2/ccsv6/tools/compiler/msp430-gcc-5.3.0.224_win32/bin/../lib/gcc/msp430-elf/5.3.0/../../../../msp430-elf/lib\libc.a(lib_a-memset.o)
 .bss           0x00002e9f        0x0 c:/tools/ti/ccsv6.2/ccsv6/tools/compiler/msp430-gcc-5.3.0.224_win32/bin/../lib/gcc/msp430-elf/5.3.0/../../../../msp430-elf/lib\libc.a(lib_a-puts.o)
 .bss           0x00002e9f        0x0 c:/tools/ti/ccsv6.2/ccsv6/tools/compiler/msp430-gcc-5.3.0.224_win32/bin/../lib/gcc/msp430-elf/5.3.0/../../../../msp430-elf/lib\libc.a(lib_a-strlen.o)
 .bss           0x00002e9f        0x0 c:/tools/ti/ccsv6.2/ccsv6/tools/compiler/msp430-gcc-5.3.0.224_win32/bin/../lib/gcc/msp430-elf/5.3.0/../../../../msp430-elf/lib\libc.a(lib_a-findfp.o)
 .bss           0x00002e9f        0x0 c:/tools/ti/ccsv6.2/ccsv6/tools/compiler/msp430-gcc-5.3.0.224_win32/bin/../lib/gcc/msp430-elf/5.3.0/../../../../msp430-elf/lib\libc.a(lib_a-fvwrite.o)
 .bss           0x00002e9f        0x0 c:/tools/ti/ccsv6.2/ccsv6/tools/compiler/msp430-gcc-5.3.0.224_win32/bin/../lib/gcc/msp430-elf/5.3.0/../../../../msp430-elf/lib\libc.a(lib_a-fwalk.o)
 .bss           0x00002e9f        0x0 c:/tools/ti/ccsv6.2/ccsv6/tools/compiler/msp430-gcc-5.3.0.224_win32/bin/../lib/gcc/msp430-elf/5.3.0/../../../../msp430-elf/lib\libc.a(lib_a-impure.o)
 .bss           0x00002e9f        0x0 c:/tools/ti/ccsv6.2/ccsv6/tools/compiler/msp430-gcc-5.3.0.224_win32/bin/../lib/gcc/msp430-elf/5.3.0/../../../../msp430-elf/lib\libc.a(lib_a-memchr.o)
 .bss           0x00002e9f        0x0 c:/tools/ti/ccsv6.2/ccsv6/tools/compiler/msp430-gcc-5.3.0.224_win32/bin/../lib/gcc/msp430-elf/5.3.0/../../../../msp430-elf/lib\libc.a(lib_a-memmove.o)
 .bss           0x00002e9f        0x0 c:/tools/ti/ccsv6.2/ccsv6/tools/compiler/msp430-gcc-5.3.0.224_win32/bin/../lib/gcc/msp430-elf/5.3.0/../../../../msp430-elf/lib\libc.a(lib_a-nano-freer.o)
 .bss           0x00002e9f        0x0 c:/tools/ti/ccsv6.2/ccsv6/tools/compiler/msp430-gcc-5.3.0.224_win32/bin/../lib/gcc/msp430-elf/5.3.0/../../../../msp430-elf/lib\libc.a(lib_a-nano-mallocr.o)
 *fill*         0x00002e9f        0x1 
 .bss.__malloc_sbrk_start
                0x00002ea0        0x2 c:/tools/ti/ccsv6.2/ccsv6/tools/compiler/msp430-gcc-5.3.0.224_win32/bin/../lib/gcc/msp430-elf/5.3.0/../../../../msp430-elf/lib\libc.a(lib_a-nano-mallocr.o)
                0x00002ea0                __malloc_sbrk_start
 .bss.__malloc_free_list
                0x00002ea2        0x2 c:/tools/ti/ccsv6.2/ccsv6/tools/compiler/msp430-gcc-5.3.0.224_win32/bin/../lib/gcc/msp430-elf/5.3.0/../../../../msp430-elf/lib\libc.a(lib_a-nano-mallocr.o)
                0x00002ea2                __malloc_free_list
 .bss           0x00002ea4        0x0 c:/tools/ti/ccsv6.2/ccsv6/tools/compiler/msp430-gcc-5.3.0.224_win32/bin/../lib/gcc/msp430-elf/5.3.0/../../../../msp430-elf/lib\libc.a(lib_a-nano-reallocr.o)
 .bss           0x00002ea4        0x0 c:/tools/ti/ccsv6.2/ccsv6/tools/compiler/msp430-gcc-5.3.0.224_win32/bin/../lib/gcc/msp430-elf/5.3.0/../../../../msp430-elf/lib\libc.a(lib_a-sbrkr.o)
 .bss           0x00002ea4        0x0 c:/tools/ti/ccsv6.2/ccsv6/tools/compiler/msp430-gcc-5.3.0.224_win32/bin/../lib/gcc/msp430-elf/5.3.0/../../../../msp430-elf/lib\libc.a(lib_a-stdio.o)
 .bss           0x00002ea4        0x0 c:/tools/ti/ccsv6.2/ccsv6/tools/compiler/msp430-gcc-5.3.0.224_win32/bin/../lib/gcc/msp430-elf/5.3.0/../../../../msp430-elf/lib\libc.a(lib_a-writer.o)
 .bss           0x00002ea4        0x0 c:/tools/ti/ccsv6.2/ccsv6/tools/compiler/msp430-gcc-5.3.0.224_win32/bin/../lib/gcc/msp430-elf/5.3.0/../../../../msp430-elf/lib\libc.a(lib_a-wsetup.o)
 .bss           0x00002ea4        0x0 c:/tools/ti/ccsv6.2/ccsv6/tools/compiler/msp430-gcc-5.3.0.224_win32/bin/../lib/gcc/msp430-elf/5.3.0/../../../../msp430-elf/lib\libc.a(lib_a-closer.o)
 .bss           0x00002ea4        0x0 c:/tools/ti/ccsv6.2/ccsv6/tools/compiler/msp430-gcc-5.3.0.224_win32/bin/../lib/gcc/msp430-elf/5.3.0/../../../../msp430-elf/lib\libc.a(lib_a-fclose.o)
 .bss           0x00002ea4        0x0 c:/tools/ti/ccsv6.2/ccsv6/tools/compiler/msp430-gcc-5.3.0.224_win32/bin/../lib/gcc/msp430-elf/5.3.0/../../../../msp430-elf/lib\libc.a(lib_a-fflush.o)
 .bss           0x00002ea4        0x0 c:/tools/ti/ccsv6.2/ccsv6/tools/compiler/msp430-gcc-5.3.0.224_win32/bin/../lib/gcc/msp430-elf/5.3.0/../../../../msp430-elf/lib\libc.a(lib_a-lseekr.o)
 .bss           0x00002ea4        0x0 c:/tools/ti/ccsv6.2/ccsv6/tools/compiler/msp430-gcc-5.3.0.224_win32/bin/../lib/gcc/msp430-elf/5.3.0/../../../../msp430-elf/lib\libc.a(lib_a-makebuf.o)
 .bss           0x00002ea4        0x0 c:/tools/ti/ccsv6.2/ccsv6/tools/compiler/msp430-gcc-5.3.0.224_win32/bin/../lib/gcc/msp430-elf/5.3.0/../../../../msp430-elf/lib\libc.a(lib_a-nano-msizer.o)
 .bss           0x00002ea4        0x0 c:/tools/ti/ccsv6.2/ccsv6/tools/compiler/msp430-gcc-5.3.0.224_win32/bin/../lib/gcc/msp430-elf/5.3.0/../../../../msp430-elf/lib\libc.a(lib_a-readr.o)
 .bss           0x00002ea4        0x0 c:/tools/ti/ccsv6.2/ccsv6/tools/compiler/msp430-gcc-5.3.0.224_win32/bin/../lib/gcc/msp430-elf/5.3.0/../../../../msp430-elf/lib\libc.a(lib_a-reent.o)
 .bss           0x00002ea4        0x0 c:/tools/ti/ccsv6.2/ccsv6/tools/compiler/msp430-gcc-5.3.0.224_win32/bin/../lib/gcc/msp430-elf/5.3.0/../../../../msp430-elf/lib\libc.a(lib_a-fstatr.o)
 .bss           0x00002ea4        0x0 c:/tools/ti/ccsv6.2/ccsv6/tools/compiler/msp430-gcc-5.3.0.224_win32/bin/../lib/gcc/msp430-elf/5.3.0/../../../../msp430-elf/lib\libc.a(lib_a-isattyr.o)
 .bss           0x00002ea4        0x0 c:/tools/ti/ccsv6.2/ccsv6/tools/compiler/msp430-gcc-5.3.0.224_win32/bin/../lib/gcc/msp430-elf/5.3.0/../../../../msp430-elf/lib\libcrt.a(crt_bss.o)
 .bss           0x00002ea4        0x0 c:/tools/ti/ccsv6.2/ccsv6/tools/compiler/msp430-gcc-5.3.0.224_win32/bin/../lib/gcc/msp430-elf/5.3.0/../../../../msp430-elf/lib\libcrt.a(crt_movedata.o)
 .bss           0x00002ea4        0x0 c:/tools/ti/ccsv6.2/ccsv6/tools/compiler/msp430-gcc-5.3.0.224_win32/bin/../lib/gcc/msp430-elf/5.3.0/../../../../msp430-elf/lib\libcrt.a(crt_main.o)
 .bss           0x00002ea4        0x0 c:/tools/ti/ccsv6.2/ccsv6/tools/compiler/msp430-gcc-5.3.0.224_win32/bin/../lib/gcc/msp430-elf/5.3.0/../../../../msp430-elf/lib\libcrt.a(crt_callexit.o)
 .bss           0x00002ea4        0x0 c:/tools/ti/ccsv6.2/ccsv6/tools/compiler/msp430-gcc-5.3.0.224_win32/bin/../lib/gcc/msp430-elf/5.3.0/../../../../msp430-elf/lib\libnosys.a(ciosyscalls.o)
 .bss           0x00002ea4        0x0 c:/tools/ti/ccsv6.2/ccsv6/tools/compiler/msp430-gcc-5.3.0.224_win32/bin/../lib/gcc/msp430-elf/5.3.0/../../../../msp430-elf/lib\libnosys.a(write.o)
 .bss           0x00002ea4        0x0 c:/tools/ti/ccsv6.2/ccsv6/tools/compiler/msp430-gcc-5.3.0.224_win32/bin/../lib/gcc/msp430-elf/5.3.0/../../../../msp430-elf/lib\libnosys.a(sbrk.o)
 .bss           0x00002ea4        0x0 c:/tools/ti/ccsv6.2/ccsv6/tools/compiler/msp430-gcc-5.3.0.224_win32/bin/../lib/gcc/msp430-elf/5.3.0/../../../../msp430-elf/lib\libnosys.a(cio.o)
 .bss           0x00002ea4        0x0 c:/tools/ti/ccsv6.2/ccsv6/tools/compiler/msp430-gcc-5.3.0.224_win32/bin/../lib/gcc/msp430-elf/5.3.0/../../../../msp430-elf/lib\libc.a(lib_a-abort.o)
 .bss           0x00002ea4        0x0 c:/tools/ti/ccsv6.2/ccsv6/tools/compiler/msp430-gcc-5.3.0.224_win32/bin/../lib/gcc/msp430-elf/5.3.0/../../../../msp430-elf/lib\libc.a(lib_a-errno.o)
 .bss           0x00002ea4        0x0 c:/tools/ti/ccsv6.2/ccsv6/tools/compiler/msp430-gcc-5.3.0.224_win32/bin/../lib/gcc/msp430-elf/5.3.0/../../../../msp430-elf/lib\libc.a(lib_a-signal.o)
 .bss           0x00002ea4        0x0 c:/tools/ti/ccsv6.2/ccsv6/tools/compiler/msp430-gcc-5.3.0.224_win32/bin/../lib/gcc/msp430-elf/5.3.0/../../../../msp430-elf/lib\libc.a(lib_a-signalr.o)
 .bss           0x00002ea4        0x0 c:/tools/ti/ccsv6.2/ccsv6/tools/compiler/msp430-gcc-5.3.0.224_win32/bin/../lib/gcc/msp430-elf/5.3.0/crtend.o
 .bss           0x00002ea4        0x0 c:/tools/ti/ccsv6.2/ccsv6/tools/compiler/msp430-gcc-5.3.0.224_win32/bin/../lib/gcc/msp430-elf/5.3.0/../../../../msp430-elf/lib/crtn.o
                0x00002ea4                . = ALIGN (0x2)
 *(COMMON)
 COMMON         0x00002ea4       0x1e ./src/can.o
                0x00002ea4                can_buffer_len
                0x00002ea6                CANConfig
                0x00002eae                can_buffer
 COMMON         0x00002ec2        0x5 C:/Users/Lab/Desktop/Workspace/RTBS_BaseProject/libs/RTOS\libBase_RTOS_lib.a(kernel.o)
                0x00002ec2                os_sca
                0x00002ec4                os_sp
 *fill*         0x00002ec7        0x1 
 COMMON         0x00002ec8        0x8 C:/Users/Lab/Desktop/Workspace/RTBS_BaseProject/libs/RTOS\libBase_RTOS_lib.a(timer.o)
                0x00002ec8                os_timeline
 COMMON         0x00002ed0        0x2 c:/tools/ti/ccsv6.2/ccsv6/tools/compiler/msp430-gcc-5.3.0.224_win32/bin/../lib/gcc/msp430-elf/5.3.0/../../../../msp430-elf/lib\libc.a(lib_a-reent.o)
                0x00002ed0                errno
                [!provide]                PROVIDE (__bssend, .)
                0x0000004e                PROVIDE (__bsssize, SIZEOF (.bss))

.noinit         0x00002ed2        0x0 load address 0x00005974
                0x00002ed2                . = ALIGN (0x2)
                [!provide]                PROVIDE (__noinit_start, .)
 *(.noinit)
                0x00002ed2                . = ALIGN (0x2)
                [!provide]                PROVIDE (__noinit_end, .)
                0x00002ed2                _end = .
                0x00002ed2                PROVIDE (end, .)

.stack          0x00004400        0x0
                0x00004400                PROVIDE (__stack, .)
 *(.stack)

.lowtext        0x00005974       0x6a
                0x00005974                PROVIDE (_start, .)
                0x00005974                . = ALIGN (0x2)
 *(SORT(.crt_*))
 .crt_0000start
                0x00005974        0x4 c:/tools/ti/ccsv6.2/ccsv6/tools/compiler/msp430-gcc-5.3.0.224_win32/bin/../lib/gcc/msp430-elf/5.3.0/../../../../msp430-elf/lib/crt0.o
                0x00005974                __crt0_start
 .crt_0100init_bss
                0x00005978        0xe c:/tools/ti/ccsv6.2/ccsv6/tools/compiler/msp430-gcc-5.3.0.224_win32/bin/../lib/gcc/msp430-elf/5.3.0/../../../../msp430-elf/lib\libcrt.a(crt_bss.o)
                0x00005978                __crt0_init_bss
 .crt_0300movedata
                0x00005986       0x14 c:/tools/ti/ccsv6.2/ccsv6/tools/compiler/msp430-gcc-5.3.0.224_win32/bin/../lib/gcc/msp430-elf/5.3.0/../../../../msp430-elf/lib\libcrt.a(crt_movedata.o)
                0x00005986                __crt0_movedata
 .crt_0700call_init_then_main
                0x0000599a        0xa c:/tools/ti/ccsv6.2/ccsv6/tools/compiler/msp430-gcc-5.3.0.224_win32/bin/../lib/gcc/msp430-elf/5.3.0/../../../../msp430-elf/lib\libcrt.a(crt_main.o)
                0x0000599a                __crt0_call_init_then_main
 .crt_0800call_exit
                0x000059a4        0x4 c:/tools/ti/ccsv6.2/ccsv6/tools/compiler/msp430-gcc-5.3.0.224_win32/bin/../lib/gcc/msp430-elf/5.3.0/../../../../msp430-elf/lib\libcrt.a(crt_callexit.o)
                0x000059a4                __crt0_call_exit
 .crt_0900main_init
                0x000059a8       0x36 c:/tools/ti/ccsv6.2/ccsv6/tools/compiler/msp430-gcc-5.3.0.224_win32/bin/../lib/gcc/msp430-elf/5.3.0/../../../../msp430-elf/lib/crt0.o
                0x000059a8                _msp430_run_init_array
                0x000059b4                _msp430_run_preinit_array
                0x000059c0                _msp430_run_fini_array
 *(.lowtext)

.text           0x000059de     0x5e63
                0x000059de                . = ALIGN (0x2)
 *(.lower.text.* .lower.text)
                0x000059de                . = ALIGN (0x2)
 *(.text .stub .text.* .gnu.linkonce.t.* .text:*)
 .text          0x000059de        0x0 c:/tools/ti/ccsv6.2/ccsv6/tools/compiler/msp430-gcc-5.3.0.224_win32/bin/../lib/gcc/msp430-elf/5.3.0/../../../../msp430-elf/lib/crt0.o
 .text          0x000059de        0x4 c:/tools/ti/ccsv6.2/ccsv6/tools/compiler/msp430-gcc-5.3.0.224_win32/bin/../lib/gcc/msp430-elf/5.3.0/crtbegin.o
 .text.deregister_tm_clones
                0x000059e2       0x1e c:/tools/ti/ccsv6.2/ccsv6/tools/compiler/msp430-gcc-5.3.0.224_win32/bin/../lib/gcc/msp430-elf/5.3.0/crtbegin.o
 .text.register_tm_clones
                0x00005a00       0x2a c:/tools/ti/ccsv6.2/ccsv6/tools/compiler/msp430-gcc-5.3.0.224_win32/bin/../lib/gcc/msp430-elf/5.3.0/crtbegin.o
 .text.__do_global_dtors_aux
                0x00005a2a       0x4a c:/tools/ti/ccsv6.2/ccsv6/tools/compiler/msp430-gcc-5.3.0.224_win32/bin/../lib/gcc/msp430-elf/5.3.0/crtbegin.o
 .text.call___do_global_dtors_aux
                0x00005a74        0x0 c:/tools/ti/ccsv6.2/ccsv6/tools/compiler/msp430-gcc-5.3.0.224_win32/bin/../lib/gcc/msp430-elf/5.3.0/crtbegin.o
 .text.frame_dummy
                0x00005a74       0x2c c:/tools/ti/ccsv6.2/ccsv6/tools/compiler/msp430-gcc-5.3.0.224_win32/bin/../lib/gcc/msp430-elf/5.3.0/crtbegin.o
 .text.call_frame_dummy
                0x00005aa0        0x0 c:/tools/ti/ccsv6.2/ccsv6/tools/compiler/msp430-gcc-5.3.0.224_win32/bin/../lib/gcc/msp430-elf/5.3.0/crtbegin.o
 .text          0x00005aa0      0xd0a ./src/can.o
                0x00005b00                setBit
                0x00005b1a                clearBit
                0x00005b34                testBit
                0x00005b48                writeValue
                0x00005baa                readValue
                0x00005c38                CAN_shiftReg
                0x00005dc4                CAN_createCRC
                0x00005e42                CAN_init
                0x00005e8a                CAN_setBaudrate
                0x00005ec6                CAN_printFrame
                0x00005f0e                CAN_createFrame
                0x00006080                CAN_busIdle
                0x000060ba                CAN_sendFrame
                0x000063da                CAN_receiveFrame
                0x0000663a                CAN_decodeFrame
 .text          0x000067aa      0xed4 ./src/main.o
                0x00006824                canTask
                0x000068c2                canTaskRx
                0x0000690a                port1_isr
                0x00006924                port2_isr
                0x00006936                memcmp
                0x00006954                TEST_sendBit
                0x000069a0                TEST_recvBit
                0x000069dc                TEST_bitFunction
                0x00006f46                TEST_crc
                0x00007108                TEST_canEncoding
                0x000073da                TEST_canDecoding
                0x0000760e                hwirq_48
                0x00007612                hwirq_43
                0x00007616                main
 .text          0x0000767e        0x0 c:/tools/ti/ccsv6.2/ccsv6/tools/compiler/msp430-gcc-5.3.0.224_win32/bin/../lib/gcc/msp430-elf/5.3.0\libgcc.a(_fixunssfsi.o)
 .text.__fixunssfsi
                0x0000767e       0x3a c:/tools/ti/ccsv6.2/ccsv6/tools/compiler/msp430-gcc-5.3.0.224_win32/bin/../lib/gcc/msp430-elf/5.3.0\libgcc.a(_fixunssfsi.o)
                0x0000767e                __fixunssfsi
 .text          0x000076b8        0x0 c:/tools/ti/ccsv6.2/ccsv6/tools/compiler/msp430-gcc-5.3.0.224_win32/bin/../lib/gcc/msp430-elf/5.3.0\libgcc.a(_addsub_sf.o)
 .text._fpadd_parts
                0x000076b8      0x236 c:/tools/ti/ccsv6.2/ccsv6/tools/compiler/msp430-gcc-5.3.0.224_win32/bin/../lib/gcc/msp430-elf/5.3.0\libgcc.a(_addsub_sf.o)
 .text.__addsf3
                0x000078ee       0x4e c:/tools/ti/ccsv6.2/ccsv6/tools/compiler/msp430-gcc-5.3.0.224_win32/bin/../lib/gcc/msp430-elf/5.3.0\libgcc.a(_addsub_sf.o)
                0x000078ee                __mspabi_addf
 .text.__subsf3
                0x0000793c       0x52 c:/tools/ti/ccsv6.2/ccsv6/tools/compiler/msp430-gcc-5.3.0.224_win32/bin/../lib/gcc/msp430-elf/5.3.0\libgcc.a(_addsub_sf.o)
                0x0000793c                __mspabi_subf
 .text          0x0000798e        0x0 c:/tools/ti/ccsv6.2/ccsv6/tools/compiler/msp430-gcc-5.3.0.224_win32/bin/../lib/gcc/msp430-elf/5.3.0\libgcc.a(_mul_sf.o)
 .text.__mulsf3
                0x0000798e      0x1bc c:/tools/ti/ccsv6.2/ccsv6/tools/compiler/msp430-gcc-5.3.0.224_win32/bin/../lib/gcc/msp430-elf/5.3.0\libgcc.a(_mul_sf.o)
                0x0000798e                __mspabi_mpyf
 .text          0x00007b4a        0x0 c:/tools/ti/ccsv6.2/ccsv6/tools/compiler/msp430-gcc-5.3.0.224_win32/bin/../lib/gcc/msp430-elf/5.3.0\libgcc.a(_div_sf.o)
 .text.__divsf3
                0x00007b4a      0x13c c:/tools/ti/ccsv6.2/ccsv6/tools/compiler/msp430-gcc-5.3.0.224_win32/bin/../lib/gcc/msp430-elf/5.3.0\libgcc.a(_div_sf.o)
                0x00007b4a                __mspabi_divf
 .text          0x00007c86        0x0 c:/tools/ti/ccsv6.2/ccsv6/tools/compiler/msp430-gcc-5.3.0.224_win32/bin/../lib/gcc/msp430-elf/5.3.0\libgcc.a(_ge_sf.o)
 .text.__gesf2  0x00007c86       0x56 c:/tools/ti/ccsv6.2/ccsv6/tools/compiler/msp430-gcc-5.3.0.224_win32/bin/../lib/gcc/msp430-elf/5.3.0\libgcc.a(_ge_sf.o)
                0x00007c86                __gesf2
 .text          0x00007cdc        0x0 c:/tools/ti/ccsv6.2/ccsv6/tools/compiler/msp430-gcc-5.3.0.224_win32/bin/../lib/gcc/msp430-elf/5.3.0\libgcc.a(_sf_to_si.o)
 .text.__fixsfsi
                0x00007cdc       0x82 c:/tools/ti/ccsv6.2/ccsv6/tools/compiler/msp430-gcc-5.3.0.224_win32/bin/../lib/gcc/msp430-elf/5.3.0\libgcc.a(_sf_to_si.o)
                0x00007cdc                __mspabi_fixfli
 .text          0x00007d5e        0x0 c:/tools/ti/ccsv6.2/ccsv6/tools/compiler/msp430-gcc-5.3.0.224_win32/bin/../lib/gcc/msp430-elf/5.3.0\libgcc.a(_thenan_sf.o)
 .text          0x00007d5e        0x0 c:/tools/ti/ccsv6.2/ccsv6/tools/compiler/msp430-gcc-5.3.0.224_win32/bin/../lib/gcc/msp430-elf/5.3.0\libgcc.a(_usi_to_sf.o)
 .text.__floatunsisf
                0x00007d5e       0x8a c:/tools/ti/ccsv6.2/ccsv6/tools/compiler/msp430-gcc-5.3.0.224_win32/bin/../lib/gcc/msp430-elf/5.3.0\libgcc.a(_usi_to_sf.o)
                0x00007d5e                __mspabi_fltulf
 .text          0x00007de8       0x74 c:/tools/ti/ccsv6.2/ccsv6/tools/compiler/msp430-gcc-5.3.0.224_win32/bin/../lib/gcc/msp430-elf/5.3.0\libgcc.a(slli.o)
                0x00007de8                __mspabi_slli_15
                0x00007dea                __mspabi_slli_14
                0x00007dec                __mspabi_slli_13
                0x00007dee                __mspabi_slli_12
                0x00007df0                __mspabi_slli_11
                0x00007df2                __mspabi_slli_10
                0x00007df4                __mspabi_slli_9
                0x00007df6                __mspabi_slli_8
                0x00007df8                __mspabi_slli_7
                0x00007dfa                __mspabi_slli_6
                0x00007dfc                __mspabi_slli_5
                0x00007dfe                __mspabi_slli_4
                0x00007e00                __mspabi_slli_3
                0x00007e02                __mspabi_slli_2
                0x00007e04                __mspabi_slli_1
                0x00007e0c                __mspabi_slli
                0x00007e12                __mspabi_slll_15
                0x00007e16                __mspabi_slll_14
                0x00007e1a                __mspabi_slll_13
                0x00007e1e                __mspabi_slll_12
                0x00007e22                __mspabi_slll_11
                0x00007e26                __mspabi_slll_10
                0x00007e2a                __mspabi_slll_9
                0x00007e2e                __mspabi_slll_8
                0x00007e32                __mspabi_slll_7
                0x00007e36                __mspabi_slll_6
                0x00007e3a                __mspabi_slll_5
                0x00007e3e                __mspabi_slll_4
                0x00007e42                __mspabi_slll_3
                0x00007e46                __mspabi_slll_2
                0x00007e4a                __mspabi_slll_1
                0x00007e56                __mspabi_slll
 .text          0x00007e5c       0x74 c:/tools/ti/ccsv6.2/ccsv6/tools/compiler/msp430-gcc-5.3.0.224_win32/bin/../lib/gcc/msp430-elf/5.3.0\libgcc.a(srai.o)
                0x00007e5c                __mspabi_srai_15
                0x00007e5e                __mspabi_srai_14
                0x00007e60                __mspabi_srai_13
                0x00007e62                __mspabi_srai_12
                0x00007e64                __mspabi_srai_11
                0x00007e66                __mspabi_srai_10
                0x00007e68                __mspabi_srai_9
                0x00007e6a                __mspabi_srai_8
                0x00007e6c                __mspabi_srai_7
                0x00007e6e                __mspabi_srai_6
                0x00007e70                __mspabi_srai_5
                0x00007e72                __mspabi_srai_4
                0x00007e74                __mspabi_srai_3
                0x00007e76                __mspabi_srai_2
                0x00007e78                __mspabi_srai_1
                0x00007e80                __mspabi_srai
                0x00007e86                __mspabi_sral_15
                0x00007e8a                __mspabi_sral_14
                0x00007e8e                __mspabi_sral_13
                0x00007e92                __mspabi_sral_12
                0x00007e96                __mspabi_sral_11
                0x00007e9a                __mspabi_sral_10
                0x00007e9e                __mspabi_sral_9
                0x00007ea2                __mspabi_sral_8
                0x00007ea6                __mspabi_sral_7
                0x00007eaa                __mspabi_sral_6
                0x00007eae                __mspabi_sral_5
                0x00007eb2                __mspabi_sral_4
                0x00007eb6                __mspabi_sral_3
                0x00007eba                __mspabi_sral_2
                0x00007ebe                __mspabi_sral_1
                0x00007eca                __mspabi_sral
 .text          0x00007ed0       0xb4 c:/tools/ti/ccsv6.2/ccsv6/tools/compiler/msp430-gcc-5.3.0.224_win32/bin/../lib/gcc/msp430-elf/5.3.0\libgcc.a(srli.o)
                0x00007ed0                __mspabi_srli_15
                0x00007ed4                __mspabi_srli_14
                0x00007ed8                __mspabi_srli_13
                0x00007edc                __mspabi_srli_12
                0x00007ee0                __mspabi_srli_11
                0x00007ee4                __mspabi_srli_10
                0x00007ee8                __mspabi_srli_9
                0x00007eec                __mspabi_srli_8
                0x00007ef0                __mspabi_srli_7
                0x00007ef4                __mspabi_srli_6
                0x00007ef8                __mspabi_srli_5
                0x00007efc                __mspabi_srli_4
                0x00007f00                __mspabi_srli_3
                0x00007f04                __mspabi_srli_2
                0x00007f08                __mspabi_srli_1
                0x00007f14                __mspabi_srli
                0x00007f1a                __mspabi_srll_15
                0x00007f20                __mspabi_srll_14
                0x00007f26                __mspabi_srll_13
                0x00007f2c                __mspabi_srll_12
                0x00007f32                __mspabi_srll_11
                0x00007f38                __mspabi_srll_10
                0x00007f3e                __mspabi_srll_9
                0x00007f44                __mspabi_srll_8
                0x00007f4a                __mspabi_srll_7
                0x00007f50                __mspabi_srll_6
                0x00007f56                __mspabi_srll_5
                0x00007f5c                __mspabi_srll_4
                0x00007f62                __mspabi_srll_3
                0x00007f68                __mspabi_srll_2
                0x00007f6e                __mspabi_srll_1
                0x00007f7e                __mspabi_srll
 .text          0x00007f84        0x0 c:/tools/ti/ccsv6.2/ccsv6/tools/compiler/msp430-gcc-5.3.0.224_win32/bin/../lib/gcc/msp430-elf/5.3.0\libgcc.a(_muldi3.o)
 .text.__muldi3
                0x00007f84      0x14c c:/tools/ti/ccsv6.2/ccsv6/tools/compiler/msp430-gcc-5.3.0.224_win32/bin/../lib/gcc/msp430-elf/5.3.0\libgcc.a(_muldi3.o)
                0x00007f84                __mspabi_mpyll
 .text          0x000080d0        0x0 c:/tools/ti/ccsv6.2/ccsv6/tools/compiler/msp430-gcc-5.3.0.224_win32/bin/../lib/gcc/msp430-elf/5.3.0\libgcc.a(_lshrdi3.o)
 .text.__lshrdi3
                0x000080d0       0x80 c:/tools/ti/ccsv6.2/ccsv6/tools/compiler/msp430-gcc-5.3.0.224_win32/bin/../lib/gcc/msp430-elf/5.3.0\libgcc.a(_lshrdi3.o)
                0x000080d0                __lshrdi3
 .text          0x00008150        0x0 c:/tools/ti/ccsv6.2/ccsv6/tools/compiler/msp430-gcc-5.3.0.224_win32/bin/../lib/gcc/msp430-elf/5.3.0\libgcc.a(_clzsi2.o)
 .text.__clzsi2
                0x00008150       0x42 c:/tools/ti/ccsv6.2/ccsv6/tools/compiler/msp430-gcc-5.3.0.224_win32/bin/../lib/gcc/msp430-elf/5.3.0\libgcc.a(_clzsi2.o)
                0x00008150                __clzsi2
 .text          0x00008192        0x0 c:/tools/ti/ccsv6.2/ccsv6/tools/compiler/msp430-gcc-5.3.0.224_win32/bin/../lib/gcc/msp430-elf/5.3.0\libgcc.a(_pack_sf.o)
 .text.__pack_f
                0x00008192      0x142 c:/tools/ti/ccsv6.2/ccsv6/tools/compiler/msp430-gcc-5.3.0.224_win32/bin/../lib/gcc/msp430-elf/5.3.0\libgcc.a(_pack_sf.o)
                0x00008192                __pack_f
 .text          0x000082d4        0x0 c:/tools/ti/ccsv6.2/ccsv6/tools/compiler/msp430-gcc-5.3.0.224_win32/bin/../lib/gcc/msp430-elf/5.3.0\libgcc.a(_unpack_sf.o)
 .text.__unpack_f
                0x000082d4       0xd0 c:/tools/ti/ccsv6.2/ccsv6/tools/compiler/msp430-gcc-5.3.0.224_win32/bin/../lib/gcc/msp430-elf/5.3.0\libgcc.a(_unpack_sf.o)
                0x000082d4                __unpack_f
 .text          0x000083a4        0x0 c:/tools/ti/ccsv6.2/ccsv6/tools/compiler/msp430-gcc-5.3.0.224_win32/bin/../lib/gcc/msp430-elf/5.3.0\libgcc.a(_fpcmp_parts_sf.o)
 .text.__fpcmp_parts_f
                0x000083a4       0xa4 c:/tools/ti/ccsv6.2/ccsv6/tools/compiler/msp430-gcc-5.3.0.224_win32/bin/../lib/gcc/msp430-elf/5.3.0\libgcc.a(_fpcmp_parts_sf.o)
                0x000083a4                __fpcmp_parts_f
 .text          0x00008448        0x0 c:/tools/ti/ccsv6.2/ccsv6/tools/compiler/msp430-gcc-5.3.0.224_win32/bin/../lib/gcc/msp430-elf/5.3.0\libgcc.a(_clz.o)
 .text          0x00008448      0x108 C:/Users/Lab/Desktop/Workspace/RTBS_BaseProject/libs/RTOS\libBase_RTOS_lib.a(core.o)
                0x00008448                syscall_setEvent
                0x0000845c                syscall_mystery
                0x00008470                syscall_CAS
                0x00008484                syscall_waitEventUntil
                0x00008498                syscall_getResource
                0x000084ac                syscall_releaseResource
                0x000084c0                __hwirq_53
                0x000084d2                __hwirq_43
                0x000084e4                __hwirq_48
                0x00008530                os_dispatcher
 .text          0x00008550      0x8b8 C:/Users/Lab/Desktop/Workspace/RTBS_BaseProject/libs/RTOS\libBase_RTOS_lib.a(kernel.o)
                0x00008550                TaskIdle
                0x00008552                registerResources
                0x00008554                OSPanic
                0x00008570                insert_into_memberlist
                0x00008654                os_initTasks
                0x000086ee                os_run
                0x00008738                remove_from_memberlist
                0x000087e2                insert_into_timeout_queue
                0x000088dc                remove_from_timeout_queue
                0x0000896e                waitEventUntil
                0x00008974                waitEventFor
                0x000089e0                waitEvent
                0x000089e8                setEvent
                0x000089ee                clearEvent
                0x000089f4                checkEvent
                0x00008a02                sleep
                0x00008a6c                sleepUntil
                0x00008a76                busyDelayUntil
                0x00008ac0                busyDelay
                0x00008b28                getResource
                0x00008b2e                releaseResource
                0x00008b34                __syscall_mystery
                0x00008b6c                __syscall_CAS
                0x00008b86                __syscall_waitEventUntil
                0x00008c98                __syscall_setEvent
                0x00008cd6                __syscall_getResource
                0x00008d50                __syscall_releaseResource
 .text          0x00008e08      0x34a C:/Users/Lab/Desktop/Workspace/RTBS_BaseProject/libs/RTOS\libBase_RTOS_lib.a(timer.o)
                0x00008e08                os_initSystemTimer
                0x00008ec2                getCurrentTime
                0x00008f0c                schedule
                0x0000906e                updateTimer
                0x00009148                os_timerISR
                0x0000914e                hwirq_53
 .text          0x00009152      0x176 C:/Users/Lab/Desktop/Workspace/RTBS_BaseProject/libs/RTOS\libBase_RTOS_lib.a(sysinfo.o)
                0x00009152                os_printReadyQueue
                0x000091a8                os_printSystemInformation
 .text          0x000092c8      0x730 C:/Users/Lab/Desktop/Workspace/RTBS_BaseProject/libs/RTOS\libBase_RTOS_lib.a(printfx.o)
                0x000092ec                printfSetStreamwriter
                0x000092fe                printfSetGroupseparator
                0x00009304                printfSetVerbosity
                0x0000930a                printfGetVerbosity
                0x00009310                printfzString
                0x00009358                printf
                0x000099ea                printfx
 .text          0x000099f8      0x178 C:/Users/Lab/Desktop/Workspace/RTBS_BaseProject/libs/RTOS\libBase_RTOS_lib.a(sysclk.o)
                0x000099f8                sysclk_setClocks
                0x00009b66                sysclk_getSMCLK
 .text          0x00009b70       0xc8 C:/Users/Lab/Desktop/Workspace/RTBS_BaseProject/libs/RTOS\libBase_RTOS_lib.a(uart_tx.o)
                0x00009b70                putchar
                0x00009b84                UART_write
                0x00009ba6                UART_clearScreen
                0x00009bae                UART_setConfig
 .text          0x00009c38      0x17a C:/Users/Lab/Desktop/Workspace/RTBS_BaseProject/libs/RTOS\libBase_RTOS_lib.a(pmm.o)
                0x00009c38                PMM_setVCore
 .text          0x00009db2        0x0 c:/tools/ti/ccsv6.2/ccsv6/tools/compiler/msp430-gcc-5.3.0.224_win32/bin/../lib/gcc/msp430-elf/5.3.0\libgcc.a(lib2divHI.o)
 .text.udivmodhi4
                0x00009db2       0x3a c:/tools/ti/ccsv6.2/ccsv6/tools/compiler/msp430-gcc-5.3.0.224_win32/bin/../lib/gcc/msp430-elf/5.3.0\libgcc.a(lib2divHI.o)
                0x00009db2                udivmodhi4
 .text.__divhi3
                0x00009dec       0x46 c:/tools/ti/ccsv6.2/ccsv6/tools/compiler/msp430-gcc-5.3.0.224_win32/bin/../lib/gcc/msp430-elf/5.3.0\libgcc.a(lib2divHI.o)
                0x00009dec                __mspabi_divi
 .text.__modhi3
                0x00009e32       0x30 c:/tools/ti/ccsv6.2/ccsv6/tools/compiler/msp430-gcc-5.3.0.224_win32/bin/../lib/gcc/msp430-elf/5.3.0\libgcc.a(lib2divHI.o)
                0x00009e32                __mspabi_remi
 .text.__udivhi3
                0x00009e62        0x8 c:/tools/ti/ccsv6.2/ccsv6/tools/compiler/msp430-gcc-5.3.0.224_win32/bin/../lib/gcc/msp430-elf/5.3.0\libgcc.a(lib2divHI.o)
                0x00009e62                __mspabi_divu
 .text.__umodhi3
                0x00009e6a        0x8 c:/tools/ti/ccsv6.2/ccsv6/tools/compiler/msp430-gcc-5.3.0.224_win32/bin/../lib/gcc/msp430-elf/5.3.0\libgcc.a(lib2divHI.o)
                0x00009e6a                __mspabi_remu
 .text          0x00009e72        0x2 c:/tools/ti/ccsv6.2/ccsv6/tools/compiler/msp430-gcc-5.3.0.224_win32/bin/../lib/gcc/msp430-elf/5.3.0\libgcc.a(lib2divSI.o)
                0x00009e72                __mspabi_divllu
 .text.udivmodsi4
                0x00009e74       0x82 c:/tools/ti/ccsv6.2/ccsv6/tools/compiler/msp430-gcc-5.3.0.224_win32/bin/../lib/gcc/msp430-elf/5.3.0\libgcc.a(lib2divSI.o)
                0x00009e74                udivmodsi4
 .text.__divsi3
                0x00009ef6       0x74 c:/tools/ti/ccsv6.2/ccsv6/tools/compiler/msp430-gcc-5.3.0.224_win32/bin/../lib/gcc/msp430-elf/5.3.0\libgcc.a(lib2divSI.o)
                0x00009ef6                __mspabi_divli
 .text.__modsi3
                0x00009f6a       0x56 c:/tools/ti/ccsv6.2/ccsv6/tools/compiler/msp430-gcc-5.3.0.224_win32/bin/../lib/gcc/msp430-elf/5.3.0\libgcc.a(lib2divSI.o)
                0x00009f6a                __mspabi_remli
 .text.__udivsi3
                0x00009fc0        0xe c:/tools/ti/ccsv6.2/ccsv6/tools/compiler/msp430-gcc-5.3.0.224_win32/bin/../lib/gcc/msp430-elf/5.3.0\libgcc.a(lib2divSI.o)
                0x00009fc0                __mspabi_divlu
                0x00009fc0                __mspabi_divul
 .text.__umodsi3
                0x00009fce        0xe c:/tools/ti/ccsv6.2/ccsv6/tools/compiler/msp430-gcc-5.3.0.224_win32/bin/../lib/gcc/msp430-elf/5.3.0\libgcc.a(lib2divSI.o)
                0x00009fce                __mspabi_remul
 .text          0x00009fdc        0x0 c:/tools/ti/ccsv6.2/ccsv6/tools/compiler/msp430-gcc-5.3.0.224_win32/bin/../lib/gcc/msp430-elf/5.3.0\libgcc.a(_udivdi3.o)
 .text.__udivdi3
                0x00009fdc      0x3a8 c:/tools/ti/ccsv6.2/ccsv6/tools/compiler/msp430-gcc-5.3.0.224_win32/bin/../lib/gcc/msp430-elf/5.3.0\libgcc.a(_udivdi3.o)
                0x00009fdc                __mspabi_divull
 .text          0x0000a384        0x0 c:/tools/ti/ccsv6.2/ccsv6/tools/compiler/msp430-gcc-5.3.0.224_win32/bin/../lib/gcc/msp430-elf/5.3.0\libgcc.a(_ashldi3.o)
 .text.__ashldi3
                0x0000a384       0x88 c:/tools/ti/ccsv6.2/ccsv6/tools/compiler/msp430-gcc-5.3.0.224_win32/bin/../lib/gcc/msp430-elf/5.3.0\libgcc.a(_ashldi3.o)
                0x0000a384                __ashldi3
 .text          0x0000a40c        0x0 c:/tools/ti/ccsv6.2/ccsv6/tools/compiler/msp430-gcc-5.3.0.224_win32/bin/../lib/gcc/msp430-elf/5.3.0\libgcc.a(_clzdi2.o)
 .text.__clzdi2
                0x0000a40c       0x56 c:/tools/ti/ccsv6.2/ccsv6/tools/compiler/msp430-gcc-5.3.0.224_win32/bin/../lib/gcc/msp430-elf/5.3.0\libgcc.a(_clzdi2.o)
                0x0000a40c                __clzdi2
 .text          0x0000a462        0x0 c:/tools/ti/ccsv6.2/ccsv6/tools/compiler/msp430-gcc-5.3.0.224_win32/bin/../lib/gcc/msp430-elf/5.3.0\libmul_f5.a(lib2hw_mul_f5.o)
 .text.__mulhi2_f5
                0x0000a462       0x14 c:/tools/ti/ccsv6.2/ccsv6/tools/compiler/msp430-gcc-5.3.0.224_win32/bin/../lib/gcc/msp430-elf/5.3.0\libmul_f5.a(lib2hw_mul_f5.o)
                0x0000a462                __mspabi_mpyi_f5hw
                0x0000a462                __mspabi_mpyi
                0x0000a462                __mulhi2_f5
 .text.__mulsihi2
                0x0000a476       0x18 c:/tools/ti/ccsv6.2/ccsv6/tools/compiler/msp430-gcc-5.3.0.224_win32/bin/../lib/gcc/msp430-elf/5.3.0\libmul_f5.a(lib2hw_mul_f5.o)
                0x0000a476                __mspabi_mpysl
                0x0000a476                __mspabi_mpysl_f5hw
                0x0000a476                __mulsihi2
 .text.__umulsihi2
                0x0000a48e       0x18 c:/tools/ti/ccsv6.2/ccsv6/tools/compiler/msp430-gcc-5.3.0.224_win32/bin/../lib/gcc/msp430-elf/5.3.0\libmul_f5.a(lib2hw_mul_f5.o)
                0x0000a48e                __mspabi_mpyul
                0x0000a48e                __umulsihi2
                0x0000a48e                _mspabi_mpyul_f5hw
 .text.__mulsi2_f5
                0x0000a4a6       0x20 c:/tools/ti/ccsv6.2/ccsv6/tools/compiler/msp430-gcc-5.3.0.224_win32/bin/../lib/gcc/msp430-elf/5.3.0\libmul_f5.a(lib2hw_mul_f5.o)
                0x0000a4a6                __mspabi_mpyl_f5hw
                0x0000a4a6                __mulsi2_f5
                0x0000a4a6                __mspabi_mpyl
 .text.__muldisi2
                0x0000a4c6       0x28 c:/tools/ti/ccsv6.2/ccsv6/tools/compiler/msp430-gcc-5.3.0.224_win32/bin/../lib/gcc/msp430-elf/5.3.0\libmul_f5.a(lib2hw_mul_f5.o)
                0x0000a4c6                __muldisi2
                0x0000a4c6                __mspabi_mpysll
                0x0000a4c6                __mspabi_mpysll_f5hw
 .text.__umuldisi2
                0x0000a4ee       0x28 c:/tools/ti/ccsv6.2/ccsv6/tools/compiler/msp430-gcc-5.3.0.224_win32/bin/../lib/gcc/msp430-elf/5.3.0\libmul_f5.a(lib2hw_mul_f5.o)
                0x0000a4ee                __umuldisi2
                0x0000a4ee                __mspabi_mpyull
                0x0000a4ee                __mspabi_mpyull_f5hw
 .text.__muldi3
                0x0000a516        0x4 c:/tools/ti/ccsv6.2/ccsv6/tools/compiler/msp430-gcc-5.3.0.224_win32/bin/../lib/gcc/msp430-elf/5.3.0\libmul_f5.a(lib2hw_mul_f5.o)
                0x0000a516                __muldi3
                0x0000a516                __mspabi_mpyll_f5hw
 .text          0x0000a51a        0x0 c:/tools/ti/ccsv6.2/ccsv6/tools/compiler/msp430-gcc-5.3.0.224_win32/bin/../lib/gcc/msp430-elf/5.3.0/../../../../msp430-elf/lib\libc.a(lib_a-memcpy.o)
 .text.memcpy   0x0000a51a       0x14 c:/tools/ti/ccsv6.2/ccsv6/tools/compiler/msp430-gcc-5.3.0.224_win32/bin/../lib/gcc/msp430-elf/5.3.0/../../../../msp430-elf/lib\libc.a(lib_a-memcpy.o)
                0x0000a51a                memcpy
 .text          0x0000a52e        0x0 c:/tools/ti/ccsv6.2/ccsv6/tools/compiler/msp430-gcc-5.3.0.224_win32/bin/../lib/gcc/msp430-elf/5.3.0/../../../../msp430-elf/lib\libc.a(lib_a-memset.o)
 .text.memset   0x0000a52e       0x12 c:/tools/ti/ccsv6.2/ccsv6/tools/compiler/msp430-gcc-5.3.0.224_win32/bin/../lib/gcc/msp430-elf/5.3.0/../../../../msp430-elf/lib\libc.a(lib_a-memset.o)
                0x0000a52e                memset
 .text          0x0000a540        0x0 c:/tools/ti/ccsv6.2/ccsv6/tools/compiler/msp430-gcc-5.3.0.224_win32/bin/../lib/gcc/msp430-elf/5.3.0/../../../../msp430-elf/lib\libc.a(lib_a-puts.o)
 .text._puts_r  0x0000a540       0x84 c:/tools/ti/ccsv6.2/ccsv6/tools/compiler/msp430-gcc-5.3.0.224_win32/bin/../lib/gcc/msp430-elf/5.3.0/../../../../msp430-elf/lib\libc.a(lib_a-puts.o)
                0x0000a540                _puts_r
 .text.puts     0x0000a5c4        0xc c:/tools/ti/ccsv6.2/ccsv6/tools/compiler/msp430-gcc-5.3.0.224_win32/bin/../lib/gcc/msp430-elf/5.3.0/../../../../msp430-elf/lib\libc.a(lib_a-puts.o)
                0x0000a5c4                puts
 .text          0x0000a5d0        0x0 c:/tools/ti/ccsv6.2/ccsv6/tools/compiler/msp430-gcc-5.3.0.224_win32/bin/../lib/gcc/msp430-elf/5.3.0/../../../../msp430-elf/lib\libc.a(lib_a-strlen.o)
 .text.strlen   0x0000a5d0       0x12 c:/tools/ti/ccsv6.2/ccsv6/tools/compiler/msp430-gcc-5.3.0.224_win32/bin/../lib/gcc/msp430-elf/5.3.0/../../../../msp430-elf/lib\libc.a(lib_a-strlen.o)
                0x0000a5d0                strlen
 .text          0x0000a5e2        0x0 c:/tools/ti/ccsv6.2/ccsv6/tools/compiler/msp430-gcc-5.3.0.224_win32/bin/../lib/gcc/msp430-elf/5.3.0/../../../../msp430-elf/lib\libc.a(lib_a-findfp.o)
 .text.__fp_unlock
                0x0000a5e2        0x4 c:/tools/ti/ccsv6.2/ccsv6/tools/compiler/msp430-gcc-5.3.0.224_win32/bin/../lib/gcc/msp430-elf/5.3.0/../../../../msp430-elf/lib\libc.a(lib_a-findfp.o)
 .text._cleanup_r
                0x0000a5e6        0xa c:/tools/ti/ccsv6.2/ccsv6/tools/compiler/msp430-gcc-5.3.0.224_win32/bin/../lib/gcc/msp430-elf/5.3.0/../../../../msp430-elf/lib\libc.a(lib_a-findfp.o)
                0x0000a5e6                _cleanup_r
 .text.std.isra.0
                0x0000a5f0       0x56 c:/tools/ti/ccsv6.2/ccsv6/tools/compiler/msp430-gcc-5.3.0.224_win32/bin/../lib/gcc/msp430-elf/5.3.0/../../../../msp430-elf/lib\libc.a(lib_a-findfp.o)
 .text.__fp_lock
                0x0000a646        0x4 c:/tools/ti/ccsv6.2/ccsv6/tools/compiler/msp430-gcc-5.3.0.224_win32/bin/../lib/gcc/msp430-elf/5.3.0/../../../../msp430-elf/lib\libc.a(lib_a-findfp.o)
 .text.__sfmoreglue
                0x0000a64a       0x46 c:/tools/ti/ccsv6.2/ccsv6/tools/compiler/msp430-gcc-5.3.0.224_win32/bin/../lib/gcc/msp430-elf/5.3.0/../../../../msp430-elf/lib\libc.a(lib_a-findfp.o)
                0x0000a64a                __sfmoreglue
 .text._cleanup
                0x0000a690        0xa c:/tools/ti/ccsv6.2/ccsv6/tools/compiler/msp430-gcc-5.3.0.224_win32/bin/../lib/gcc/msp430-elf/5.3.0/../../../../msp430-elf/lib\libc.a(lib_a-findfp.o)
                0x0000a690                _cleanup
 .text.__sinit  0x0000a69a       0x70 c:/tools/ti/ccsv6.2/ccsv6/tools/compiler/msp430-gcc-5.3.0.224_win32/bin/../lib/gcc/msp430-elf/5.3.0/../../../../msp430-elf/lib\libc.a(lib_a-findfp.o)
                0x0000a69a                __sinit
 .text.__sfp    0x0000a70a       0xaa c:/tools/ti/ccsv6.2/ccsv6/tools/compiler/msp430-gcc-5.3.0.224_win32/bin/../lib/gcc/msp430-elf/5.3.0/../../../../msp430-elf/lib\libc.a(lib_a-findfp.o)
                0x0000a70a                __sfp
 .text.__sfp_lock_acquire
                0x0000a7b4        0x2 c:/tools/ti/ccsv6.2/ccsv6/tools/compiler/msp430-gcc-5.3.0.224_win32/bin/../lib/gcc/msp430-elf/5.3.0/../../../../msp430-elf/lib\libc.a(lib_a-findfp.o)
                0x0000a7b4                __sfp_lock_acquire
 .text.__sfp_lock_release
                0x0000a7b6        0x2 c:/tools/ti/ccsv6.2/ccsv6/tools/compiler/msp430-gcc-5.3.0.224_win32/bin/../lib/gcc/msp430-elf/5.3.0/../../../../msp430-elf/lib\libc.a(lib_a-findfp.o)
                0x0000a7b6                __sfp_lock_release
 .text.__sinit_lock_acquire
                0x0000a7b8        0x2 c:/tools/ti/ccsv6.2/ccsv6/tools/compiler/msp430-gcc-5.3.0.224_win32/bin/../lib/gcc/msp430-elf/5.3.0/../../../../msp430-elf/lib\libc.a(lib_a-findfp.o)
                0x0000a7b8                __sinit_lock_acquire
 .text.__sinit_lock_release
                0x0000a7ba        0x2 c:/tools/ti/ccsv6.2/ccsv6/tools/compiler/msp430-gcc-5.3.0.224_win32/bin/../lib/gcc/msp430-elf/5.3.0/../../../../msp430-elf/lib\libc.a(lib_a-findfp.o)
                0x0000a7ba                __sinit_lock_release
 .text.__fp_lock_all
                0x0000a7bc        0xe c:/tools/ti/ccsv6.2/ccsv6/tools/compiler/msp430-gcc-5.3.0.224_win32/bin/../lib/gcc/msp430-elf/5.3.0/../../../../msp430-elf/lib\libc.a(lib_a-findfp.o)
                0x0000a7bc                __fp_lock_all
 .text.__fp_unlock_all
                0x0000a7ca        0xe c:/tools/ti/ccsv6.2/ccsv6/tools/compiler/msp430-gcc-5.3.0.224_win32/bin/../lib/gcc/msp430-elf/5.3.0/../../../../msp430-elf/lib\libc.a(lib_a-findfp.o)
                0x0000a7ca                __fp_unlock_all
 .text          0x0000a7d8        0x0 c:/tools/ti/ccsv6.2/ccsv6/tools/compiler/msp430-gcc-5.3.0.224_win32/bin/../lib/gcc/msp430-elf/5.3.0/../../../../msp430-elf/lib\libc.a(lib_a-fvwrite.o)
 .text.__sfvwrite_r
                0x0000a7d8      0x2f4 c:/tools/ti/ccsv6.2/ccsv6/tools/compiler/msp430-gcc-5.3.0.224_win32/bin/../lib/gcc/msp430-elf/5.3.0/../../../../msp430-elf/lib\libc.a(lib_a-fvwrite.o)
                0x0000a7d8                __sfvwrite_r
 .text          0x0000aacc        0x0 c:/tools/ti/ccsv6.2/ccsv6/tools/compiler/msp430-gcc-5.3.0.224_win32/bin/../lib/gcc/msp430-elf/5.3.0/../../../../msp430-elf/lib\libc.a(lib_a-fwalk.o)
 .text._fwalk   0x0000aacc       0x48 c:/tools/ti/ccsv6.2/ccsv6/tools/compiler/msp430-gcc-5.3.0.224_win32/bin/../lib/gcc/msp430-elf/5.3.0/../../../../msp430-elf/lib\libc.a(lib_a-fwalk.o)
                0x0000aacc                _fwalk
 .text._fwalk_reent
                0x0000ab14       0x4c c:/tools/ti/ccsv6.2/ccsv6/tools/compiler/msp430-gcc-5.3.0.224_win32/bin/../lib/gcc/msp430-elf/5.3.0/../../../../msp430-elf/lib\libc.a(lib_a-fwalk.o)
                0x0000ab14                _fwalk_reent
 .text          0x0000ab60        0x0 c:/tools/ti/ccsv6.2/ccsv6/tools/compiler/msp430-gcc-5.3.0.224_win32/bin/../lib/gcc/msp430-elf/5.3.0/../../../../msp430-elf/lib\libc.a(lib_a-impure.o)
 .text          0x0000ab60        0x0 c:/tools/ti/ccsv6.2/ccsv6/tools/compiler/msp430-gcc-5.3.0.224_win32/bin/../lib/gcc/msp430-elf/5.3.0/../../../../msp430-elf/lib\libc.a(lib_a-memchr.o)
 .text.memchr   0x0000ab60       0x18 c:/tools/ti/ccsv6.2/ccsv6/tools/compiler/msp430-gcc-5.3.0.224_win32/bin/../lib/gcc/msp430-elf/5.3.0/../../../../msp430-elf/lib\libc.a(lib_a-memchr.o)
                0x0000ab60                memchr
 .text          0x0000ab78        0x0 c:/tools/ti/ccsv6.2/ccsv6/tools/compiler/msp430-gcc-5.3.0.224_win32/bin/../lib/gcc/msp430-elf/5.3.0/../../../../msp430-elf/lib\libc.a(lib_a-memmove.o)
 .text.memmove  0x0000ab78       0x3a c:/tools/ti/ccsv6.2/ccsv6/tools/compiler/msp430-gcc-5.3.0.224_win32/bin/../lib/gcc/msp430-elf/5.3.0/../../../../msp430-elf/lib\libc.a(lib_a-memmove.o)
                0x0000ab78                memmove
 .text          0x0000abb2        0x0 c:/tools/ti/ccsv6.2/ccsv6/tools/compiler/msp430-gcc-5.3.0.224_win32/bin/../lib/gcc/msp430-elf/5.3.0/../../../../msp430-elf/lib\libc.a(lib_a-nano-freer.o)
 .text._free_r  0x0000abb2       0xe6 c:/tools/ti/ccsv6.2/ccsv6/tools/compiler/msp430-gcc-5.3.0.224_win32/bin/../lib/gcc/msp430-elf/5.3.0/../../../../msp430-elf/lib\libc.a(lib_a-nano-freer.o)
                0x0000abb2                _free_r
 .text          0x0000ac98        0x0 c:/tools/ti/ccsv6.2/ccsv6/tools/compiler/msp430-gcc-5.3.0.224_win32/bin/../lib/gcc/msp430-elf/5.3.0/../../../../msp430-elf/lib\libc.a(lib_a-nano-mallocr.o)
 .text._malloc_r
                0x0000ac98       0xe8 c:/tools/ti/ccsv6.2/ccsv6/tools/compiler/msp430-gcc-5.3.0.224_win32/bin/../lib/gcc/msp430-elf/5.3.0/../../../../msp430-elf/lib\libc.a(lib_a-nano-mallocr.o)
                0x0000ac98                _malloc_r
 .text          0x0000ad80        0x0 c:/tools/ti/ccsv6.2/ccsv6/tools/compiler/msp430-gcc-5.3.0.224_win32/bin/../lib/gcc/msp430-elf/5.3.0/../../../../msp430-elf/lib\libc.a(lib_a-nano-reallocr.o)
 .text._realloc_r
                0x0000ad80       0x52 c:/tools/ti/ccsv6.2/ccsv6/tools/compiler/msp430-gcc-5.3.0.224_win32/bin/../lib/gcc/msp430-elf/5.3.0/../../../../msp430-elf/lib\libc.a(lib_a-nano-reallocr.o)
                0x0000ad80                _realloc_r
 .text          0x0000add2        0x0 c:/tools/ti/ccsv6.2/ccsv6/tools/compiler/msp430-gcc-5.3.0.224_win32/bin/../lib/gcc/msp430-elf/5.3.0/../../../../msp430-elf/lib\libc.a(lib_a-sbrkr.o)
 .text._sbrk_r  0x0000add2       0x22 c:/tools/ti/ccsv6.2/ccsv6/tools/compiler/msp430-gcc-5.3.0.224_win32/bin/../lib/gcc/msp430-elf/5.3.0/../../../../msp430-elf/lib\libc.a(lib_a-sbrkr.o)
                0x0000add2                _sbrk_r
 .text          0x0000adf4        0x0 c:/tools/ti/ccsv6.2/ccsv6/tools/compiler/msp430-gcc-5.3.0.224_win32/bin/../lib/gcc/msp430-elf/5.3.0/../../../../msp430-elf/lib\libc.a(lib_a-stdio.o)
 .text.__sread  0x0000adf4       0x38 c:/tools/ti/ccsv6.2/ccsv6/tools/compiler/msp430-gcc-5.3.0.224_win32/bin/../lib/gcc/msp430-elf/5.3.0/../../../../msp430-elf/lib\libc.a(lib_a-stdio.o)
                0x0000adf4                __sread
 .text.__seofread
                0x0000ae2c        0x4 c:/tools/ti/ccsv6.2/ccsv6/tools/compiler/msp430-gcc-5.3.0.224_win32/bin/../lib/gcc/msp430-elf/5.3.0/../../../../msp430-elf/lib\libc.a(lib_a-stdio.o)
                0x0000ae2c                __seofread
 .text.__swrite
                0x0000ae30       0x3c c:/tools/ti/ccsv6.2/ccsv6/tools/compiler/msp430-gcc-5.3.0.224_win32/bin/../lib/gcc/msp430-elf/5.3.0/../../../../msp430-elf/lib\libc.a(lib_a-stdio.o)
                0x0000ae30                __swrite
 .text.__sseek  0x0000ae6c       0x38 c:/tools/ti/ccsv6.2/ccsv6/tools/compiler/msp430-gcc-5.3.0.224_win32/bin/../lib/gcc/msp430-elf/5.3.0/../../../../msp430-elf/lib\libc.a(lib_a-stdio.o)
                0x0000ae6c                __sseek
 .text.__sclose
                0x0000aea4        0xa c:/tools/ti/ccsv6.2/ccsv6/tools/compiler/msp430-gcc-5.3.0.224_win32/bin/../lib/gcc/msp430-elf/5.3.0/../../../../msp430-elf/lib\libc.a(lib_a-stdio.o)
                0x0000aea4                __sclose
 .text          0x0000aeae        0x0 c:/tools/ti/ccsv6.2/ccsv6/tools/compiler/msp430-gcc-5.3.0.224_win32/bin/../lib/gcc/msp430-elf/5.3.0/../../../../msp430-elf/lib\libc.a(lib_a-writer.o)
 .text._write_r
                0x0000aeae       0x26 c:/tools/ti/ccsv6.2/ccsv6/tools/compiler/msp430-gcc-5.3.0.224_win32/bin/../lib/gcc/msp430-elf/5.3.0/../../../../msp430-elf/lib\libc.a(lib_a-writer.o)
                0x0000aeae                _write_r
 .text          0x0000aed4        0x0 c:/tools/ti/ccsv6.2/ccsv6/tools/compiler/msp430-gcc-5.3.0.224_win32/bin/../lib/gcc/msp430-elf/5.3.0/../../../../msp430-elf/lib\libc.a(lib_a-wsetup.o)
 .text.__swsetup_r
                0x0000aed4       0xf4 c:/tools/ti/ccsv6.2/ccsv6/tools/compiler/msp430-gcc-5.3.0.224_win32/bin/../lib/gcc/msp430-elf/5.3.0/../../../../msp430-elf/lib\libc.a(lib_a-wsetup.o)
                0x0000aed4                __swsetup_r
 .text          0x0000afc8        0x0 c:/tools/ti/ccsv6.2/ccsv6/tools/compiler/msp430-gcc-5.3.0.224_win32/bin/../lib/gcc/msp430-elf/5.3.0/../../../../msp430-elf/lib\libc.a(lib_a-closer.o)
 .text._close_r
                0x0000afc8       0x22 c:/tools/ti/ccsv6.2/ccsv6/tools/compiler/msp430-gcc-5.3.0.224_win32/bin/../lib/gcc/msp430-elf/5.3.0/../../../../msp430-elf/lib\libc.a(lib_a-closer.o)
                0x0000afc8                _close_r
 .text          0x0000afea        0x0 c:/tools/ti/ccsv6.2/ccsv6/tools/compiler/msp430-gcc-5.3.0.224_win32/bin/../lib/gcc/msp430-elf/5.3.0/../../../../msp430-elf/lib\libc.a(lib_a-fclose.o)
 .text._fclose_r
                0x0000afea       0xba c:/tools/ti/ccsv6.2/ccsv6/tools/compiler/msp430-gcc-5.3.0.224_win32/bin/../lib/gcc/msp430-elf/5.3.0/../../../../msp430-elf/lib\libc.a(lib_a-fclose.o)
                0x0000afea                _fclose_r
 .text.fclose   0x0000b0a4        0xc c:/tools/ti/ccsv6.2/ccsv6/tools/compiler/msp430-gcc-5.3.0.224_win32/bin/../lib/gcc/msp430-elf/5.3.0/../../../../msp430-elf/lib\libc.a(lib_a-fclose.o)
                0x0000b0a4                fclose
 .text          0x0000b0b0        0x0 c:/tools/ti/ccsv6.2/ccsv6/tools/compiler/msp430-gcc-5.3.0.224_win32/bin/../lib/gcc/msp430-elf/5.3.0/../../../../msp430-elf/lib\libc.a(lib_a-fflush.o)
 .text.__sflush_r
                0x0000b0b0      0x19a c:/tools/ti/ccsv6.2/ccsv6/tools/compiler/msp430-gcc-5.3.0.224_win32/bin/../lib/gcc/msp430-elf/5.3.0/../../../../msp430-elf/lib\libc.a(lib_a-fflush.o)
                0x0000b0b0                __sflush_r
 .text._fflush_r
                0x0000b24a       0x58 c:/tools/ti/ccsv6.2/ccsv6/tools/compiler/msp430-gcc-5.3.0.224_win32/bin/../lib/gcc/msp430-elf/5.3.0/../../../../msp430-elf/lib\libc.a(lib_a-fflush.o)
                0x0000b24a                _fflush_r
 .text.fflush   0x0000b2a2       0x1e c:/tools/ti/ccsv6.2/ccsv6/tools/compiler/msp430-gcc-5.3.0.224_win32/bin/../lib/gcc/msp430-elf/5.3.0/../../../../msp430-elf/lib\libc.a(lib_a-fflush.o)
                0x0000b2a2                fflush
 .text          0x0000b2c0        0x0 c:/tools/ti/ccsv6.2/ccsv6/tools/compiler/msp430-gcc-5.3.0.224_win32/bin/../lib/gcc/msp430-elf/5.3.0/../../../../msp430-elf/lib\libc.a(lib_a-lseekr.o)
 .text._lseek_r
                0x0000b2c0       0x2e c:/tools/ti/ccsv6.2/ccsv6/tools/compiler/msp430-gcc-5.3.0.224_win32/bin/../lib/gcc/msp430-elf/5.3.0/../../../../msp430-elf/lib\libc.a(lib_a-lseekr.o)
                0x0000b2c0                _lseek_r
 .text          0x0000b2ee        0x0 c:/tools/ti/ccsv6.2/ccsv6/tools/compiler/msp430-gcc-5.3.0.224_win32/bin/../lib/gcc/msp430-elf/5.3.0/../../../../msp430-elf/lib\libc.a(lib_a-makebuf.o)
 .text.__smakebuf_r
                0x0000b2ee       0xe6 c:/tools/ti/ccsv6.2/ccsv6/tools/compiler/msp430-gcc-5.3.0.224_win32/bin/../lib/gcc/msp430-elf/5.3.0/../../../../msp430-elf/lib\libc.a(lib_a-makebuf.o)
                0x0000b2ee                __smakebuf_r
 .text          0x0000b3d4        0x0 c:/tools/ti/ccsv6.2/ccsv6/tools/compiler/msp430-gcc-5.3.0.224_win32/bin/../lib/gcc/msp430-elf/5.3.0/../../../../msp430-elf/lib\libc.a(lib_a-nano-msizer.o)
 .text._malloc_usable_size_r
                0x0000b3d4       0x14 c:/tools/ti/ccsv6.2/ccsv6/tools/compiler/msp430-gcc-5.3.0.224_win32/bin/../lib/gcc/msp430-elf/5.3.0/../../../../msp430-elf/lib\libc.a(lib_a-nano-msizer.o)
                0x0000b3d4                _malloc_usable_size_r
 .text          0x0000b3e8        0x0 c:/tools/ti/ccsv6.2/ccsv6/tools/compiler/msp430-gcc-5.3.0.224_win32/bin/../lib/gcc/msp430-elf/5.3.0/../../../../msp430-elf/lib\libc.a(lib_a-readr.o)
 .text._read_r  0x0000b3e8       0x26 c:/tools/ti/ccsv6.2/ccsv6/tools/compiler/msp430-gcc-5.3.0.224_win32/bin/../lib/gcc/msp430-elf/5.3.0/../../../../msp430-elf/lib\libc.a(lib_a-readr.o)
                0x0000b3e8                _read_r
 .text          0x0000b40e        0x0 c:/tools/ti/ccsv6.2/ccsv6/tools/compiler/msp430-gcc-5.3.0.224_win32/bin/../lib/gcc/msp430-elf/5.3.0/../../../../msp430-elf/lib\libc.a(lib_a-reent.o)
 .text.cleanup_glue
                0x0000b40e       0x1c c:/tools/ti/ccsv6.2/ccsv6/tools/compiler/msp430-gcc-5.3.0.224_win32/bin/../lib/gcc/msp430-elf/5.3.0/../../../../msp430-elf/lib\libc.a(lib_a-reent.o)
                0x0000b40e                cleanup_glue
 .text._reclaim_reent
                0x0000b42a      0x104 c:/tools/ti/ccsv6.2/ccsv6/tools/compiler/msp430-gcc-5.3.0.224_win32/bin/../lib/gcc/msp430-elf/5.3.0/../../../../msp430-elf/lib\libc.a(lib_a-reent.o)
                0x0000b42a                _reclaim_reent
 .text          0x0000b52e        0x0 c:/tools/ti/ccsv6.2/ccsv6/tools/compiler/msp430-gcc-5.3.0.224_win32/bin/../lib/gcc/msp430-elf/5.3.0/../../../../msp430-elf/lib\libc.a(lib_a-fstatr.o)
 .text._fstat_r
                0x0000b52e       0x24 c:/tools/ti/ccsv6.2/ccsv6/tools/compiler/msp430-gcc-5.3.0.224_win32/bin/../lib/gcc/msp430-elf/5.3.0/../../../../msp430-elf/lib\libc.a(lib_a-fstatr.o)
                0x0000b52e                _fstat_r
 .text          0x0000b552        0x0 c:/tools/ti/ccsv6.2/ccsv6/tools/compiler/msp430-gcc-5.3.0.224_win32/bin/../lib/gcc/msp430-elf/5.3.0/../../../../msp430-elf/lib\libc.a(lib_a-isattyr.o)
 .text._isatty_r
                0x0000b552       0x22 c:/tools/ti/ccsv6.2/ccsv6/tools/compiler/msp430-gcc-5.3.0.224_win32/bin/../lib/gcc/msp430-elf/5.3.0/../../../../msp430-elf/lib\libc.a(lib_a-isattyr.o)
                0x0000b552                _isatty_r
 .text          0x0000b574        0x0 c:/tools/ti/ccsv6.2/ccsv6/tools/compiler/msp430-gcc-5.3.0.224_win32/bin/../lib/gcc/msp430-elf/5.3.0/../../../../msp430-elf/lib\libcrt.a(crt_bss.o)
 .text          0x0000b574        0x0 c:/tools/ti/ccsv6.2/ccsv6/tools/compiler/msp430-gcc-5.3.0.224_win32/bin/../lib/gcc/msp430-elf/5.3.0/../../../../msp430-elf/lib\libcrt.a(crt_movedata.o)
 .text          0x0000b574        0x0 c:/tools/ti/ccsv6.2/ccsv6/tools/compiler/msp430-gcc-5.3.0.224_win32/bin/../lib/gcc/msp430-elf/5.3.0/../../../../msp430-elf/lib\libcrt.a(crt_main.o)
 .text          0x0000b574        0x0 c:/tools/ti/ccsv6.2/ccsv6/tools/compiler/msp430-gcc-5.3.0.224_win32/bin/../lib/gcc/msp430-elf/5.3.0/../../../../msp430-elf/lib\libcrt.a(crt_callexit.o)
 .text          0x0000b574        0x0 c:/tools/ti/ccsv6.2/ccsv6/tools/compiler/msp430-gcc-5.3.0.224_win32/bin/../lib/gcc/msp430-elf/5.3.0/../../../../msp430-elf/lib\libnosys.a(ciosyscalls.o)
 .text.exit     0x0000b574        0x2 c:/tools/ti/ccsv6.2/ccsv6/tools/compiler/msp430-gcc-5.3.0.224_win32/bin/../lib/gcc/msp430-elf/5.3.0/../../../../msp430-elf/lib\libnosys.a(ciosyscalls.o)
                0x0000b574                _exit
                0x0000b574                exit