Archive member included to satisfy reference by file (symbol)

c:/ti/msp430_gcc/bin/../lib/gcc/msp430-elf/6.2.1\libgcc.a(lib2divSI.o)
                              ./src/can.o (__mspabi_divul)
c:/ti/msp430_gcc/bin/../lib/gcc/msp430-elf/6.2.1\libgcc.a(slli.o)
                              ./src/can.o (__mspabi_slli)
c:/ti/msp430_gcc/bin/../lib/gcc/msp430-elf/6.2.1\libgcc.a(srai.o)
                              ./src/can.o (__mspabi_srai)
c:/ti/msp430_gcc/bin/../lib/gcc/msp430-elf/6.2.1\libgcc.a(srli.o)
                              ./src/can.o (__mspabi_srll_10)
c:/ti/msp430_gcc/bin/../lib/gcc/msp430-elf/6.2.1\libgcc.a(_udivdi3.o)
                              c:/ti/msp430_gcc/bin/../lib/gcc/msp430-elf/6.2.1\libgcc.a(lib2divSI.o) (__mspabi_divull)
c:/ti/msp430_gcc/bin/../lib/gcc/msp430-elf/6.2.1\libgcc.a(_lshrdi3.o)
                              c:/ti/msp430_gcc/bin/../lib/gcc/msp430-elf/6.2.1\libgcc.a(_udivdi3.o) (__lshrdi3)
c:/ti/msp430_gcc/bin/../lib/gcc/msp430-elf/6.2.1\libgcc.a(_ashldi3.o)
                              c:/ti/msp430_gcc/bin/../lib/gcc/msp430-elf/6.2.1\libgcc.a(_udivdi3.o) (__ashldi3)
c:/ti/msp430_gcc/bin/../lib/gcc/msp430-elf/6.2.1\libgcc.a(_clzdi2.o)
                              c:/ti/msp430_gcc/bin/../lib/gcc/msp430-elf/6.2.1\libgcc.a(_udivdi3.o) (__clzdi2)
c:/ti/msp430_gcc/bin/../lib/gcc/msp430-elf/6.2.1\libgcc.a(_clz.o)
                              c:/ti/msp430_gcc/bin/../lib/gcc/msp430-elf/6.2.1\libgcc.a(_clzdi2.o) (__clz_tab)
F:/RTBS/RTBS_BaseProject - Copy/libs/RTOS\libBase_RTOS_lib.a(core.o)
                              ./src/main.o (__hwirq_43)
F:/RTBS/RTBS_BaseProject - Copy/libs/RTOS\libBase_RTOS_lib.a(kernel.o)
                              F:/RTBS/RTBS_BaseProject - Copy/libs/RTOS\libBase_RTOS_lib.a(core.o) (OSPanic)
F:/RTBS/RTBS_BaseProject - Copy/libs/RTOS\libBase_RTOS_lib.a(timer.o)
                              F:/RTBS/RTBS_BaseProject - Copy/libs/RTOS\libBase_RTOS_lib.a(kernel.o) (os_initSystemTimer)
F:/RTBS/RTBS_BaseProject - Copy/libs/RTOS\libBase_RTOS_lib.a(sysinfo.o)
                              F:/RTBS/RTBS_BaseProject - Copy/libs/RTOS\libBase_RTOS_lib.a(kernel.o) (os_printSystemInformation)
F:/RTBS/RTBS_BaseProject - Copy/libs/RTOS\libBase_RTOS_lib.a(printfx.o)
                              ./src/can.o (printf)
F:/RTBS/RTBS_BaseProject - Copy/libs/RTOS\libBase_RTOS_lib.a(sysclk.o)
                              ./src/main.o (sysclk_setClocks)
F:/RTBS/RTBS_BaseProject - Copy/libs/RTOS\libBase_RTOS_lib.a(uart_tx.o)
                              F:/RTBS/RTBS_BaseProject - Copy/libs/RTOS\libBase_RTOS_lib.a(printfx.o) (putchar)
F:/RTBS/RTBS_BaseProject - Copy/libs/RTOS\libBase_RTOS_lib.a(pmm.o)
                              F:/RTBS/RTBS_BaseProject - Copy/libs/RTOS\libBase_RTOS_lib.a(sysclk.o) (PMM_setVCore)
F:/RTBS/RTBS_BaseProject - Copy/libs\libRTBS_CAN_Tests.a(can_tests.o)
                              ./src/can.o (TEST_sendBit)
c:/ti/msp430_gcc/bin/../lib/gcc/msp430-elf/6.2.1\libgcc.a(lib2divHI.o)
                              F:/RTBS/RTBS_BaseProject - Copy/libs/RTOS\libBase_RTOS_lib.a(timer.o) (__mspabi_divu)
c:/ti/msp430_gcc/bin/../lib/gcc/msp430-elf/6.2.1\libmul_f5.a(lib2hw_mul_f5.o)
                              F:/RTBS/RTBS_BaseProject - Copy/libs/RTOS\libBase_RTOS_lib.a(kernel.o) (__mulhi2_f5)
c:/ti/msp430_gcc/bin/../lib/gcc/msp430-elf/6.2.1/../../../../msp430-elf/lib\libc.a(lib_a-memcmp.o)
                              F:/RTBS/RTBS_BaseProject - Copy/libs\libRTBS_CAN_Tests.a(can_tests.o) (memcmp)
c:/ti/msp430_gcc/bin/../lib/gcc/msp430-elf/6.2.1/../../../../msp430-elf/lib\libc.a(lib_a-memcpy.o)
                              F:/RTBS/RTBS_BaseProject - Copy/libs\libRTBS_CAN_Tests.a(can_tests.o) (memcpy)
c:/ti/msp430_gcc/bin/../lib/gcc/msp430-elf/6.2.1/../../../../msp430-elf/lib\libc.a(lib_a-memset.o)
                              F:/RTBS/RTBS_BaseProject - Copy/libs\libRTBS_CAN_Tests.a(can_tests.o) (memset)
c:/ti/msp430_gcc/bin/../lib/gcc/msp430-elf/6.2.1/../../../../msp430-elf/lib\libc.a(lib_a-puts.o)
                              ./src/can.o (puts)
c:/ti/msp430_gcc/bin/../lib/gcc/msp430-elf/6.2.1/../../../../msp430-elf/lib\libc.a(lib_a-strlen.o)
                              c:/ti/msp430_gcc/bin/../lib/gcc/msp430-elf/6.2.1/../../../../msp430-elf/lib\libc.a(lib_a-puts.o) (strlen)
c:/ti/msp430_gcc/bin/../lib/gcc/msp430-elf/6.2.1/../../../../msp430-elf/lib\libc.a(lib_a-findfp.o)
                              c:/ti/msp430_gcc/bin/../lib/gcc/msp430-elf/6.2.1/../../../../msp430-elf/lib\libc.a(lib_a-puts.o) (__sinit)
c:/ti/msp430_gcc/bin/../lib/gcc/msp430-elf/6.2.1/../../../../msp430-elf/lib\libc.a(lib_a-fvwrite.o)
                              c:/ti/msp430_gcc/bin/../lib/gcc/msp430-elf/6.2.1/../../../../msp430-elf/lib\libc.a(lib_a-puts.o) (__sfvwrite_r)
c:/ti/msp430_gcc/bin/../lib/gcc/msp430-elf/6.2.1/../../../../msp430-elf/lib\libc.a(lib_a-fwalk.o)
[...]
Memory Configuration

Name             Origin             Length             Attributes
SFR              0x00000000         0x00000010
PERIPHERAL_8BIT  0x00000010         0x000000f0
PERIPHERAL_16BIT 0x00000100         0x00000100
BSL              0x00001000         0x00000800
INFOMEM          0x00001800         0x00000200
INFOD            0x00001800         0x00000080
INFOC            0x00001880         0x00000080
INFOB            0x00001900         0x00000080
INFOA            0x00001980         0x00000080
USBRAM           0x00001c00         0x00000800
RAM              0x00002400         0x00002000
ROM              0x00004400         0x0000bb80         xr
VECT1            0x0000ff80         0x00000002
VECT2            0x0000ff82         0x00000002
VECT3            0x0000ff84         0x00000002
VECT4            0x0000ff86         0x00000002
VECT5            0x0000ff88         0x00000002
VECT6            0x0000ff8a         0x00000002
VECT7            0x0000ff8c         0x00000002
VECT8            0x0000ff8e         0x00000002
VECT9            0x0000ff90         0x00000002
VECT10           0x0000ff92         0x00000002
VECT11           0x0000ff94         0x00000002
VECT12           0x0000ff96         0x00000002
VECT13           0x0000ff98         0x00000002
VECT14           0x0000ff9a         0x00000002
VECT15           0x0000ff9c         0x00000002
VECT16           0x0000ff9e         0x00000002
VECT17           0x0000ffa0         0x00000002
VECT18           0x0000ffa2         0x00000002
VECT19           0x0000ffa4         0x00000002
VECT20           0x0000ffa6         0x00000002
VECT21           0x0000ffa8         0x00000002
VECT22           0x0000ffaa         0x00000002
VECT23           0x0000ffac         0x00000002
VECT24           0x0000ffae         0x00000002
VECT25           0x0000ffb0         0x00000002
VECT26           0x0000ffb2         0x00000002
VECT27           0x0000ffb4         0x00000002
VECT28           0x0000ffb6         0x00000002
VECT29           0x0000ffb8         0x00000002
VECT30           0x0000ffba         0x00000002
VECT31           0x0000ffbc         0x00000002
VECT32           0x0000ffbe         0x00000002
VECT33           0x0000ffc0         0x00000002
VECT34           0x0000ffc2         0x00000002
VECT35           0x0000ffc4         0x00000002
VECT36           0x0000ffc6         0x00000002
VECT37           0x0000ffc8         0x00000002
VECT38           0x0000ffca         0x00000002
VECT39           0x0000ffcc         0x00000002
VECT40           0x0000ffce         0x00000002
VECT41           0x0000ffd0         0x00000002
VECT42           0x0000ffd2         0x00000002
VECT43           0x0000ffd4         0x00000002
VECT44           0x0000ffd6         0x00000002
VECT45           0x0000ffd8         0x00000002
VECT46           0x0000ffda         0x00000002
VECT47           0x0000ffdc         0x00000002
VECT48           0x0000ffde         0x00000002
VECT49           0x0000ffe0         0x00000002
VECT50           0x0000ffe2         0x00000002
VECT51           0x0000ffe4         0x00000002
VECT52           0x0000ffe6         0x00000002
VECT53           0x0000ffe8         0x00000002
VECT54           0x0000ffea         0x00000002
VECT55           0x0000ffec         0x00000002
VECT56           0x0000ffee         0x00000002
VECT57           0x0000fff0         0x00000002
VECT58           0x0000fff2         0x00000002
VECT59           0x0000fff4         0x00000002
VECT60           0x0000fff6         0x00000002
VECT61           0x0000fff8         0x00000002
VECT62           0x0000fffa         0x00000002
VECT63           0x0000fffc         0x00000002
RESETVEC         0x0000fffe         0x00000002
HIROM            0x00010000         0x000143ff         xr
*default*        0x00000000         0xffffffff

Linker script and memory map

LOAD c:/ti/msp430_gcc/bin/../lib/gcc/msp430-elf/6.2.1/../../../../msp430-elf/lib/crt0.o
LOAD c:/ti/msp430_gcc/bin/../lib/gcc/msp430-elf/6.2.1/crtbegin.o
LOAD ./src/can.o
LOAD ./src/main.o
START GROUP
LOAD c:/ti/msp430_gcc/bin/../lib/gcc/msp430-elf/6.2.1\libgcc.a
LOAD F:/RTBS/RTBS_BaseProject - Copy/libs/RTOS\libBase_RTOS_lib.a
LOAD F:/RTBS/RTBS_BaseProject - Copy/libs\libRTBS_CAN_Tests.a
END GROUP
LOAD ../libs/RTOS/libBase_RTOS_lib.a
LOAD ../libs/libRTBS_CAN_Tests.a
LOAD c:/ti/msp430_gcc/bin/../lib/gcc/msp430-elf/6.2.1\libgcc.a
START GROUP
LOAD c:/ti/msp430_gcc/bin/../lib/gcc/msp430-elf/6.2.1\libmul_f5.a
LOAD c:/ti/msp430_gcc/bin/../lib/gcc/msp430-elf/6.2.1/../../../../msp430-elf/lib\libc.a
LOAD c:/ti/msp430_gcc/bin/../lib/gcc/msp430-elf/6.2.1\libgcc.a
LOAD c:/ti/msp430_gcc/bin/../lib/gcc/msp430-elf/6.2.1/../../../../msp430-elf/lib\libcrt.a
LOAD c:/ti/msp430_gcc/bin/../lib/gcc/msp430-elf/6.2.1/../../../../msp430-elf/lib\libnosys.a
END GROUP
LOAD c:/ti/msp430_gcc/bin/../lib/gcc/msp430-elf/6.2.1\libgcc.a
LOAD c:/ti/msp430_gcc/bin/../lib/gcc/msp430-elf/6.2.1/crtend.o
LOAD c:/ti/msp430_gcc/bin/../lib/gcc/msp430-elf/6.2.1/../../../../msp430-elf/lib/crtn.o
LOAD c:/ti/msp430_gcc/bin/../lib/gcc/msp430-elf/6.2.1\libgcc.a

__interrupt_vector_1
 *(__interrupt_vector_1)

__interrupt_vector_2
 *(__interrupt_vector_2)

__interrupt_vector_3
 *(__interrupt_vector_3)

__interrupt_vector_4
 *(__interrupt_vector_4)

__interrupt_vector_5
 *(__interrupt_vector_5)

__interrupt_vector_6
 *(__interrupt_vector_6)

__interrupt_vector_7
 *(__interrupt_vector_7)

__interrupt_vector_8
 *(__interrupt_vector_8)

__interrupt_vector_9
 *(__interrupt_vector_9)

__interrupt_vector_10
 *(__interrupt_vector_10)

__interrupt_vector_11
 *(__interrupt_vector_11)

__interrupt_vector_12
 *(__interrupt_vector_12)

__interrupt_vector_13
 *(__interrupt_vector_13)

__interrupt_vector_14
 *(__interrupt_vector_14)

__interrupt_vector_15
 *(__interrupt_vector_15)

__interrupt_vector_16
 *(__interrupt_vector_16)

__interrupt_vector_17
 *(__interrupt_vector_17)

__interrupt_vector_18
 *(__interrupt_vector_18)

__interrupt_vector_19
 *(__interrupt_vector_19)

__interrupt_vector_20
 *(__interrupt_vector_20)

__interrupt_vector_21
 *(__interrupt_vector_21)

__interrupt_vector_22
 *(__interrupt_vector_22)

__interrupt_vector_23
 *(__interrupt_vector_23)

__interrupt_vector_24
 *(__interrupt_vector_24)

__interrupt_vector_25
 *(__interrupt_vector_25)

__interrupt_vector_26
 *(__interrupt_vector_26)

__interrupt_vector_27
 *(__interrupt_vector_27)

__interrupt_vector_28
 *(__interrupt_vector_28)

__interrupt_vector_29
 *(__interrupt_vector_29)

__interrupt_vector_30
 *(__interrupt_vector_30)

__interrupt_vector_31
 *(__interrupt_vector_31)

__interrupt_vector_32
 *(__interrupt_vector_32)

__interrupt_vector_33
 *(__interrupt_vector_33)

__interrupt_vector_34
 *(__interrupt_vector_34)

__interrupt_vector_35
 *(__interrupt_vector_35)

__interrupt_vector_36
 *(__interrupt_vector_36)

__interrupt_vector_37
 *(__interrupt_vector_37)

__interrupt_vector_38
 *(__interrupt_vector_38)

__interrupt_vector_39
 *(__interrupt_vector_39)

__interrupt_vector_40
 *(__interrupt_vector_40)

__interrupt_vector_41
 *(__interrupt_vector_41)

__interrupt_vector_42
 *(__interrupt_vector_42)
 *(__interrupt_vector_rtc)

__interrupt_vector_43
                0x0000ffd4        0x2
 *(__interrupt_vector_43)
 __interrupt_vector_43
                0x0000ffd4        0x2 ./src/main.o
 *(__interrupt_vector_port2)

__interrupt_vector_44
 *(__interrupt_vector_44)
 *(__interrupt_vector_timer2_a1)

__interrupt_vector_45
 *(__interrupt_vector_45)
 *(__interrupt_vector_timer2_a0)

__interrupt_vector_46
 *(__interrupt_vector_46)
 *(__interrupt_vector_usci_b1)

__interrupt_vector_47
 *(__interrupt_vector_47)
 *(__interrupt_vector_usci_a1)

__interrupt_vector_48
                0x0000ffde        0x2
 *(__interrupt_vector_48)
 __interrupt_vector_48
                0x0000ffde        0x2 ./src/main.o
 *(__interrupt_vector_port1)

__interrupt_vector_49
 *(__interrupt_vector_49)
 *(__interrupt_vector_timer1_a1)

__interrupt_vector_50
 *(__interrupt_vector_50)
 *(__interrupt_vector_timer1_a0)

__interrupt_vector_51
 *(__interrupt_vector_51)
 *(__interrupt_vector_dma)

__interrupt_vector_52
 *(__interrupt_vector_52)
 *(__interrupt_vector_usb_ubm)

__interrupt_vector_53
                0x0000ffe8        0x2
 *(__interrupt_vector_53)
 __interrupt_vector_53
                0x0000ffe8        0x2 F:/RTBS/RTBS_BaseProject - Copy/libs/RTOS\libBase_RTOS_lib.a(timer.o)
 *(__interrupt_vector_timer0_a1)

__interrupt_vector_54
 *(__interrupt_vector_54)
 *(__interrupt_vector_timer0_a0)

__interrupt_vector_55
 *(__interrupt_vector_55)
 *(__interrupt_vector_adc12)

__interrupt_vector_56
 *(__interrupt_vector_56)
 *(__interrupt_vector_usci_b0)

__interrupt_vector_57
 *(__interrupt_vector_57)
 *(__interrupt_vector_usci_a0)

__interrupt_vector_58
 *(__interrupt_vector_58)
 *(__interrupt_vector_wdt)

__interrupt_vector_59
 *(__interrupt_vector_59)
 *(__interrupt_vector_timer0_b1)

__interrupt_vector_60
 *(__interrupt_vector_60)
 *(__interrupt_vector_timer0_b0)

__interrupt_vector_61
 *(__interrupt_vector_61)
 *(__interrupt_vector_comp_b)

__interrupt_vector_62
 *(__interrupt_vector_62)
 *(__interrupt_vector_unmi)

__interrupt_vector_63
 *(__interrupt_vector_63)
 *(__interrupt_vector_sysnmi)

__reset_vector  0x0000fffe        0x2
 *(__interrupt_vector_64)
 *(__interrupt_vector_reset)
 *(.resetvec)
 .resetvec      0x0000fffe        0x2 c:/ti/msp430_gcc/bin/../lib/gcc/msp430-elf/6.2.1/../../../../msp430-elf/lib/crt0.o

.rodata         0x00004400      0xa9c
                0x00004400                . = ALIGN (0x2)
 *(.plt)
                0x00004400                . = ALIGN (0x2)
 *(.lower.rodata.* .lower.rodata)
                0x00004400                . = ALIGN (0x2)
 *(.rodata .rodata.* .gnu.linkonce.r.* .const .const:*)
 .rodata        0x00004400       0xe8 ./src/can.o
 .rodata        0x000044e8        0x9 ./src/main.o
 .rodata.__clz_tab
                0x000044f1      0x100 c:/ti/msp430_gcc/bin/../lib/gcc/msp430-elf/6.2.1\libgcc.a(_clz.o)
                0x000044f1                __clz_tab
 .rodata        0x000045f1       0xec F:/RTBS/RTBS_BaseProject - Copy/libs/RTOS\libBase_RTOS_lib.a(kernel.o)
 .rodata        0x000046dd      0x115 F:/RTBS/RTBS_BaseProject - Copy/libs/RTOS\libBase_RTOS_lib.a(sysinfo.o)
 .rodata        0x000047f2       0x95 F:/RTBS/RTBS_BaseProject - Copy/libs/RTOS\libBase_RTOS_lib.a(printfx.o)
 .rodata        0x00004887      0x568 F:/RTBS/RTBS_BaseProject - Copy/libs\libRTBS_CAN_Tests.a(can_tests.o)
 .rodata        0x00004def        0x2 c:/ti/msp430_gcc/bin/../lib/gcc/msp430-elf/6.2.1/../../../../msp430-elf/lib\libc.a(lib_a-puts.o)
 *fill*         0x00004df1        0x1 
 .rodata.__sf_fake_stderr
                0x00004df2       0x12 c:/ti/msp430_gcc/bin/../lib/gcc/msp430-elf/6.2.1/../../../../msp430-elf/lib\libc.a(lib_a-findfp.o)
                0x00004df2                __sf_fake_stderr
 .rodata.__sf_fake_stdout
                0x00004e04       0x12 c:/ti/msp430_gcc/bin/../lib/gcc/msp430-elf/6.2.1/../../../../msp430-elf/lib\libc.a(lib_a-findfp.o)
                0x00004e04                __sf_fake_stdout
 .rodata.__sf_fake_stdin
                0x00004e16       0x12 c:/ti/msp430_gcc/bin/../lib/gcc/msp430-elf/6.2.1/../../../../msp430-elf/lib\libc.a(lib_a-findfp.o)
                0x00004e16                __sf_fake_stdin
 .rodata._global_impure_ptr
                0x00004e28        0x2 c:/ti/msp430_gcc/bin/../lib/gcc/msp430-elf/6.2.1/../../../../msp430-elf/lib\libc.a(lib_a-impure.o)
                0x00004e28                _global_impure_ptr
 .rodata        0x00004e2a        0x2 c:/ti/msp430_gcc/bin/../lib/gcc/msp430-elf/6.2.1/../../../../msp430-elf/lib\libc.a(lib_a-impure.o)
 .rodata        0x00004e2c       0x1a c:/ti/msp430_gcc/bin/../lib/gcc/msp430-elf/6.2.1/../../../../msp430-elf/lib\libnosys.a(sbrk.o)
 *(.rodata1)
 *(.eh_frame_hdr)
 *(.eh_frame)
 *fill*         0x00004e46        0x2 
 .eh_frame      0x00004e48        0x0 c:/ti/msp430_gcc/bin/../lib/gcc/msp430-elf/6.2.1/crtbegin.o
 .eh_frame      0x00004e48       0x44 c:/ti/msp430_gcc/bin/../lib/gcc/msp430-elf/6.2.1\libgcc.a(_udivdi3.o)
 .eh_frame      0x00004e8c        0x4 c:/ti/msp430_gcc/bin/../lib/gcc/msp430-elf/6.2.1/crtend.o
 *(.gcc_except_table)
 *(.gcc_except_table.*)
                0x00004e90                PROVIDE (__preinit_array_start, .)
 *(.preinit_array)
                0x00004e90                PROVIDE (__preinit_array_end, .)
                0x00004e90                PROVIDE (__init_array_start, .)
 *(SORT(.init_array.*))
 *(.init_array)
                0x00004e90                PROVIDE (__init_array_end, .)
                0x00004e90                PROVIDE (__fini_array_start, .)
 *(.fini_array)
 *(SORT(.fini_array.*))
                0x00004e90                PROVIDE (__fini_array_end, .)
                0x00004e90        0x4 LONG 0x0
 *crtbegin*.o(.ctors)
 .ctors         0x00004e94        0x2 c:/ti/msp430_gcc/bin/../lib/gcc/msp430-elf/6.2.1/crtbegin.o
 *(EXCLUDE_FILE(*crtend*.o) .ctors)
 *(SORT(.ctors.*))
 *(.ctors)
 .ctors         0x00004e96        0x2 c:/ti/msp430_gcc/bin/../lib/gcc/msp430-elf/6.2.1/crtend.o
 *crtbegin*.o(.dtors)
 .dtors         0x00004e98        0x2 c:/ti/msp430_gcc/bin/../lib/gcc/msp430-elf/6.2.1/crtbegin.o
 *(EXCLUDE_FILE(*crtend*.o) .dtors)
 *(SORT(.dtors.*))
 *(.dtors)
 .dtors         0x00004e9a        0x2 c:/ti/msp430_gcc/bin/../lib/gcc/msp430-elf/6.2.1/crtend.o
                0x00004e9a                __DTOR_END__

.upper.rodata
 *(.upper.rodata.* .upper.rodata)

.data           0x00002400      0x630 load address 0x00004e9c
                0x00002400                . = ALIGN (0x2)
                0x00002400                PROVIDE (__datastart, .)
 *(.lower.data.* .lower.data)
                0x00002400                . = ALIGN (0x2)
                0x00002400                os_tasks = .
                0x00002400                __os_tasksBegin = .
 *(.os_idletask)
 .os_idletask   0x00002400       0x32 F:/RTBS/RTBS_BaseProject - Copy/libs/RTOS\libBase_RTOS_lib.a(kernel.o)
                0x00002400                __task_TaskIdle
                0x00002432                __os_tasksOther = .
 *(.os_tasks)
 .os_tasks      0x00002432       0x32 ./src/main.o
                0x00002432                __task_testTask
                0x00002464                __os_tasksEnd = .
                0x00002464                . = ALIGN (0x2)
 *(.os_events)
                0x00002464                . = ALIGN (0x2)
                0x00002464                __os_stacksBegin = .
 *(.os_stacks)
 .os_stacks     0x00002464      0x410 ./src/main.o
 .os_stacks     0x00002874       0x88 F:/RTBS/RTBS_BaseProject - Copy/libs/RTOS\libBase_RTOS_lib.a(kernel.o)
                0x000028fc                __os_stacksEnd = .
                0x000028fc                . = ALIGN (0x2)
                0x000028fc                os_resources = .
                0x000028fc                __os_resourcesBegin = .
 *(.os_resources)
                0x000028fc                __os_resourcesEnd = .
                0x000028fc                . = ALIGN (0x2)
 *(.either.data.* .either.data)
                0x000028fc                . = ALIGN (0x2)
 *(.jcr)
 .jcr           0x000028fc        0x0 c:/ti/msp430_gcc/bin/../lib/gcc/msp430-elf/6.2.1/crtbegin.o
 .jcr           0x000028fc        0x2 c:/ti/msp430_gcc/bin/../lib/gcc/msp430-elf/6.2.1/crtend.o
 *(.data.rel.ro.local)
 *(.data.rel.ro*)
 *(.dynamic)
                0x000028fe                . = ALIGN (0x2)
 *(.data .data.* .gnu.linkonce.d.*)
 .data          0x000028fe        0x0 c:/ti/msp430_gcc/bin/../lib/gcc/msp430-elf/6.2.1/../../../../msp430-elf/lib/crt0.o
 .data          0x000028fe        0x0 c:/ti/msp430_gcc/bin/../lib/gcc/msp430-elf/6.2.1/crtbegin.o
 .data.__dso_handle
                0x000028fe        0x2 c:/ti/msp430_gcc/bin/../lib/gcc/msp430-elf/6.2.1/crtbegin.o
                0x000028fe                __dso_handle
 .data          0x00002900        0x0 ./src/can.o
 .data          0x00002900        0x4 ./src/main.o
                0x00002900                recvEv
                0x00002902                sendEv
 .data          0x00002904        0x0 c:/ti/msp430_gcc/bin/../lib/gcc/msp430-elf/6.2.1\libgcc.a(lib2divSI.o)
 .data          0x00002904        0x0 c:/ti/msp430_gcc/bin/../lib/gcc/msp430-elf/6.2.1\libgcc.a(slli.o)
 .data          0x00002904        0x0 c:/ti/msp430_gcc/bin/../lib/gcc/msp430-elf/6.2.1\libgcc.a(srai.o)
 .data          0x00002904        0x0 c:/ti/msp430_gcc/bin/../lib/gcc/msp430-elf/6.2.1\libgcc.a(srli.o)
 .data          0x00002904        0x0 c:/ti/msp430_gcc/bin/../lib/gcc/msp430-elf/6.2.1\libgcc.a(_udivdi3.o)
 .data          0x00002904        0x0 c:/ti/msp430_gcc/bin/../lib/gcc/msp430-elf/6.2.1\libgcc.a(_lshrdi3.o)
 .data          0x00002904        0x0 c:/ti/msp430_gcc/bin/../lib/gcc/msp430-elf/6.2.1\libgcc.a(_ashldi3.o)
 .data          0x00002904        0x0 c:/ti/msp430_gcc/bin/../lib/gcc/msp430-elf/6.2.1\libgcc.a(_clzdi2.o)
 .data          0x00002904        0x0 c:/ti/msp430_gcc/bin/../lib/gcc/msp430-elf/6.2.1\libgcc.a(_clz.o)
 .data          0x00002904        0x0 F:/RTBS/RTBS_BaseProject - Copy/libs/RTOS\libBase_RTOS_lib.a(core.o)
 .data          0x00002904        0xa F:/RTBS/RTBS_BaseProject - Copy/libs/RTOS\libBase_RTOS_lib.a(kernel.o)
                0x00002904                os_timeoutQueueDirty
                0x00002906                os_timeoutQueue
                0x00002907                os_readyQueue
                0x00002908                os_runningTask
                0x0000290a                os_kernel_mode
                0x0000290c                os_running
 .data          0x0000290e        0x0 F:/RTBS/RTBS_BaseProject - Copy/libs/RTOS\libBase_RTOS_lib.a(timer.o)
 .data          0x0000290e        0x0 F:/RTBS/RTBS_BaseProject - Copy/libs/RTOS\libBase_RTOS_lib.a(sysinfo.o)
 .data          0x0000290e        0x6 F:/RTBS/RTBS_BaseProject - Copy/libs/RTOS\libBase_RTOS_lib.a(printfx.o)
 .data          0x00002914        0x0 F:/RTBS/RTBS_BaseProject - Copy/libs/RTOS\libBase_RTOS_lib.a(sysclk.o)
 .data          0x00002914        0x0 F:/RTBS/RTBS_BaseProject - Copy/libs/RTOS\libBase_RTOS_lib.a(uart_tx.o)
 .data          0x00002914        0x0 F:/RTBS/RTBS_BaseProject - Copy/libs/RTOS\libBase_RTOS_lib.a(pmm.o)
 .data          0x00002914       0x54 F:/RTBS/RTBS_BaseProject - Copy/libs\libRTBS_CAN_Tests.a(can_tests.o)
 .data          0x00002968        0x0 c:/ti/msp430_gcc/bin/../lib/gcc/msp430-elf/6.2.1\libgcc.a(lib2divHI.o)
 .data          0x00002968        0x0 c:/ti/msp430_gcc/bin/../lib/gcc/msp430-elf/6.2.1\libmul_f5.a(lib2hw_mul_f5.o)
 .data          0x00002968        0x0 c:/ti/msp430_gcc/bin/../lib/gcc/msp430-elf/6.2.1/../../../../msp430-elf/lib\libc.a(lib_a-memcmp.o)
 .data          0x00002968        0x0 c:/ti/msp430_gcc/bin/../lib/gcc/msp430-elf/6.2.1/../../../../msp430-elf/lib\libc.a(lib_a-memcpy.o)
 .data          0x00002968        0x0 c:/ti/msp430_gcc/bin/../lib/gcc/msp430-elf/6.2.1/../../../../msp430-elf/lib\libc.a(lib_a-memset.o)
 .data          0x00002968        0x0 c:/ti/msp430_gcc/bin/../lib/gcc/msp430-elf/6.2.1/../../../../msp430-elf/lib\libc.a(lib_a-puts.o)
 .data          0x00002968        0x0 c:/ti/msp430_gcc/bin/../lib/gcc/msp430-elf/6.2.1/../../../../msp430-elf/lib\libc.a(lib_a-strlen.o)
 .data          0x00002968        0x0 c:/ti/msp430_gcc/bin/../lib/gcc/msp430-elf/6.2.1/../../../../msp430-elf/lib\libc.a(lib_a-findfp.o)
 .data          0x00002968        0x0 c:/ti/msp430_gcc/bin/../lib/gcc/msp430-elf/6.2.1/../../../../msp430-elf/lib\libc.a(lib_a-fvwrite.o)
 .data          0x00002968        0x0 c:/ti/msp430_gcc/bin/../lib/gcc/msp430-elf/6.2.1/../../../../msp430-elf/lib\libc.a(lib_a-fwalk.o)
 .data          0x00002968        0x0 c:/ti/msp430_gcc/bin/../lib/gcc/msp430-elf/6.2.1/../../../../msp430-elf/lib\libc.a(lib_a-impure.o)
 .data._impure_ptr
                0x00002968        0x2 c:/ti/msp430_gcc/bin/../lib/gcc/msp430-elf/6.2.1/../../../../msp430-elf/lib\libc.a(lib_a-impure.o)
                0x00002968                _impure_ptr
 .data.impure_data
                0x0000296a       0x78 c:/ti/msp430_gcc/bin/../lib/gcc/msp430-elf/6.2.1/../../../../msp430-elf/lib\libc.a(lib_a-impure.o)
 .data          0x000029e2        0x0 c:/ti/msp430_gcc/bin/../lib/gcc/msp430-elf/6.2.1/../../../../msp430-elf/lib\libc.a(lib_a-memchr.o)
 .data          0x000029e2        0x0 c:/ti/msp430_gcc/bin/../lib/gcc/msp430-elf/6.2.1/../../../../msp430-elf/lib\libc.a(lib_a-memmove.o)
 .data          0x000029e2        0x0 c:/ti/msp430_gcc/bin/../lib/gcc/msp430-elf/6.2.1/../../../../msp430-elf/lib\libc.a(lib_a-nano-freer.o)
 .data          0x000029e2        0x0 c:/ti/msp430_gcc/bin/../lib/gcc/msp430-elf/6.2.1/../../../../msp430-elf/lib\libc.a(lib_a-nano-mallocr.o)
 .data          0x000029e2        0x0 c:/ti/msp430_gcc/bin/../lib/gcc/msp430-elf/6.2.1/../../../../msp430-elf/lib\libc.a(lib_a-nano-reallocr.o)
 .data          0x000029e2        0x0 c:/ti/msp430_gcc/bin/../lib/gcc/msp430-elf/6.2.1/../../../../msp430-elf/lib\libc.a(lib_a-sbrkr.o)
 .data          0x000029e2        0x0 c:/ti/msp430_gcc/bin/../lib/gcc/msp430-elf/6.2.1/../../../../msp430-elf/lib\libc.a(lib_a-stdio.o)
 .data          0x000029e2        0x0 c:/ti/msp430_gcc/bin/../lib/gcc/msp430-elf/6.2.1/../../../../msp430-elf/lib\libc.a(lib_a-writer.o)
 .data          0x000029e2        0x0 c:/ti/msp430_gcc/bin/../lib/gcc/msp430-elf/6.2.1/../../../../msp430-elf/lib\libc.a(lib_a-wsetup.o)
 .data          0x000029e2        0x0 c:/ti/msp430_gcc/bin/../lib/gcc/msp430-elf/6.2.1/../../../../msp430-elf/lib\libc.a(lib_a-closer.o)
 .data          0x000029e2        0x0 c:/ti/msp430_gcc/bin/../lib/gcc/msp430-elf/6.2.1/../../../../msp430-elf/lib\libc.a(lib_a-fclose.o)
 .data          0x000029e2        0x0 c:/ti/msp430_gcc/bin/../lib/gcc/msp430-elf/6.2.1/../../../../msp430-elf/lib\libc.a(lib_a-fflush.o)
 .data          0x000029e2        0x0 c:/ti/msp430_gcc/bin/../lib/gcc/msp430-elf/6.2.1/../../../../msp430-elf/lib\libc.a(lib_a-lseekr.o)
 .data          0x000029e2        0x0 c:/ti/msp430_gcc/bin/../lib/gcc/msp430-elf/6.2.1/../../../../msp430-elf/lib\libc.a(lib_a-makebuf.o)
 .data          0x000029e2        0x0 c:/ti/msp430_gcc/bin/../lib/gcc/msp430-elf/6.2.1/../../../../msp430-elf/lib\libc.a(lib_a-nano-msizer.o)
 .data          0x000029e2        0x0 c:/ti/msp430_gcc/bin/../lib/gcc/msp430-elf/6.2.1/../../../../msp430-elf/lib\libc.a(lib_a-readr.o)
 .data          0x000029e2        0x0 c:/ti/msp430_gcc/bin/../lib/gcc/msp430-elf/6.2.1/../../../../msp430-elf/lib\libc.a(lib_a-reent.o)
 .data          0x000029e2        0x0 c:/ti/msp430_gcc/bin/../lib/gcc/msp430-elf/6.2.1/../../../../msp430-elf/lib\libc.a(lib_a-fstatr.o)
 .data          0x000029e2        0x0 c:/ti/msp430_gcc/bin/../lib/gcc/msp430-elf/6.2.1/../../../../msp430-elf/lib\libc.a(lib_a-isattyr.o)
 .data          0x000029e2        0x0 c:/ti/msp430_gcc/bin/../lib/gcc/msp430-elf/6.2.1\libgcc.a(_muldi3.o)
 .data          0x000029e2        0x0 c:/ti/msp430_gcc/bin/../lib/gcc/msp430-elf/6.2.1/../../../../msp430-elf/lib\libcrt.a(crt_bss.o)
 .data          0x000029e2        0x0 c:/ti/msp430_gcc/bin/../lib/gcc/msp430-elf/6.2.1/../../../../msp430-elf/lib\libcrt.a(crt_movedata.o)
 .data          0x000029e2        0x0 c:/ti/msp430_gcc/bin/../lib/gcc/msp430-elf/6.2.1/../../../../msp430-elf/lib\libcrt.a(crt_main.o)
 .data          0x000029e2        0x0 c:/ti/msp430_gcc/bin/../lib/gcc/msp430-elf/6.2.1/../../../../msp430-elf/lib\libcrt.a(crt_callexit.o)
 .data          0x000029e2        0x0 c:/ti/msp430_gcc/bin/../lib/gcc/msp430-elf/6.2.1/../../../../msp430-elf/lib\libnosys.a(ciosyscalls.o)
 .data          0x000029e2        0x0 c:/ti/msp430_gcc/bin/../lib/gcc/msp430-elf/6.2.1/../../../../msp430-elf/lib\libnosys.a(write.o)
 .data          0x000029e2        0x0 c:/ti/msp430_gcc/bin/../lib/gcc/msp430-elf/6.2.1/../../../../msp430-elf/lib\libnosys.a(sbrk.o)
 .data.heap.1381
                0x000029e2        0x2 c:/ti/msp430_gcc/bin/../lib/gcc/msp430-elf/6.2.1/../../../../msp430-elf/lib\libnosys.a(sbrk.o)
 .data          0x000029e4       0x4b c:/ti/msp430_gcc/bin/../lib/gcc/msp430-elf/6.2.1/../../../../msp430-elf/lib\libnosys.a(cio.o)
                0x000029e4                _CIOBUF_
                0x000029e4                __CIOBUF__
 .data          0x00002a2f        0x0 c:/ti/msp430_gcc/bin/../lib/gcc/msp430-elf/6.2.1/../../../../msp430-elf/lib\libc.a(lib_a-abort.o)
 .data          0x00002a2f        0x0 c:/ti/msp430_gcc/bin/../lib/gcc/msp430-elf/6.2.1/../../../../msp430-elf/lib\libc.a(lib_a-errno.o)
 .data          0x00002a2f        0x0 c:/ti/msp430_gcc/bin/../lib/gcc/msp430-elf/6.2.1/../../../../msp430-elf/lib\libc.a(lib_a-signal.o)
 .data          0x00002a2f        0x0 c:/ti/msp430_gcc/bin/../lib/gcc/msp430-elf/6.2.1/../../../../msp430-elf/lib\libc.a(lib_a-signalr.o)
 .data          0x00002a2f        0x0 c:/ti/msp430_gcc/bin/../lib/gcc/msp430-elf/6.2.1/crtend.o
 .data          0x00002a2f        0x0 c:/ti/msp430_gcc/bin/../lib/gcc/msp430-elf/6.2.1/../../../../msp430-elf/lib/crtn.o
 *(.gnu.linkonce.d.*personality*)
 *(.data1)
 *(.got.plt)
 *(.got)
                0x00002a30                . = ALIGN (0x2)
 *fill*         0x00002a2f        0x1 
 *(.sdata .sdata.* .gnu.linkonce.s.* D_2 D_1)
                0x00002a30                . = ALIGN (0x2)
                0x00002a30                _edata = .
                [!provide]                PROVIDE (edata, .)
                [!provide]                PROVIDE (__dataend, .)
                0x00004e9c                PROVIDE (__romdatastart, LOADADDR (.data))
                0x00000630                PROVIDE (__romdatacopysize, SIZEOF (.data))

.bss            0x00002a30       0x40 load address 0x000054cc
                0x00002a30                . = ALIGN (0x2)
                0x00002a30                PROVIDE (__bssstart, .)
 *(.lower.bss.* .lower.bss)
                0x00002a30                . = ALIGN (0x2)
 *(.either.bss.* .either.bss)
 *(.dynbss)
 *(.sbss .sbss.*)
 *(.bss .bss.* .gnu.linkonce.b.*)
 .bss           0x00002a30        0x0 c:/ti/msp430_gcc/bin/../lib/gcc/msp430-elf/6.2.1/../../../../msp430-elf/lib/crt0.o
 .bss           0x00002a30        0x0 c:/ti/msp430_gcc/bin/../lib/gcc/msp430-elf/6.2.1/crtbegin.o
 .bss.completed.3086
                0x00002a30        0x1 c:/ti/msp430_gcc/bin/../lib/gcc/msp430-elf/6.2.1/crtbegin.o
 *fill*         0x00002a31        0x1 
 .bss.dtor_idx.3088
                0x00002a32        0x2 c:/ti/msp430_gcc/bin/../lib/gcc/msp430-elf/6.2.1/crtbegin.o
 .bss.object.3101
                0x00002a34        0xe c:/ti/msp430_gcc/bin/../lib/gcc/msp430-elf/6.2.1/crtbegin.o
 .bss           0x00002a42        0x0 ./src/can.o
 .bss           0x00002a42        0x0 ./src/main.o
 .bss           0x00002a42        0x0 c:/ti/msp430_gcc/bin/../lib/gcc/msp430-elf/6.2.1\libgcc.a(lib2divSI.o)
 .bss           0x00002a42        0x0 c:/ti/msp430_gcc/bin/../lib/gcc/msp430-elf/6.2.1\libgcc.a(slli.o)
 .bss           0x00002a42        0x0 c:/ti/msp430_gcc/bin/../lib/gcc/msp430-elf/6.2.1\libgcc.a(srai.o)
 .bss           0x00002a42        0x0 c:/ti/msp430_gcc/bin/../lib/gcc/msp430-elf/6.2.1\libgcc.a(srli.o)
 .bss           0x00002a42        0x0 c:/ti/msp430_gcc/bin/../lib/gcc/msp430-elf/6.2.1\libgcc.a(_udivdi3.o)
 .bss           0x00002a42        0x0 c:/ti/msp430_gcc/bin/../lib/gcc/msp430-elf/6.2.1\libgcc.a(_lshrdi3.o)
 .bss           0x00002a42        0x0 c:/ti/msp430_gcc/bin/../lib/gcc/msp430-elf/6.2.1\libgcc.a(_ashldi3.o)
 .bss           0x00002a42        0x0 c:/ti/msp430_gcc/bin/../lib/gcc/msp430-elf/6.2.1\libgcc.a(_clzdi2.o)
 .bss           0x00002a42        0x0 c:/ti/msp430_gcc/bin/../lib/gcc/msp430-elf/6.2.1\libgcc.a(_clz.o)
 .bss           0x00002a42        0x0 F:/RTBS/RTBS_BaseProject - Copy/libs/RTOS\libBase_RTOS_lib.a(core.o)
 .bss           0x00002a42        0x0 F:/RTBS/RTBS_BaseProject - Copy/libs/RTOS\libBase_RTOS_lib.a(kernel.o)
 .bss           0x00002a42        0x0 F:/RTBS/RTBS_BaseProject - Copy/libs/RTOS\libBase_RTOS_lib.a(timer.o)
 .bss           0x00002a42        0x0 F:/RTBS/RTBS_BaseProject - Copy/libs/RTOS\libBase_RTOS_lib.a(sysinfo.o)
 .bss           0x00002a42        0x1 F:/RTBS/RTBS_BaseProject - Copy/libs/RTOS\libBase_RTOS_lib.a(printfx.o)
 .bss           0x00002a43        0x0 F:/RTBS/RTBS_BaseProject - Copy/libs/RTOS\libBase_RTOS_lib.a(sysclk.o)
 .bss           0x00002a43        0x0 F:/RTBS/RTBS_BaseProject - Copy/libs/RTOS\libBase_RTOS_lib.a(uart_tx.o)
 .bss           0x00002a43        0x0 F:/RTBS/RTBS_BaseProject - Copy/libs/RTOS\libBase_RTOS_lib.a(pmm.o)
 *fill*         0x00002a43        0x1 
 .bss           0x00002a44        0x8 F:/RTBS/RTBS_BaseProject - Copy/libs\libRTBS_CAN_Tests.a(can_tests.o)
 .bss           0x00002a4c        0x0 c:/ti/msp430_gcc/bin/../lib/gcc/msp430-elf/6.2.1\libgcc.a(lib2divHI.o)
 .bss           0x00002a4c        0x0 c:/ti/msp430_gcc/bin/../lib/gcc/msp430-elf/6.2.1\libmul_f5.a(lib2hw_mul_f5.o)
 .bss           0x00002a4c        0x0 c:/ti/msp430_gcc/bin/../lib/gcc/msp430-elf/6.2.1/../../../../msp430-elf/lib\libc.a(lib_a-memcmp.o)
 .bss           0x00002a4c        0x0 c:/ti/msp430_gcc/bin/../lib/gcc/msp430-elf/6.2.1/../../../../msp430-elf/lib\libc.a(lib_a-memcpy.o)
 .bss           0x00002a4c        0x0 c:/ti/msp430_gcc/bin/../lib/gcc/msp430-elf/6.2.1/../../../../msp430-elf/lib\libc.a(lib_a-memset.o)
 .bss           0x00002a4c        0x0 c:/ti/msp430_gcc/bin/../lib/gcc/msp430-elf/6.2.1/../../../../msp430-elf/lib\libc.a(lib_a-puts.o)
 .bss           0x00002a4c        0x0 c:/ti/msp430_gcc/bin/../lib/gcc/msp430-elf/6.2.1/../../../../msp430-elf/lib\libc.a(lib_a-strlen.o)
 .bss           0x00002a4c        0x0 c:/ti/msp430_gcc/bin/../lib/gcc/msp430-elf/6.2.1/../../../../msp430-elf/lib\libc.a(lib_a-findfp.o)
 .bss           0x00002a4c        0x0 c:/ti/msp430_gcc/bin/../lib/gcc/msp430-elf/6.2.1/../../../../msp430-elf/lib\libc.a(lib_a-fvwrite.o)
 .bss           0x00002a4c        0x0 c:/ti/msp430_gcc/bin/../lib/gcc/msp430-elf/6.2.1/../../../../msp430-elf/lib\libc.a(lib_a-fwalk.o)
 .bss           0x00002a4c        0x0 c:/ti/msp430_gcc/bin/../lib/gcc/msp430-elf/6.2.1/../../../../msp430-elf/lib\libc.a(lib_a-impure.o)
 .bss           0x00002a4c        0x0 c:/ti/msp430_gcc/bin/../lib/gcc/msp430-elf/6.2.1/../../../../msp430-elf/lib\libc.a(lib_a-memchr.o)
 .bss           0x00002a4c        0x0 c:/ti/msp430_gcc/bin/../lib/gcc/msp430-elf/6.2.1/../../../../msp430-elf/lib\libc.a(lib_a-memmove.o)
 .bss           0x00002a4c        0x0 c:/ti/msp430_gcc/bin/../lib/gcc/msp430-elf/6.2.1/../../../../msp430-elf/lib\libc.a(lib_a-nano-freer.o)
 .bss           0x00002a4c        0x0 c:/ti/msp430_gcc/bin/../lib/gcc/msp430-elf/6.2.1/../../../../msp430-elf/lib\libc.a(lib_a-nano-mallocr.o)
 .bss.__malloc_sbrk_start
                0x00002a4c        0x2 c:/ti/msp430_gcc/bin/../lib/gcc/msp430-elf/6.2.1/../../../../msp430-elf/lib\libc.a(lib_a-nano-mallocr.o)
                0x00002a4c                __malloc_sbrk_start
 .bss.__malloc_free_list
                0x00002a4e        0x2 c:/ti/msp430_gcc/bin/../lib/gcc/msp430-elf/6.2.1/../../../../msp430-elf/lib\libc.a(lib_a-nano-mallocr.o)
                0x00002a4e                __malloc_free_list
 .bss           0x00002a50        0x0 c:/ti/msp430_gcc/bin/../lib/gcc/msp430-elf/6.2.1/../../../../msp430-elf/lib\libc.a(lib_a-nano-reallocr.o)
 .bss           0x00002a50        0x0 c:/ti/msp430_gcc/bin/../lib/gcc/msp430-elf/6.2.1/../../../../msp430-elf/lib\libc.a(lib_a-sbrkr.o)
 .bss           0x00002a50        0x0 c:/ti/msp430_gcc/bin/../lib/gcc/msp430-elf/6.2.1/../../../../msp430-elf/lib\libc.a(lib_a-stdio.o)
 .bss           0x00002a50        0x0 c:/ti/msp430_gcc/bin/../lib/gcc/msp430-elf/6.2.1/../../../../msp430-elf/lib\libc.a(lib_a-writer.o)
 .bss           0x00002a50        0x0 c:/ti/msp430_gcc/bin/../lib/gcc/msp430-elf/6.2.1/../../../../msp430-elf/lib\libc.a(lib_a-wsetup.o)
 .bss           0x00002a50        0x0 c:/ti/msp430_gcc/bin/../lib/gcc/msp430-elf/6.2.1/../../../../msp430-elf/lib\libc.a(lib_a-closer.o)
 .bss           0x00002a50        0x0 c:/ti/msp430_gcc/bin/../lib/gcc/msp430-elf/6.2.1/../../../../msp430-elf/lib\libc.a(lib_a-fclose.o)
 .bss           0x00002a50        0x0 c:/ti/msp430_gcc/bin/../lib/gcc/msp430-elf/6.2.1/../../../../msp430-elf/lib\libc.a(lib_a-fflush.o)
 .bss           0x00002a50        0x0 c:/ti/msp430_gcc/bin/../lib/gcc/msp430-elf/6.2.1/../../../../msp430-elf/lib\libc.a(lib_a-lseekr.o)
 .bss           0x00002a50        0x0 c:/ti/msp430_gcc/bin/../lib/gcc/msp430-elf/6.2.1/../../../../msp430-elf/lib\libc.a(lib_a-makebuf.o)
 .bss           0x00002a50        0x0 c:/ti/msp430_gcc/bin/../lib/gcc/msp430-elf/6.2.1/../../../../msp430-elf/lib\libc.a(lib_a-nano-msizer.o)
 .bss           0x00002a50        0x0 c:/ti/msp430_gcc/bin/../lib/gcc/msp430-elf/6.2.1/../../../../msp430-elf/lib\libc.a(lib_a-readr.o)
 .bss           0x00002a50        0x0 c:/ti/msp430_gcc/bin/../lib/gcc/msp430-elf/6.2.1/../../../../msp430-elf/lib\libc.a(lib_a-reent.o)
 .bss           0x00002a50        0x0 c:/ti/msp430_gcc/bin/../lib/gcc/msp430-elf/6.2.1/../../../../msp430-elf/lib\libc.a(lib_a-fstatr.o)
 .bss           0x00002a50        0x0 c:/ti/msp430_gcc/bin/../lib/gcc/msp430-elf/6.2.1/../../../../msp430-elf/lib\libc.a(lib_a-isattyr.o)
 .bss           0x00002a50        0x0 c:/ti/msp430_gcc/bin/../lib/gcc/msp430-elf/6.2.1\libgcc.a(_muldi3.o)
 .bss           0x00002a50        0x0 c:/ti/msp430_gcc/bin/../lib/gcc/msp430-elf/6.2.1/../../../../msp430-elf/lib\libcrt.a(crt_bss.o)
 .bss           0x00002a50        0x0 c:/ti/msp430_gcc/bin/../lib/gcc/msp430-elf/6.2.1/../../../../msp430-elf/lib\libcrt.a(crt_movedata.o)
 .bss           0x00002a50        0x0 c:/ti/msp430_gcc/bin/../lib/gcc/msp430-elf/6.2.1/../../../../msp430-elf/lib\libcrt.a(crt_main.o)
 .bss           0x00002a50        0x0 c:/ti/msp430_gcc/bin/../lib/gcc/msp430-elf/6.2.1/../../../../msp430-elf/lib\libcrt.a(crt_callexit.o)
 .bss           0x00002a50        0x0 c:/ti/msp430_gcc/bin/../lib/gcc/msp430-elf/6.2.1/../../../../msp430-elf/lib\libnosys.a(ciosyscalls.o)
 .bss           0x00002a50        0x0 c:/ti/msp430_gcc/bin/../lib/gcc/msp430-elf/6.2.1/../../../../msp430-elf/lib\libnosys.a(write.o)
 .bss           0x00002a50        0x0 c:/ti/msp430_gcc/bin/../lib/gcc/msp430-elf/6.2.1/../../../../msp430-elf/lib\libnosys.a(sbrk.o)
 .bss           0x00002a50        0x0 c:/ti/msp430_gcc/bin/../lib/gcc/msp430-elf/6.2.1/../../../../msp430-elf/lib\libnosys.a(cio.o)
 .bss           0x00002a50        0x0 c:/ti/msp430_gcc/bin/../lib/gcc/msp430-elf/6.2.1/../../../../msp430-elf/lib\libc.a(lib_a-abort.o)
 .bss           0x00002a50        0x0 c:/ti/msp430_gcc/bin/../lib/gcc/msp430-elf/6.2.1/../../../../msp430-elf/lib\libc.a(lib_a-errno.o)
 .bss           0x00002a50        0x0 c:/ti/msp430_gcc/bin/../lib/gcc/msp430-elf/6.2.1/../../../../msp430-elf/lib\libc.a(lib_a-signal.o)
 .bss           0x00002a50        0x0 c:/ti/msp430_gcc/bin/../lib/gcc/msp430-elf/6.2.1/../../../../msp430-elf/lib\libc.a(lib_a-signalr.o)
 .bss           0x00002a50        0x0 c:/ti/msp430_gcc/bin/../lib/gcc/msp430-elf/6.2.1/crtend.o
 .bss           0x00002a50        0x0 c:/ti/msp430_gcc/bin/../lib/gcc/msp430-elf/6.2.1/../../../../msp430-elf/lib/crtn.o
                0x00002a50                . = ALIGN (0x2)
 *(COMMON)
 COMMON         0x00002a50        0x8 ./src/can.o
                0x00002a50                CANConfig
 COMMON         0x00002a58        0x8 ./src/main.o
                0x00002a58                time
 COMMON         0x00002a60        0x5 F:/RTBS/RTBS_BaseProject - Copy/libs/RTOS\libBase_RTOS_lib.a(kernel.o)
                0x00002a60                os_sca
                0x00002a62                os_sp
 *fill*         0x00002a65        0x1 
 COMMON         0x00002a66        0x8 F:/RTBS/RTBS_BaseProject - Copy/libs/RTOS\libBase_RTOS_lib.a(timer.o)
                0x00002a66                os_timeline
 COMMON         0x00002a6e        0x2 c:/ti/msp430_gcc/bin/../lib/gcc/msp430-elf/6.2.1/../../../../msp430-elf/lib\libc.a(lib_a-reent.o)
                0x00002a6e                errno
                [!provide]                PROVIDE (__bssend, .)
                0x00000040                PROVIDE (__bsssize, SIZEOF (.bss))

.noinit         0x00002a70        0x0 load address 0x000054cc
                0x00002a70                . = ALIGN (0x2)
                [!provide]                PROVIDE (__noinit_start, .)
 *(.noinit)
                0x00002a70                . = ALIGN (0x2)
                [!provide]                PROVIDE (__noinit_end, .)
                0x00002a70                _end = .
                0x00002a70                PROVIDE (end, .)

.stack          0x00004400        0x0
                0x00004400                PROVIDE (__stack, .)
 *(.stack)

.lowtext        0x000054cc       0x6a
                0x000054cc                PROVIDE (_start, .)
                0x000054cc                . = ALIGN (0x2)
 *(SORT(.crt_*))
 .crt_0000start
                0x000054cc        0x4 c:/ti/msp430_gcc/bin/../lib/gcc/msp430-elf/6.2.1/../../../../msp430-elf/lib/crt0.o
                0x000054cc                __crt0_start
 .crt_0100init_bss
                0x000054d0        0xe c:/ti/msp430_gcc/bin/../lib/gcc/msp430-elf/6.2.1/../../../../msp430-elf/lib\libcrt.a(crt_bss.o)
                0x000054d0                __crt0_init_bss
 .crt_0300movedata
                0x000054de       0x14 c:/ti/msp430_gcc/bin/../lib/gcc/msp430-elf/6.2.1/../../../../msp430-elf/lib\libcrt.a(crt_movedata.o)
                0x000054de                __crt0_movedata
 .crt_0700call_init_then_main
                0x000054f2        0xa c:/ti/msp430_gcc/bin/../lib/gcc/msp430-elf/6.2.1/../../../../msp430-elf/lib\libcrt.a(crt_main.o)
                0x000054f2                __crt0_call_init_then_main
 .crt_0800call_exit
                0x000054fc        0x4 c:/ti/msp430_gcc/bin/../lib/gcc/msp430-elf/6.2.1/../../../../msp430-elf/lib\libcrt.a(crt_callexit.o)
                0x000054fc                __crt0_call_exit
 .crt_0900main_init
                0x00005500       0x36 c:/ti/msp430_gcc/bin/../lib/gcc/msp430-elf/6.2.1/../../../../msp430-elf/lib/crt0.o
                0x00005500                _msp430_run_init_array
                0x0000550c                _msp430_run_preinit_array
                0x00005518                _msp430_run_fini_array
 *(.lowtext)

.text           0x00005536     0x5c2b
                0x00005536                . = ALIGN (0x2)
 *(.lower.text.* .lower.text)
                0x00005536                . = ALIGN (0x2)
 *(.text .stub .text.* .gnu.linkonce.t.* .text:*)
 .text          0x00005536        0x0 c:/ti/msp430_gcc/bin/../lib/gcc/msp430-elf/6.2.1/../../../../msp430-elf/lib/crt0.o
 .text          0x00005536        0x4 c:/ti/msp430_gcc/bin/../lib/gcc/msp430-elf/6.2.1/crtbegin.o
 .text.deregister_tm_clones
                0x0000553a       0x1e c:/ti/msp430_gcc/bin/../lib/gcc/msp430-elf/6.2.1/crtbegin.o
 .text.register_tm_clones
                0x00005558       0x2c c:/ti/msp430_gcc/bin/../lib/gcc/msp430-elf/6.2.1/crtbegin.o
 .text.__do_global_dtors_aux
                0x00005584       0x4a c:/ti/msp430_gcc/bin/../lib/gcc/msp430-elf/6.2.1/crtbegin.o
 .text.call___do_global_dtors_aux
                0x000055ce        0x0 c:/ti/msp430_gcc/bin/../lib/gcc/msp430-elf/6.2.1/crtbegin.o
 .text.frame_dummy
                0x000055ce       0x2c c:/ti/msp430_gcc/bin/../lib/gcc/msp430-elf/6.2.1/crtbegin.o
 .text.call_frame_dummy
                0x000055fa        0x0 c:/ti/msp430_gcc/bin/../lib/gcc/msp430-elf/6.2.1/crtbegin.o
 .text          0x000055fa     0x12d2 ./src/can.o
                0x000055fa                setBit
                0x00005614                clearBit
                0x0000562e                testBit
                0x00005642                writeBuffer
                0x000056aa                readBuffer
                0x0000570c                CAN_shiftReg
                0x00005760                CAN_createCRC
                0x00005836                CAN_init
                0x00005880                CAN_setBaudrate
                0x000058aa                CAN_sendBit
                0x000058b0                CAN_recvBit
                0x000058b6                CAN_createFrame
                0x00006286                CAN_sendFrame
                0x000065ec                CAN_trySendFrame
                0x00006688                CAN_receiveFrame
                0x000068ca                CAN_decodeFrame
 .text          0x000068cc       0x86 ./src/main.o
                0x000068cc                testTask
                0x000068d6                port1_isr
                0x000068f0                port2_isr
                0x0000690a                hwirq_48
                0x0000690e                hwirq_43
                0x00006912                main
 .text          0x00006952        0x2 c:/ti/msp430_gcc/bin/../lib/gcc/msp430-elf/6.2.1\libgcc.a(lib2divSI.o)
                0x00006952                __mspabi_divllu
 .text.udivmodsi4
                0x00006954       0x80 c:/ti/msp430_gcc/bin/../lib/gcc/msp430-elf/6.2.1\libgcc.a(lib2divSI.o)
                0x00006954                udivmodsi4
 .text.__divsi3
                0x000069d4       0x74 c:/ti/msp430_gcc/bin/../lib/gcc/msp430-elf/6.2.1\libgcc.a(lib2divSI.o)
                0x000069d4                __mspabi_divli
 .text.__modsi3
                0x00006a48       0x56 c:/ti/msp430_gcc/bin/../lib/gcc/msp430-elf/6.2.1\libgcc.a(lib2divSI.o)
                0x00006a48                __mspabi_remli
 .text.__udivsi3
                0x00006a9e        0xe c:/ti/msp430_gcc/bin/../lib/gcc/msp430-elf/6.2.1\libgcc.a(lib2divSI.o)
                0x00006a9e                __mspabi_divlu
                0x00006a9e                __mspabi_divul
 .text.__umodsi3
                0x00006aac        0xe c:/ti/msp430_gcc/bin/../lib/gcc/msp430-elf/6.2.1\libgcc.a(lib2divSI.o)
                0x00006aac                __mspabi_remul
 .text          0x00006aba       0x74 c:/ti/msp430_gcc/bin/../lib/gcc/msp430-elf/6.2.1\libgcc.a(slli.o)
                0x00006aba                __mspabi_slli_15
                0x00006abc                __mspabi_slli_14
                0x00006abe                __mspabi_slli_13
                0x00006ac0                __mspabi_slli_12
                0x00006ac2                __mspabi_slli_11
                0x00006ac4                __mspabi_slli_10
                0x00006ac6                __mspabi_slli_9
                0x00006ac8                __mspabi_slli_8
                0x00006aca                __mspabi_slli_7
                0x00006acc                __mspabi_slli_6
                0x00006ace                __mspabi_slli_5
                0x00006ad0                __mspabi_slli_4
                0x00006ad2                __mspabi_slli_3
                0x00006ad4                __mspabi_slli_2
                0x00006ad6                __mspabi_slli_1
                0x00006ade                __mspabi_slli
                0x00006ae4                __mspabi_slll_15
                0x00006ae8                __mspabi_slll_14
                0x00006aec                __mspabi_slll_13
                0x00006af0                __mspabi_slll_12
                0x00006af4                __mspabi_slll_11
                0x00006af8                __mspabi_slll_10
                0x00006afc                __mspabi_slll_9
                0x00006b00                __mspabi_slll_8
                0x00006b04                __mspabi_slll_7
                0x00006b08                __mspabi_slll_6
                0x00006b0c                __mspabi_slll_5
                0x00006b10                __mspabi_slll_4
                0x00006b14                __mspabi_slll_3
                0x00006b18                __mspabi_slll_2
                0x00006b1c                __mspabi_slll_1
                0x00006b28                __mspabi_slll
 .text          0x00006b2e       0x74 c:/ti/msp430_gcc/bin/../lib/gcc/msp430-elf/6.2.1\libgcc.a(srai.o)
                0x00006b2e                __mspabi_srai_15
                0x00006b30                __mspabi_srai_14
                0x00006b32                __mspabi_srai_13
                0x00006b34                __mspabi_srai_12
                0x00006b36                __mspabi_srai_11
                0x00006b38                __mspabi_srai_10
                0x00006b3a                __mspabi_srai_9
                0x00006b3c                __mspabi_srai_8
                0x00006b3e                __mspabi_srai_7
                0x00006b40                __mspabi_srai_6
                0x00006b42                __mspabi_srai_5
                0x00006b44                __mspabi_srai_4
                0x00006b46                __mspabi_srai_3
                0x00006b48                __mspabi_srai_2
                0x00006b4a                __mspabi_srai_1
                0x00006b52                __mspabi_srai
                0x00006b58                __mspabi_sral_15
                0x00006b5c                __mspabi_sral_14
                0x00006b60                __mspabi_sral_13
                0x00006b64                __mspabi_sral_12
                0x00006b68                __mspabi_sral_11
                0x00006b6c                __mspabi_sral_10
                0x00006b70                __mspabi_sral_9
                0x00006b74                __mspabi_sral_8
                0x00006b78                __mspabi_sral_7
                0x00006b7c                __mspabi_sral_6
                0x00006b80                __mspabi_sral_5
                0x00006b84                __mspabi_sral_4
                0x00006b88                __mspabi_sral_3
                0x00006b8c                __mspabi_sral_2
                0x00006b90                __mspabi_sral_1
                0x00006b9c                __mspabi_sral
 .text          0x00006ba2       0xb4 c:/ti/msp430_gcc/bin/../lib/gcc/msp430-elf/6.2.1\libgcc.a(srli.o)
                0x00006ba2                __mspabi_srli_15
                0x00006ba6                __mspabi_srli_14
                0x00006baa                __mspabi_srli_13
                0x00006bae                __mspabi_srli_12
                0x00006bb2                __mspabi_srli_11
                0x00006bb6                __mspabi_srli_10
                0x00006bba                __mspabi_srli_9
                0x00006bbe                __mspabi_srli_8
                0x00006bc2                __mspabi_srli_7
                0x00006bc6                __mspabi_srli_6
                0x00006bca                __mspabi_srli_5
                0x00006bce                __mspabi_srli_4
                0x00006bd2                __mspabi_srli_3
                0x00006bd6                __mspabi_srli_2
                0x00006bda                __mspabi_srli_1
                0x00006be6                __mspabi_srli
                0x00006bec                __mspabi_srll_15
                0x00006bf2                __mspabi_srll_14
                0x00006bf8                __mspabi_srll_13
                0x00006bfe                __mspabi_srll_12
                0x00006c04                __mspabi_srll_11
                0x00006c0a                __mspabi_srll_10
                0x00006c10                __mspabi_srll_9
                0x00006c16                __mspabi_srll_8
                0x00006c1c                __mspabi_srll_7
                0x00006c22                __mspabi_srll_6
                0x00006c28                __mspabi_srll_5
                0x00006c2e                __mspabi_srll_4
                0x00006c34                __mspabi_srll_3
                0x00006c3a                __mspabi_srll_2
                0x00006c40                __mspabi_srll_1
                0x00006c50                __mspabi_srll
 .text          0x00006c56        0x0 c:/ti/msp430_gcc/bin/../lib/gcc/msp430-elf/6.2.1\libgcc.a(_udivdi3.o)
 .text.__udivdi3
                0x00006c56      0x3d6 c:/ti/msp430_gcc/bin/../lib/gcc/msp430-elf/6.2.1\libgcc.a(_udivdi3.o)
                0x00006c56                __mspabi_divull
 .text          0x0000702c        0x0 c:/ti/msp430_gcc/bin/../lib/gcc/msp430-elf/6.2.1\libgcc.a(_lshrdi3.o)
 .text.__lshrdi3
                0x0000702c       0x84 c:/ti/msp430_gcc/bin/../lib/gcc/msp430-elf/6.2.1\libgcc.a(_lshrdi3.o)
                0x0000702c                __lshrdi3
 .text          0x000070b0        0x0 c:/ti/msp430_gcc/bin/../lib/gcc/msp430-elf/6.2.1\libgcc.a(_ashldi3.o)
 .text.__ashldi3
                0x000070b0       0x8c c:/ti/msp430_gcc/bin/../lib/gcc/msp430-elf/6.2.1\libgcc.a(_ashldi3.o)
                0x000070b0                __ashldi3
 .text          0x0000713c        0x0 c:/ti/msp430_gcc/bin/../lib/gcc/msp430-elf/6.2.1\libgcc.a(_clzdi2.o)
 .text.__clzdi2
                0x0000713c       0x56 c:/ti/msp430_gcc/bin/../lib/gcc/msp430-elf/6.2.1\libgcc.a(_clzdi2.o)
                0x0000713c                __clzdi2
 .text          0x00007192        0x0 c:/ti/msp430_gcc/bin/../lib/gcc/msp430-elf/6.2.1\libgcc.a(_clz.o)
 .text          0x00007192      0x108 F:/RTBS/RTBS_BaseProject - Copy/libs/RTOS\libBase_RTOS_lib.a(core.o)
                0x00007192                syscall_setEvent
                0x000071a6                syscall_mystery
                0x000071ba                syscall_CAS
                0x000071ce                syscall_waitEventUntil
                0x000071e2                syscall_getResource
                0x000071f6                syscall_releaseResource
                0x0000720a                __hwirq_53
                0x0000721c                __hwirq_43
                0x0000722e                __hwirq_48
                0x0000727a                os_dispatcher
 .text          0x0000729a      0x8b8 F:/RTBS/RTBS_BaseProject - Copy/libs/RTOS\libBase_RTOS_lib.a(kernel.o)
                0x0000729a                TaskIdle
                0x0000729c                registerResources
                0x0000729e                OSPanic
                0x000072ba                insert_into_memberlist
                0x0000739e                os_initTasks
                0x00007438                os_run
                0x00007482                remove_from_memberlist
                0x0000752c                insert_into_timeout_queue
                0x00007626                remove_from_timeout_queue
                0x000076b8                waitEventUntil
                0x000076be                waitEventFor
                0x0000772a                waitEvent
                0x00007732                setEvent
                0x00007738                clearEvent
                0x0000773e                checkEvent
                0x0000774c                sleep
                0x000077b6                sleepUntil
                0x000077c0                busyDelayUntil
                0x0000780a                busyDelay
                0x00007872                getResource
                0x00007878                releaseResource
                0x0000787e                __syscall_mystery
                0x000078b6                __syscall_CAS
                0x000078d0                __syscall_waitEventUntil
                0x000079e2                __syscall_setEvent
                0x00007a20                __syscall_getResource
                0x00007a9a                __syscall_releaseResource
 .text          0x00007b52      0x34a F:/RTBS/RTBS_BaseProject - Copy/libs/RTOS\libBase_RTOS_lib.a(timer.o)
                0x00007b52                os_initSystemTimer
                0x00007c0c                getCurrentTime
                0x00007c56                schedule
                0x00007db8                updateTimer
                0x00007e92                os_timerISR
                0x00007e98                hwirq_53
 .text          0x00007e9c      0x176 F:/RTBS/RTBS_BaseProject - Copy/libs/RTOS\libBase_RTOS_lib.a(sysinfo.o)
                0x00007e9c                os_printReadyQueue
                0x00007ef2                os_printSystemInformation
 .text          0x00008012      0x730 F:/RTBS/RTBS_BaseProject - Copy/libs/RTOS\libBase_RTOS_lib.a(printfx.o)
                0x00008036                printfSetStreamwriter
                0x00008048                printfSetGroupseparator
                0x0000804e                printfSetVerbosity
                0x00008054                printfGetVerbosity
                0x0000805a                printfzString
                0x000080a2                printf
                0x00008734                printfx
 .text          0x00008742      0x178 F:/RTBS/RTBS_BaseProject - Copy/libs/RTOS\libBase_RTOS_lib.a(sysclk.o)
                0x00008742                sysclk_setClocks
                0x000088b0                sysclk_getSMCLK
 .text          0x000088ba       0xc8 F:/RTBS/RTBS_BaseProject - Copy/libs/RTOS\libBase_RTOS_lib.a(uart_tx.o)
                0x000088ba                putchar
                0x000088ce                UART_write
                0x000088f0                UART_clearScreen
                0x000088f8                UART_setConfig
 .text          0x00008982      0x17a F:/RTBS/RTBS_BaseProject - Copy/libs/RTOS\libBase_RTOS_lib.a(pmm.o)
                0x00008982                PMM_setVCore
 .text          0x00008afc     0x1038 F:/RTBS/RTBS_BaseProject - Copy/libs\libRTBS_CAN_Tests.a(can_tests.o)
                0x00008b72                TEST_sendBit
                0x00008bcc                TEST_recvBit
                0x00008c08                CAN_runTests
 .text          0x00009b34        0x0 c:/ti/msp430_gcc/bin/../lib/gcc/msp430-elf/6.2.1\libgcc.a(lib2divHI.o)
 .text.udivmodhi4
                0x00009b34       0x3c c:/ti/msp430_gcc/bin/../lib/gcc/msp430-elf/6.2.1\libgcc.a(lib2divHI.o)
                0x00009b34                udivmodhi4
 .text.__divhi3
                0x00009b70       0x46 c:/ti/msp430_gcc/bin/../lib/gcc/msp430-elf/6.2.1\libgcc.a(lib2divHI.o)
                0x00009b70                __mspabi_divi
 .text.__modhi3
                0x00009bb6       0x30 c:/ti/msp430_gcc/bin/../lib/gcc/msp430-elf/6.2.1\libgcc.a(lib2divHI.o)
                0x00009bb6                __mspabi_remi
 .text.__udivhi3
                0x00009be6        0x8 c:/ti/msp430_gcc/bin/../lib/gcc/msp430-elf/6.2.1\libgcc.a(lib2divHI.o)
                0x00009be6                __mspabi_divu
 .text.__umodhi3
                0x00009bee        0x8 c:/ti/msp430_gcc/bin/../lib/gcc/msp430-elf/6.2.1\libgcc.a(lib2divHI.o)
                0x00009bee                __mspabi_remu
 .text          0x00009bf6        0x0 c:/ti/msp430_gcc/bin/../lib/gcc/msp430-elf/6.2.1\libmul_f5.a(lib2hw_mul_f5.o)
 .text.__mulhi2_f5
                0x00009bf6       0x14 c:/ti/msp430_gcc/bin/../lib/gcc/msp430-elf/6.2.1\libmul_f5.a(lib2hw_mul_f5.o)
                0x00009bf6                __mspabi_mpyi_f5hw
                0x00009bf6                __mspabi_mpyi
                0x00009bf6                __mulhi2_f5
 .text.__mulsihi2
                0x00009c0a       0x18 c:/ti/msp430_gcc/bin/../lib/gcc/msp430-elf/6.2.1\libmul_f5.a(lib2hw_mul_f5.o)
                0x00009c0a                __mspabi_mpysl
                0x00009c0a                __mspabi_mpysl_f5hw
                0x00009c0a                __mulsihi2
 .text.__umulsihi2
                0x00009c22       0x18 c:/ti/msp430_gcc/bin/../lib/gcc/msp430-elf/6.2.1\libmul_f5.a(lib2hw_mul_f5.o)
                0x00009c22                __mspabi_mpyul
                0x00009c22                __umulsihi2
                0x00009c22                _mspabi_mpyul_f5hw
 .text.__mulsi2_f5
                0x00009c3a       0x20 c:/ti/msp430_gcc/bin/../lib/gcc/msp430-elf/6.2.1\libmul_f5.a(lib2hw_mul_f5.o)
                0x00009c3a                __mspabi_mpyl_f5hw
                0x00009c3a                __mulsi2_f5
                0x00009c3a                __mspabi_mpyl
 .text.__muldisi2
                0x00009c5a       0x28 c:/ti/msp430_gcc/bin/../lib/gcc/msp430-elf/6.2.1\libmul_f5.a(lib2hw_mul_f5.o)
                0x00009c5a                __muldisi2
                0x00009c5a                __mspabi_mpysll
                0x00009c5a                __mspabi_mpysll_f5hw
 .text.__umuldisi2
                0x00009c82       0x28 c:/ti/msp430_gcc/bin/../lib/gcc/msp430-elf/6.2.1\libmul_f5.a(lib2hw_mul_f5.o)
                0x00009c82                __umuldisi2
                0x00009c82                __mspabi_mpyull
                0x00009c82                __mspabi_mpyull_f5hw
 .text.__muldi3
                0x00009caa        0x4 c:/ti/msp430_gcc/bin/../lib/gcc/msp430-elf/6.2.1\libmul_f5.a(lib2hw_mul_f5.o)
                0x00009caa                __muldi3
                0x00009caa                __mspabi_mpyll_f5hw
 .text          0x00009cae        0x0 c:/ti/msp430_gcc/bin/../lib/gcc/msp430-elf/6.2.1/../../../../msp430-elf/lib\libc.a(lib_a-memcmp.o)
 .text.memcmp   0x00009cae       0x1e c:/ti/msp430_gcc/bin/../lib/gcc/msp430-elf/6.2.1/../../../../msp430-elf/lib\libc.a(lib_a-memcmp.o)
                0x00009cae                memcmp
 .text          0x00009ccc        0x0 c:/ti/msp430_gcc/bin/../lib/gcc/msp430-elf/6.2.1/../../../../msp430-elf/lib\libc.a(lib_a-memcpy.o)
 .text.memcpy   0x00009ccc       0x14 c:/ti/msp430_gcc/bin/../lib/gcc/msp430-elf/6.2.1/../../../../msp430-elf/lib\libc.a(lib_a-memcpy.o)
                0x00009ccc                memcpy
 .text          0x00009ce0        0x0 c:/ti/msp430_gcc/bin/../lib/gcc/msp430-elf/6.2.1/../../../../msp430-elf/lib\libc.a(lib_a-memset.o)
 .text.memset   0x00009ce0       0x12 c:/ti/msp430_gcc/bin/../lib/gcc/msp430-elf/6.2.1/../../../../msp430-elf/lib\libc.a(lib_a-memset.o)
                0x00009ce0                memset
 .text          0x00009cf2        0x0 c:/ti/msp430_gcc/bin/../lib/gcc/msp430-elf/6.2.1/../../../../msp430-elf/lib\libc.a(lib_a-puts.o)
 .text._puts_r  0x00009cf2       0xb4 c:/ti/msp430_gcc/bin/../lib/gcc/msp430-elf/6.2.1/../../../../msp430-elf/lib\libc.a(lib_a-puts.o)
                0x00009cf2                _puts_r
 .text.puts     0x00009da6        0xc c:/ti/msp430_gcc/bin/../lib/gcc/msp430-elf/6.2.1/../../../../msp430-elf/lib\libc.a(lib_a-puts.o)
                0x00009da6                puts
 .text          0x00009db2        0x0 c:/ti/msp430_gcc/bin/../lib/gcc/msp430-elf/6.2.1/../../../../msp430-elf/lib\libc.a(lib_a-strlen.o)
 .text.strlen   0x00009db2       0x12 c:/ti/msp430_gcc/bin/../lib/gcc/msp430-elf/6.2.1/../../../../msp430-elf/lib\libc.a(lib_a-strlen.o)
                0x00009db2                strlen
 .text          0x00009dc4        0x0 c:/ti/msp430_gcc/bin/../lib/gcc/msp430-elf/6.2.1/../../../../msp430-elf/lib\libc.a(lib_a-findfp.o)
 .text.__fp_unlock
                0x00009dc4        0x4 c:/ti/msp430_gcc/bin/../lib/gcc/msp430-elf/6.2.1/../../../../msp430-elf/lib\libc.a(lib_a-findfp.o)
 .text._cleanup_r
                0x00009dc8        0xa c:/ti/msp430_gcc/bin/../lib/gcc/msp430-elf/6.2.1/../../../../msp430-elf/lib\libc.a(lib_a-findfp.o)
                0x00009dc8                _cleanup_r
 .text.std.isra.0
                0x00009dd2       0x56 c:/ti/msp430_gcc/bin/../lib/gcc/msp430-elf/6.2.1/../../../../msp430-elf/lib\libc.a(lib_a-findfp.o)
 .text.__fp_lock
                0x00009e28        0x4 c:/ti/msp430_gcc/bin/../lib/gcc/msp430-elf/6.2.1/../../../../msp430-elf/lib\libc.a(lib_a-findfp.o)
 .text.__sfmoreglue
                0x00009e2c       0x44 c:/ti/msp430_gcc/bin/../lib/gcc/msp430-elf/6.2.1/../../../../msp430-elf/lib\libc.a(lib_a-findfp.o)
                0x00009e2c                __sfmoreglue
 .text._cleanup
                0x00009e70        0xa c:/ti/msp430_gcc/bin/../lib/gcc/msp430-elf/6.2.1/../../../../msp430-elf/lib\libc.a(lib_a-findfp.o)
                0x00009e70                _cleanup
 .text.__sinit  0x00009e7a       0x70 c:/ti/msp430_gcc/bin/../lib/gcc/msp430-elf/6.2.1/../../../../msp430-elf/lib\libc.a(lib_a-findfp.o)
                0x00009e7a                __sinit
 .text.__sfp    0x00009eea       0xac c:/ti/msp430_gcc/bin/../lib/gcc/msp430-elf/6.2.1/../../../../msp430-elf/lib\libc.a(lib_a-findfp.o)
                0x00009eea                __sfp
 .text.__sfp_lock_acquire
                0x00009f96        0x2 c:/ti/msp430_gcc/bin/../lib/gcc/msp430-elf/6.2.1/../../../../msp430-elf/lib\libc.a(lib_a-findfp.o)
                0x00009f96                __sfp_lock_acquire
 .text.__sfp_lock_release
                0x00009f98        0x2 c:/ti/msp430_gcc/bin/../lib/gcc/msp430-elf/6.2.1/../../../../msp430-elf/lib\libc.a(lib_a-findfp.o)
                0x00009f98                __sfp_lock_release
 .text.__sinit_lock_acquire
                0x00009f9a        0x2 c:/ti/msp430_gcc/bin/../lib/gcc/msp430-elf/6.2.1/../../../../msp430-elf/lib\libc.a(lib_a-findfp.o)
                0x00009f9a                __sinit_lock_acquire
 .text.__sinit_lock_release
                0x00009f9c        0x2 c:/ti/msp430_gcc/bin/../lib/gcc/msp430-elf/6.2.1/../../../../msp430-elf/lib\libc.a(lib_a-findfp.o)
                0x00009f9c                __sinit_lock_release
 .text.__fp_lock_all
                0x00009f9e        0xe c:/ti/msp430_gcc/bin/../lib/gcc/msp430-elf/6.2.1/../../../../msp430-elf/lib\libc.a(lib_a-findfp.o)
                0x00009f9e                __fp_lock_all
 .text.__fp_unlock_all
                0x00009fac        0xe c:/ti/msp430_gcc/bin/../lib/gcc/msp430-elf/6.2.1/../../../../msp430-elf/lib\libc.a(lib_a-findfp.o)
                0x00009fac                __fp_unlock_all
 .text          0x00009fba        0x0 c:/ti/msp430_gcc/bin/../lib/gcc/msp430-elf/6.2.1/../../../../msp430-elf/lib\libc.a(lib_a-fvwrite.o)
 .text.__sfvwrite_r
                0x00009fba      0x2f4 c:/ti/msp430_gcc/bin/../lib/gcc/msp430-elf/6.2.1/../../../../msp430-elf/lib\libc.a(lib_a-fvwrite.o)
                0x00009fba                __sfvwrite_r
 .text          0x0000a2ae        0x0 c:/ti/msp430_gcc/bin/../lib/gcc/msp430-elf/6.2.1/../../../../msp430-elf/lib\libc.a(lib_a-fwalk.o)
 .text._fwalk   0x0000a2ae       0x48 c:/ti/msp430_gcc/bin/../lib/gcc/msp430-elf/6.2.1/../../../../msp430-elf/lib\libc.a(lib_a-fwalk.o)
                0x0000a2ae                _fwalk
 .text._fwalk_reent
                0x0000a2f6       0x4c c:/ti/msp430_gcc/bin/../lib/gcc/msp430-elf/6.2.1/../../../../msp430-elf/lib\libc.a(lib_a-fwalk.o)
                0x0000a2f6                _fwalk_reent
 .text          0x0000a342        0x0 c:/ti/msp430_gcc/bin/../lib/gcc/msp430-elf/6.2.1/../../../../msp430-elf/lib\libc.a(lib_a-impure.o)
 .text          0x0000a342        0x0 c:/ti/msp430_gcc/bin/../lib/gcc/msp430-elf/6.2.1/../../../../msp430-elf/lib\libc.a(lib_a-memchr.o)
 .text.memchr   0x0000a342       0x18 c:/ti/msp430_gcc/bin/../lib/gcc/msp430-elf/6.2.1/../../../../msp430-elf/lib\libc.a(lib_a-memchr.o)
                0x0000a342                memchr
 .text          0x0000a35a        0x0 c:/ti/msp430_gcc/bin/../lib/gcc/msp430-elf/6.2.1/../../../../msp430-elf/lib\libc.a(lib_a-memmove.o)
 .text.memmove  0x0000a35a       0x38 c:/ti/msp430_gcc/bin/../lib/gcc/msp430-elf/6.2.1/../../../../msp430-elf/lib\libc.a(lib_a-memmove.o)
                0x0000a35a                memmove
 .text          0x0000a392        0x0 c:/ti/msp430_gcc/bin/../lib/gcc/msp430-elf/6.2.1/../../../../msp430-elf/lib\libc.a(lib_a-nano-freer.o)
 .text._free_r  0x0000a392       0xe6 c:/ti/msp430_gcc/bin/../lib/gcc/msp430-elf/6.2.1/../../../../msp430-elf/lib\libc.a(lib_a-nano-freer.o)
                0x0000a392                _free_r
 .text          0x0000a478        0x0 c:/ti/msp430_gcc/bin/../lib/gcc/msp430-elf/6.2.1/../../../../msp430-elf/lib\libc.a(lib_a-nano-mallocr.o)
 .text._malloc_r
                0x0000a478       0xf2 c:/ti/msp430_gcc/bin/../lib/gcc/msp430-elf/6.2.1/../../../../msp430-elf/lib\libc.a(lib_a-nano-mallocr.o)
                0x0000a478                _malloc_r
 .text          0x0000a56a        0x0 c:/ti/msp430_gcc/bin/../lib/gcc/msp430-elf/6.2.1/../../../../msp430-elf/lib\libc.a(lib_a-nano-reallocr.o)
 .text._realloc_r
                0x0000a56a       0x52 c:/ti/msp430_gcc/bin/../lib/gcc/msp430-elf/6.2.1/../../../../msp430-elf/lib\libc.a(lib_a-nano-reallocr.o)
                0x0000a56a                _realloc_r
 .text          0x0000a5bc        0x0 c:/ti/msp430_gcc/bin/../lib/gcc/msp430-elf/6.2.1/../../../../msp430-elf/lib\libc.a(lib_a-sbrkr.o)
 .text._sbrk_r  0x0000a5bc       0x22 c:/ti/msp430_gcc/bin/../lib/gcc/msp430-elf/6.2.1/../../../../msp430-elf/lib\libc.a(lib_a-sbrkr.o)
                0x0000a5bc                _sbrk_r
 .text          0x0000a5de        0x0 c:/ti/msp430_gcc/bin/../lib/gcc/msp430-elf/6.2.1/../../../../msp430-elf/lib\libc.a(lib_a-stdio.o)
 .text.__sread  0x0000a5de       0x38 c:/ti/msp430_gcc/bin/../lib/gcc/msp430-elf/6.2.1/../../../../msp430-elf/lib\libc.a(lib_a-stdio.o)
                0x0000a5de                __sread
 .text.__seofread
                0x0000a616        0x4 c:/ti/msp430_gcc/bin/../lib/gcc/msp430-elf/6.2.1/../../../../msp430-elf/lib\libc.a(lib_a-stdio.o)
                0x0000a616                __seofread
 .text.__swrite
                0x0000a61a       0x3c c:/ti/msp430_gcc/bin/../lib/gcc/msp430-elf/6.2.1/../../../../msp430-elf/lib\libc.a(lib_a-stdio.o)
                0x0000a61a                __swrite
 .text.__sseek  0x0000a656       0x38 c:/ti/msp430_gcc/bin/../lib/gcc/msp430-elf/6.2.1/../../../../msp430-elf/lib\libc.a(lib_a-stdio.o)
                0x0000a656                __sseek
 .text.__sclose
                0x0000a68e        0xa c:/ti/msp430_gcc/bin/../lib/gcc/msp430-elf/6.2.1/../../../../msp430-elf/lib\libc.a(lib_a-stdio.o)
                0x0000a68e                __sclose
 .text          0x0000a698        0x0 c:/ti/msp430_gcc/bin/../lib/gcc/msp430-elf/6.2.1/../../../../msp430-elf/lib\libc.a(lib_a-writer.o)
 .text._write_r
                0x0000a698       0x26 c:/ti/msp430_gcc/bin/../lib/gcc/msp430-elf/6.2.1/../../../../msp430-elf/lib\libc.a(lib_a-writer.o)
                0x0000a698                _write_r
 .text          0x0000a6be        0x0 c:/ti/msp430_gcc/bin/../lib/gcc/msp430-elf/6.2.1/../../../../msp430-elf/lib\libc.a(lib_a-wsetup.o)
 .text.__swsetup_r
                0x0000a6be       0xf4 c:/ti/msp430_gcc/bin/../lib/gcc/msp430-elf/6.2.1/../../../../msp430-elf/lib\libc.a(lib_a-wsetup.o)
                0x0000a6be                __swsetup_r
 .text          0x0000a7b2        0x0 c:/ti/msp430_gcc/bin/../lib/gcc/msp430-elf/6.2.1/../../../../msp430-elf/lib\libc.a(lib_a-closer.o)
 .text._close_r
                0x0000a7b2       0x22 c:/ti/msp430_gcc/bin/../lib/gcc/msp430-elf/6.2.1/../../../../msp430-elf/lib\libc.a(lib_a-closer.o)
                0x0000a7b2                _close_r
 .text          0x0000a7d4        0x0 c:/ti/msp430_gcc/bin/../lib/gcc/msp430-elf/6.2.1/../../../../msp430-elf/lib\libc.a(lib_a-fclose.o)
 .text._fclose_r
                0x0000a7d4       0xba c:/ti/msp430_gcc/bin/../lib/gcc/msp430-elf/6.2.1/../../../../msp430-elf/lib\libc.a(lib_a-fclose.o)
                0x0000a7d4                _fclose_r
 .text.fclose   0x0000a88e        0xc c:/ti/msp430_gcc/bin/../lib/gcc/msp430-elf/6.2.1/../../../../msp430-elf/lib\libc.a(lib_a-fclose.o)
                0x0000a88e                fclose
 .text          0x0000a89a        0x0 c:/ti/msp430_gcc/bin/../lib/gcc/msp430-elf/6.2.1/../../../../msp430-elf/lib\libc.a(lib_a-fflush.o)
 .text.__sflush_r
                0x0000a89a      0x180 c:/ti/msp430_gcc/bin/../lib/gcc/msp430-elf/6.2.1/../../../../msp430-elf/lib\libc.a(lib_a-fflush.o)
                0x0000a89a                __sflush_r
 .text._fflush_r
                0x0000aa1a       0x58 c:/ti/msp430_gcc/bin/../lib/gcc/msp430-elf/6.2.1/../../../../msp430-elf/lib\libc.a(lib_a-fflush.o)
                0x0000aa1a                _fflush_r
 .text.fflush   0x0000aa72       0x1e c:/ti/msp430_gcc/bin/../lib/gcc/msp430-elf/6.2.1/../../../../msp430-elf/lib\libc.a(lib_a-fflush.o)
                0x0000aa72                fflush
 .text          0x0000aa90        0x0 c:/ti/msp430_gcc/bin/../lib/gcc/msp430-elf/6.2.1/../../../../msp430-elf/lib\libc.a(lib_a-lseekr.o)
 .text._lseek_r
                0x0000aa90       0x2e c:/ti/msp430_gcc/bin/../lib/gcc/msp430-elf/6.2.1/../../../../msp430-elf/lib\libc.a(lib_a-lseekr.o)
                0x0000aa90                _lseek_r
 .text          0x0000aabe        0x0 c:/ti/msp430_gcc/bin/../lib/gcc/msp430-elf/6.2.1/../../../../msp430-elf/lib\libc.a(lib_a-makebuf.o)
 .text.__swhatbuf_r
                0x0000aabe       0x68 c:/ti/msp430_gcc/bin/../lib/gcc/msp430-elf/6.2.1/../../../../msp430-elf/lib\libc.a(lib_a-makebuf.o)
                0x0000aabe                __swhatbuf_r
 .text.__smakebuf_r
                0x0000ab26       0x86 c:/ti/msp430_gcc/bin/../lib/gcc/msp430-elf/6.2.1/../../../../msp430-elf/lib\libc.a(lib_a-makebuf.o)
                0x0000ab26                __smakebuf_r
 .text          0x0000abac        0x0 c:/ti/msp430_gcc/bin/../lib/gcc/msp430-elf/6.2.1/../../../../msp430-elf/lib\libc.a(lib_a-nano-msizer.o)
 .text._malloc_usable_size_r
                0x0000abac       0x14 c:/ti/msp430_gcc/bin/../lib/gcc/msp430-elf/6.2.1/../../../../msp430-elf/lib\libc.a(lib_a-nano-msizer.o)
                0x0000abac                _malloc_usable_size_r
 .text          0x0000abc0        0x0 c:/ti/msp430_gcc/bin/../lib/gcc/msp430-elf/6.2.1/../../../../msp430-elf/lib\libc.a(lib_a-readr.o)
 .text._read_r  0x0000abc0       0x26 c:/ti/msp430_gcc/bin/../lib/gcc/msp430-elf/6.2.1/../../../../msp430-elf/lib\libc.a(lib_a-readr.o)
                0x0000abc0                _read_r
 .text          0x0000abe6        0x0 c:/ti/msp430_gcc/bin/../lib/gcc/msp430-elf/6.2.1/../../../../msp430-elf/lib\libc.a(lib_a-reent.o)
 .text.cleanup_glue
                0x0000abe6       0x1c c:/ti/msp430_gcc/bin/../lib/gcc/msp430-elf/6.2.1/../../../../msp430-elf/lib\libc.a(lib_a-reent.o)
                0x0000abe6                cleanup_glue
 .text._reclaim_reent
                0x0000ac02      0x104 c:/ti/msp430_gcc/bin/../lib/gcc/msp430-elf/6.2.1/../../../../msp430-elf/lib\libc.a(lib_a-reent.o)
                0x0000ac02                _reclaim_reent
 .text          0x0000ad06        0x0 c:/ti/msp430_gcc/bin/../lib/gcc/msp430-elf/6.2.1/../../../../msp430-elf/lib\libc.a(lib_a-fstatr.o)
 .text._fstat_r
                0x0000ad06       0x24 c:/ti/msp430_gcc/bin/../lib/gcc/msp430-elf/6.2.1/../../../../msp430-elf/lib\libc.a(lib_a-fstatr.o)
                0x0000ad06                _fstat_r
 .text          0x0000ad2a        0x0 c:/ti/msp430_gcc/bin/../lib/gcc/msp430-elf/6.2.1/../../../../msp430-elf/lib\libc.a(lib_a-isattyr.o)
 .text._isatty_r
                0x0000ad2a       0x22 c:/ti/msp430_gcc/bin/../lib/gcc/msp430-elf/6.2.1/../../../../msp430-elf/lib\libc.a(lib_a-isattyr.o)
                0x0000ad2a                _isatty_r
 .text          0x0000ad4c        0x0 c:/ti/msp430_gcc/bin/../lib/gcc/msp430-elf/6.2.1\libgcc.a(_muldi3.o)
 .text.__muldi3
                0x0000ad4c      0x14a c:/ti/msp430_gcc/bin/../lib/gcc/msp430-elf/6.2.1\libgcc.a(_muldi3.o)
                0x0000ad4c                __mspabi_mpyll
 .text          0x0000ae96        0x0 c:/ti/msp430_gcc/bin/../lib/gcc/msp430-elf/6.2.1/../../../../msp430-elf/lib\libcrt.a(crt_bss.o)
 .text          0x0000ae96        0x0 c:/ti/msp430_gcc/bin/../lib/gcc/msp430-elf/6.2.1/../../../../msp430-elf/lib\libcrt.a(crt_movedata.o)
 .text          0x0000ae96        0x0 c:/ti/msp430_gcc/bin/../lib/gcc/msp430-elf/6.2.1/../../../../msp430-elf/lib\libcrt.a(crt_main.o)
 .text          0x0000ae96        0x0 c:/ti/msp430_gcc/bin/../lib/gcc/msp430-elf/6.2.1/../../../../msp430-elf/lib\libcrt.a(crt_callexit.o)
 .text          0x0000ae96        0x0 c:/ti/msp430_gcc/bin/../lib/gcc/msp430-elf/6.2.1/../../../../msp430-elf/lib\libnosys.a(ciosyscalls.o)
 .text.exit     0x0000ae96        0x2 c:/ti/msp430_gcc/bin/../lib/gcc/msp430-elf/6.2.1/../../../../msp430-elf/lib\libnosys.a(ciosyscalls.o)
                0x0000ae96                _exit
                0x0000ae96                exit
 .text.isatty   0x0000ae98        0x4 c:/ti/msp430_gcc/bin/../lib/gcc/msp430-elf/6.2.1/../../../../msp430-elf/lib\libnosys.a(ciosyscalls.o)
                0x0000ae98                _isatty
                0x0000ae98                isatty
 .text.getpid   0x0000ae9c        0x6 c:/ti/msp430_gcc/bin/../lib/gcc/msp430-elf/6.2.1/../../../../msp430-elf/lib\libnosys.a(ciosyscalls.o)
                0x0000ae9c                getpid
 .text.open     0x0000aea2        0xe c:/ti/msp430_gcc/bin/../lib/gcc/msp430-elf/6.2.1/../../../../msp430-elf/lib\libnosys.a(ciosyscalls.o)
                0x0000aea2                open
 .text.close    0x0000aeb0        0xe c:/ti/msp430_gcc/bin/../lib/gcc/msp430-elf/6.2.1/../../../../msp430-elf/lib\libnosys.a(ciosyscalls.o)
                0x0000aeb0                close
 .text.read     0x0000aebe        0xe c:/ti/msp430_gcc/bin/../lib/gcc/msp430-elf/6.2.1/../../../../msp430-elf/lib\libnosys.a(ciosyscalls.o)
                0x0000aebe                read
 .text.fstat    0x0000aecc        0xe c:/ti/msp430_gcc/bin/../lib/gcc/msp430-elf/6.2.1/../../../../msp430-elf/lib\libnosys.a(ciosyscalls.o)
                0x0000aecc                fstat
 .text.lseek    0x0000aeda        0xe c:/ti/msp430_gcc/bin/../lib/gcc/msp430-elf/6.2.1/../../../../msp430-elf/lib\libnosys.a(ciosyscalls.o)
                0x0000aeda                lseek
 .text.kill     0x0000aee8        0xe c:/ti/msp430_gcc/bin/../lib/gcc/msp430-elf/6.2.1/../../../../msp430-elf/lib\libnosys.a(ciosyscalls.o)
                0x0000aee8                kill
 .text          0x0000aef6        0x0 c:/ti/msp430_gcc/bin/../lib/gcc/msp430-elf/6.2.1/../../../../msp430-elf/lib\libnosys.a(write.o)
 .text.write    0x0000aef6       0x72 c:/ti/msp430_gcc/bin/../lib/gcc/msp430-elf/6.2.1/../../../../msp430-elf/lib\libnosys.a(write.o)
                0x0000aef6                write
 .text          0x0000af68        0x0 c:/ti/msp430_gcc/bin/../lib/gcc/msp430-elf/6.2.1/../../../../msp430-elf/lib\libnosys.a(sbrk.o)
 .text._sbrk    0x0000af68       0x30 c:/ti/msp430_gcc/bin/../lib/gcc/msp430-elf/6.2.1/../../../../msp430-elf/lib\libnosys.a(sbrk.o)
                0x0000af68                sbrk
                0x0000af68                _sbrk
 .text          0x0000af98        0x4 c:/ti/msp430_gcc/bin/../lib/gcc/msp430-elf/6.2.1/../../../../msp430-elf/lib\libnosys.a(cio.o)
                0x0000af98                _libgloss_cio_hook
                0x0000af98                C$$IO$$
 .text          0x0000af9c        0x0 c:/ti/msp430_gcc/bin/../lib/gcc/msp430-elf/6.2.1/../../../../msp430-elf/lib\libc.a(lib_a-abort.o)
 .text.abort    0x0000af9c        0xe c:/ti/msp430_gcc/bin/../lib/gcc/msp430-elf/6.2.1/../../../../msp430-elf/lib\libc.a(lib_a-abort.o)
                0x0000af9c                abort
 .text          0x0000afaa        0x0 c:/ti/msp430_gcc/bin/../lib/gcc/msp430-elf/6.2.1/../../../../msp430-elf/lib\libc.a(lib_a-errno.o)
 .text.__errno  0x0000afaa        0x6 c:/ti/msp430_gcc/bin/../lib/gcc/msp430-elf/6.2.1/../../../../msp430-elf/lib\libc.a(lib_a-errno.o)
                0x0000afaa                __errno
 .text          0x0000afb0        0x0 c:/ti/msp430_gcc/bin/../lib/gcc/msp430-elf/6.2.1/../../../../msp430-elf/lib\libc.a(lib_a-signal.o)
 .text._init_signal_r
                0x0000afb0       0x36 c:/ti/msp430_gcc/bin/../lib/gcc/msp430-elf/6.2.1/../../../../msp430-elf/lib\libc.a(lib_a-signal.o)
                0x0000afb0                _init_signal_r
 .text._signal_r
                0x0000afe6       0x3a c:/ti/msp430_gcc/bin/../lib/gcc/msp430-elf/6.2.1/../../../../msp430-elf/lib\libc.a(lib_a-signal.o)
                0x0000afe6                _signal_r
 .text._raise_r
                0x0000b020       0x5c c:/ti/msp430_gcc/bin/../lib/gcc/msp430-elf/6.2.1/../../../../msp430-elf/lib\libc.a(lib_a-signal.o)
                0x0000b020                _raise_r
 .text.__sigtramp_r
                0x0000b07c       0x54 c:/ti/msp430_gcc/bin/../lib/gcc/msp430-elf/6.2.1/../../../../msp430-elf/lib\libc.a(lib_a-signal.o)
                0x0000b07c                __sigtramp_r
 .text.raise    0x0000b0d0        0xc c:/ti/msp430_gcc/bin/../lib/gcc/msp430-elf/6.2.1/../../../../msp430-elf/lib\libc.a(lib_a-signal.o)
                0x0000b0d0                raise
 .text.signal   0x0000b0dc        0xe c:/ti/msp430_gcc/bin/../lib/gcc/msp430-elf/6.2.1/../../../../msp430-elf/lib\libc.a(lib_a-signal.o)
                0x0000b0dc                signal
 .text._init_signal
                0x0000b0ea        0xa c:/ti/msp430_gcc/bin/../lib/gcc/msp430-elf/6.2.1/../../../../msp430-elf/lib\libc.a(lib_a-signal.o)
                0x0000b0ea                _init_signal
 .text.__sigtramp
                0x0000b0f4        0xc c:/ti/msp430_gcc/bin/../lib/gcc/msp430-elf/6.2.1/../../../../msp430-elf/lib\libc.a(lib_a-signal.o)
                0x0000b0f4                __sigtramp
 .text          0x0000b100        0x0 c:/ti/msp430_gcc/bin/../lib/gcc/msp430-elf/6.2.1/../../../../msp430-elf/lib\libc.a(lib_a-signalr.o)
 .text._kill_r  0x0000b100       0x24 c:/ti/msp430_gcc/bin/../lib/gcc/msp430-elf/6.2.1/../../../../msp430-elf/lib\libc.a(lib_a-signalr.o)
                0x0000b100                _kill_r
 .text._getpid_r
                0x0000b124        0x6 c:/ti/msp430_gcc/bin/../lib/gcc/msp430-elf/6.2.1/../../../../msp430-elf/lib\libc.a(lib_a-signalr.o)
                0x0000b124                _getpid_r
 .text          0x0000b12a        0x2 c:/ti/msp430_gcc/bin/../lib/gcc/msp430-elf/6.2.1/crtend.o
 .text.__do_global_ctors_aux
                0x0000b12c       0x18 c:/ti/msp430_gcc/bin/../lib/gcc/msp430-elf/6.2.1/crtend.o
 .text.call___do_global_ctors_aux
                0x0000b144        0x0 c:/ti/msp430_gcc/bin/../lib/gcc/msp430-elf/6.2.1/crtend.o
 .text          0x0000b144        0x0 c:/ti/msp430_gcc/bin/../lib/gcc/msp430-elf/6.2.1/../../../../msp430-elf/lib/crtn.o
 *(.text.*personality*)
 *(.gnu.warning)
 *(.interp .hash .dynsym .dynstr .gnu.version*)
                [!provide]                PROVIDE (__etext, .)
                [!provide]                PROVIDE (_etext, .)
                [!provide]                PROVIDE (etext, .)
                0x0000b144                . = ALIGN (0x2)
 *(.init)
 .init          0x0000b144        0x0 c:/ti/msp430_gcc/bin/../lib/gcc/msp430-elf/6.2.1/../../../../msp430-elf/lib/crt0.o
                0x0000b144                __msp430_init
 .init          0x0000b144        0x4 c:/ti/msp430_gcc/bin/../lib/gcc/msp430-elf/6.2.1/crtbegin.o
 .init          0x0000b148        0x4 c:/ti/msp430_gcc/bin/../lib/gcc/msp430-elf/6.2.1/crtend.o
 .init          0x0000b14c        0xa c:/ti/msp430_gcc/bin/../lib/gcc/msp430-elf/6.2.1/../../../../msp430-elf/lib/crtn.o
                0x0000b156                __msp430_init_end
 *(.fini)
 .fini          0x0000b156        0x4 c:/ti/msp430_gcc/bin/../lib/gcc/msp430-elf/6.2.1/../../../../msp430-elf/lib/crt0.o
                0x0000b156                __msp430_fini
 .fini          0x0000b15a        0x4 c:/ti/msp430_gcc/bin/../lib/gcc/msp430-elf/6.2.1/crtbegin.o
 .fini          0x0000b15e        0x2 c:/ti/msp430_gcc/bin/../lib/gcc/msp430-elf/6.2.1/../../../../msp430-elf/lib/crtn.o
                0x0000b160                __msp430_fini_end
 *(.tm_clone_table)
 .tm_clone_table
                0x0000b160        0x0 c:/ti/msp430_gcc/bin/../lib/gcc/msp430-elf/6.2.1/crtbegin.o
 .tm_clone_table
                0x0000b160        0x0 c:/ti/msp430_gcc/bin/../lib/gcc/msp430-elf/6.2.1/crtend.o
                0x0000b160                __TMC_END__
                0x0000b160                . = ALIGN (0x2)
                0x0000b160                os_taskCount = .
                0x0000b160        0x1 BYTE 0x2 ((__os_tasksEnd - __os_tasksBegin) / (__os_tasksOther - __os_tasksBegin))

.upper.text     0x00010000        0x0
                0x00010000                . = ALIGN (0x2)
 *(.upper.text.* .upper.text)

.infoA

.infoB

.infoC

.infoD

.upper          0x00002a70        0x0
 *(.upper.bss.* .upper.bss)
 *(.upper.data.* .upper.data)
                0x00000001                ASSERT ((SIZEOF (.upper) == 0x0), This MCU does not support placing read/write data into high memory)

.MP430.attributes
                0x00000000      0x605
 *(.MSP430.attributes)
 .MSP430.attributes
                0x00000000       0x17 c:/ti/msp430_gcc/bin/../lib/gcc/msp430-elf/6.2.1/../../../../msp430-elf/lib/crt0.o
 .MSP430.attributes
                0x00000017       0x17 c:/ti/msp430_gcc/bin/../lib/gcc/msp430-elf/6.2.1/crtbegin.o
 .MSP430.attributes
                0x0000002e       0x17 ./src/can.o
 .MSP430.attributes
                0x00000045       0x17 ./src/main.o
 .MSP430.attributes
                0x0000005c       0x17 c:/ti/msp430_gcc/bin/../lib/gcc/msp430-elf/6.2.1\libgcc.a(lib2divSI.o)
 .MSP430.attributes
                0x00000073       0x17 c:/ti/msp430_gcc/bin/../lib/gcc/msp430-elf/6.2.1\libgcc.a(slli.o)
 .MSP430.attributes
                0x0000008a       0x17 c:/ti/msp430_gcc/bin/../lib/gcc/msp430-elf/6.2.1\libgcc.a(srai.o)
 .MSP430.attributes
                0x000000a1       0x17 c:/ti/msp430_gcc/bin/../lib/gcc/msp430-elf/6.2.1\libgcc.a(srli.o)
 .MSP430.attributes
                0x000000b8       0x17 c:/ti/msp430_gcc/bin/../lib/gcc/msp430-elf/6.2.1\libgcc.a(_udivdi3.o)
 .MSP430.attributes
                0x000000cf       0x17 c:/ti/msp430_gcc/bin/../lib/gcc/msp430-elf/6.2.1\libgcc.a(_lshrdi3.o)
 .MSP430.attributes
                0x000000e6       0x17 c:/ti/msp430_gcc/bin/../lib/gcc/msp430-elf/6.2.1\libgcc.a(_ashldi3.o)
 .MSP430.attributes
                0x000000fd       0x17 c:/ti/msp430_gcc/bin/../lib/gcc/msp430-elf/6.2.1\libgcc.a(_clzdi2.o)
 .MSP430.attributes
                0x00000114       0x17 c:/ti/msp430_gcc/bin/../lib/gcc/msp430-elf/6.2.1\libgcc.a(_clz.o)
 .MSP430.attributes
                0x0000012b       0x17 F:/RTBS/RTBS_BaseProject - Copy/libs/RTOS\libBase_RTOS_lib.a(core.o)
 .MSP430.attributes
                0x00000142       0x17 F:/RTBS/RTBS_BaseProject - Copy/libs/RTOS\libBase_RTOS_lib.a(kernel.o)
 .MSP430.attributes
                0x00000159       0x17 F:/RTBS/RTBS_BaseProject - Copy/libs/RTOS\libBase_RTOS_lib.a(timer.o)
 .MSP430.attributes
                0x00000170       0x17 F:/RTBS/RTBS_BaseProject - Copy/libs/RTOS\libBase_RTOS_lib.a(sysinfo.o)
 .MSP430.attributes
                0x00000187       0x17 F:/RTBS/RTBS_BaseProject - Copy/libs/RTOS\libBase_RTOS_lib.a(printfx.o)
 .MSP430.attributes
                0x0000019e       0x17 F:/RTBS/RTBS_BaseProject - Copy/libs/RTOS\libBase_RTOS_lib.a(sysclk.o)
 .MSP430.attributes
                0x000001b5       0x17 F:/RTBS/RTBS_BaseProject - Copy/libs/RTOS\libBase_RTOS_lib.a(uart_tx.o)
 .MSP430.attributes
                0x000001cc       0x17 F:/RTBS/RTBS_BaseProject - Copy/libs/RTOS\libBase_RTOS_lib.a(pmm.o)
 .MSP430.attributes
                0x000001e3       0x17 F:/RTBS/RTBS_BaseProject - Copy/libs\libRTBS_CAN_Tests.a(can_tests.o)
 .MSP430.attributes
                0x000001fa       0x17 c:/ti/msp430_gcc/bin/../lib/gcc/msp430-elf/6.2.1\libgcc.a(lib2divHI.o)
 .MSP430.attributes
                0x00000211       0x17 c:/ti/msp430_gcc/bin/../lib/gcc/msp430-elf/6.2.1\libmul_f5.a(lib2hw_mul_f5.o)
 .MSP430.attributes
                0x00000228       0x17 c:/ti/msp430_gcc/bin/../lib/gcc/msp430-elf/6.2.1/../../../../msp430-elf/lib\libc.a(lib_a-memcmp.o)
 .MSP430.attributes
                0x0000023f       0x17 c:/ti/msp430_gcc/bin/../lib/gcc/msp430-elf/6.2.1/../../../../msp430-elf/lib\libc.a(lib_a-memcpy.o)
 .MSP430.attributes
                0x00000256       0x17 c:/ti/msp430_gcc/bin/../lib/gcc/msp430-elf/6.2.1/../../../../msp430-elf/lib\libc.a(lib_a-memset.o)
 .MSP430.attributes
                0x0000026d       0x17 c:/ti/msp430_gcc/bin/../lib/gcc/msp430-elf/6.2.1/../../../../msp430-elf/lib\libc.a(lib_a-puts.o)
 .MSP430.attributes
                0x00000284       0x17 c:/ti/msp430_gcc/bin/../lib/gcc/msp430-elf/6.2.1/../../../../msp430-elf/lib\libc.a(lib_a-strlen.o)
 .MSP430.attributes
                0x0000029b       0x17 c:/ti/msp430_gcc/bin/../lib/gcc/msp430-elf/6.2.1/../../../../msp430-elf/lib\libc.a(lib_a-findfp.o)
 .MSP430.attributes
                0x000002b2       0x17 c:/ti/msp430_gcc/bin/../lib/gcc/msp430-elf/6.2.1/../../../../msp430-elf/lib\libc.a(lib_a-fvwrite.o)
 .MSP430.attributes
                0x000002c9       0x17 c:/ti/msp430_gcc/bin/../lib/gcc/msp430-elf/6.2.1/../../../../msp430-elf/lib\libc.a(lib_a-fwalk.o)
 .MSP430.attributes
                0x000002e0       0x17 c:/ti/msp430_gcc/bin/../lib/gcc/msp430-elf/6.2.1/../../../../msp430-elf/lib\libc.a(lib_a-impure.o)
 .MSP430.attributes
                0x000002f7       0x17 c:/ti/msp430_gcc/bin/../lib/gcc/msp430-elf/6.2.1/../../../../msp430-elf/lib\libc.a(lib_a-memchr.o)
 .MSP430.attributes
                0x0000030e       0x17 c:/ti/msp430_gcc/bin/../lib/gcc/msp430-elf/6.2.1/../../../../msp430-elf/lib\libc.a(lib_a-memmove.o)
 .MSP430.attributes
                0x00000325       0x17 c:/ti/msp430_gcc/bin/../lib/gcc/msp430-elf/6.2.1/../../../../msp430-elf/lib\libc.a(lib_a-nano-freer.o)
 .MSP430.attributes
                0x0000033c       0x17 c:/ti/msp430_gcc/bin/../lib/gcc/msp430-elf/6.2.1/../../../../msp430-elf/lib\libc.a(lib_a-nano-mallocr.o)
 .MSP430.attributes
                0x00000353       0x17 c:/ti/msp430_gcc/bin/../lib/gcc/msp430-elf/6.2.1/../../../../msp430-elf/lib\libc.a(lib_a-nano-reallocr.o)
 .MSP430.attributes
                0x0000036a       0x17 c:/ti/msp430_gcc/bin/../lib/gcc/msp430-elf/6.2.1/../../../../msp430-elf/lib\libc.a(lib_a-sbrkr.o)
 .MSP430.attributes
                0x00000381       0x17 c:/ti/msp430_gcc/bin/../lib/gcc/msp430-elf/6.2.1/../../../../msp430-elf/lib\libc.a(lib_a-stdio.o)
 .MSP430.attributes
                0x00000398       0x17 c:/ti/msp430_gcc/bin/../lib/gcc/msp430-elf/6.2.1/../../../../msp430-elf/lib\libc.a(lib_a-writer.o)
 .MSP430.attributes
                0x000003af       0x17 c:/ti/msp430_gcc/bin/../lib/gcc/msp430-elf/6.2.1/../../../../msp430-elf/lib\libc.a(lib_a-wsetup.o)
 .MSP430.attributes
                0x000003c6       0x17 c:/ti/msp430_gcc/bin/../lib/gcc/msp430-elf/6.2.1/../../../../msp430-elf/lib\libc.a(lib_a-closer.o)
 .MSP430.attributes
                0x000003dd       0x17 c:/ti/msp430_gcc/bin/../lib/gcc/msp430-elf/6.2.1/../../../../msp430-elf/lib\libc.a(lib_a-fclose.o)
 .MSP430.attributes
                0x000003f4       0x17 c:/ti/msp430_gcc/bin/../lib/gcc/msp430-elf/6.2.1/../../../../msp430-elf/lib\libc.a(lib_a-fflush.o)
 .MSP430.attributes
                0x0000040b       0x17 c:/ti/msp430_gcc/bin/../lib/gcc/msp430-elf/6.2.1/../../../../msp430-elf/lib\libc.a(lib_a-lseekr.o)
 .MSP430.attributes
                0x00000422       0x17 c:/ti/msp430_gcc/bin/../lib/gcc/msp430-elf/6.2.1/../../../../msp430-elf/lib\libc.a(lib_a-makebuf.o)
 .MSP430.attributes
                0x00000439       0x17 c:/ti/msp430_gcc/bin/../lib/gcc/msp430-elf/6.2.1/../../../../msp430-elf/lib\libc.a(lib_a-nano-msizer.o)
 .MSP430.attributes
                0x00000450       0x17 c:/ti/msp430_gcc/bin/../lib/gcc/msp430-elf/6.2.1/../../../../msp430-elf/lib\libc.a(lib_a-readr.o)
 .MSP430.attributes
                0x00000467       0x17 c:/ti/msp430_gcc/bin/../lib/gcc/msp430-elf/6.2.1/../../../../msp430-elf/lib\libc.a(lib_a-reent.o)
 .MSP430.attributes
                0x0000047e       0x17 c:/ti/msp430_gcc/bin/../lib/gcc/msp430-elf/6.2.1/../../../../msp430-elf/lib\libc.a(lib_a-fstatr.o)
 .MSP430.attributes
                0x00000495       0x17 c:/ti/msp430_gcc/bin/../lib/gcc/msp430-elf/6.2.1/../../../../msp430-elf/lib\libc.a(lib_a-isattyr.o)
 .MSP430.attributes
                0x000004ac       0x17 c:/ti/msp430_gcc/bin/../lib/gcc/msp430-elf/6.2.1\libgcc.a(_muldi3.o)
 .MSP430.attributes
                0x000004c3       0x17 c:/ti/msp430_gcc/bin/../lib/gcc/msp430-elf/6.2.1/../../../../msp430-elf/lib\libcrt.a(crt_bss.o)
 .MSP430.attributes
                0x000004da       0x17 c:/ti/msp430_gcc/bin/../lib/gcc/msp430-elf/6.2.1/../../../../msp430-elf/lib\libcrt.a(crt_movedata.o)
 .MSP430.attributes
                0x000004f1       0x17 c:/ti/msp430_gcc/bin/../lib/gcc/msp430-elf/6.2.1/../../../../msp430-elf/lib\libcrt.a(crt_main.o)
 .MSP430.attributes
                0x00000508       0x17 c:/ti/msp430_gcc/bin/../lib/gcc/msp430-elf/6.2.1/../../../../msp430-elf/lib\libcrt.a(crt_callexit.o)
 .MSP430.attributes
                0x0000051f       0x17 c:/ti/msp430_gcc/bin/../lib/gcc/msp430-elf/6.2.1/../../../../msp430-elf/lib\libnosys.a(ciosyscalls.o)
 .MSP430.attributes
                0x00000536       0x17 c:/ti/msp430_gcc/bin/../lib/gcc/msp430-elf/6.2.1/../../../../msp430-elf/lib\libnosys.a(write.o)
 .MSP430.attributes
                0x0000054d       0x17 c:/ti/msp430_gcc/bin/../lib/gcc/msp430-elf/6.2.1/../../../../msp430-elf/lib\libnosys.a(sbrk.o)
 .MSP430.attributes
                0x00000564       0x17 c:/ti/msp430_gcc/bin/../lib/gcc/msp430-elf/6.2.1/../../../../msp430-elf/lib\libnosys.a(cio.o)
 .MSP430.attributes
                0x0000057b       0x17 c:/ti/msp430_gcc/bin/../lib/gcc/msp430-elf/6.2.1/../../../../msp430-elf/lib\libc.a(lib_a-abort.o)
 .MSP430.attributes
                0x00000592       0x17 c:/ti/msp430_gcc/bin/../lib/gcc/msp430-elf/6.2.1/../../../../msp430-elf/lib\libc.a(lib_a-errno.o)
 .MSP430.attributes
                0x000005a9       0x17 c:/ti/msp430_gcc/bin/../lib/gcc/msp430-elf/6.2.1/../../../../msp430-elf/lib\libc.a(lib_a-signal.o)
 .MSP430.attributes
                0x000005c0       0x17 c:/ti/msp430_gcc/bin/../lib/gcc/msp430-elf/6.2.1/../../../../msp430-elf/lib\libc.a(lib_a-signalr.o)
 .MSP430.attributes
                0x000005d7       0x17 c:/ti/msp430_gcc/bin/../lib/gcc/msp430-elf/6.2.1/crtend.o
 .MSP430.attributes
                0x000005ee       0x17 c:/ti/msp430_gcc/bin/../lib/gcc/msp430-elf/6.2.1/../../../../msp430-elf/lib/crtn.o
 *(.gnu.attributes)
 *(__TI_build_attributes)

.stab
 *(.stab)

.stabstr
 *(.stabstr)

.stab.excl
 *(.stab.excl)

.stab.exclstr
 *(.stab.exclstr)

.stab.index
 *(.stab.index)

.stab.indexstr
 *(.stab.indexstr)

.comment        0x00000000       0xca
 *(.comment)
 .comment       0x00000000       0x49 c:/ti/msp430_gcc/bin/../lib/gcc/msp430-elf/6.2.1/crtbegin.o
                                 0x4a (size before relaxing)
 .comment       0x00000049       0x4a ./src/can.o
 .comment       0x00000049       0x4a ./src/main.o
 .comment       0x00000049       0x4a c:/ti/msp430_gcc/bin/../lib/gcc/msp430-elf/6.2.1\libgcc.a(lib2divSI.o)
 .comment       0x00000049       0x4a c:/ti/msp430_gcc/bin/../lib/gcc/msp430-elf/6.2.1\libgcc.a(_udivdi3.o)
 .comment       0x00000049       0x4a c:/ti/msp430_gcc/bin/../lib/gcc/msp430-elf/6.2.1\libgcc.a(_lshrdi3.o)
 .comment       0x00000049       0x4a c:/ti/msp430_gcc/bin/../lib/gcc/msp430-elf/6.2.1\libgcc.a(_ashldi3.o)
 .comment       0x00000049       0x4a c:/ti/msp430_gcc/bin/../lib/gcc/msp430-elf/6.2.1\libgcc.a(_clzdi2.o)
 .comment       0x00000049       0x4a c:/ti/msp430_gcc/bin/../lib/gcc/msp430-elf/6.2.1\libgcc.a(_clz.o)
 .comment       0x00000049       0x41 F:/RTBS/RTBS_BaseProject - Copy/libs/RTOS\libBase_RTOS_lib.a(kernel.o)
                                 0x42 (size before relaxing)
 .comment       0x0000008a       0x42 F:/RTBS/RTBS_BaseProject - Copy/libs/RTOS\libBase_RTOS_lib.a(timer.o)
 .comment       0x0000008a       0x42 F:/RTBS/RTBS_BaseProject - Copy/libs/RTOS\libBase_RTOS_lib.a(sysinfo.o)
 .comment       0x0000008a       0x42 F:/RTBS/RTBS_BaseProject - Copy/libs/RTOS\libBase_RTOS_lib.a(printfx.o)
 .comment       0x0000008a       0x42 F:/RTBS/RTBS_BaseProject - Copy/libs/RTOS\libBase_RTOS_lib.a(sysclk.o)
 .comment       0x0000008a       0x42 F:/RTBS/RTBS_BaseProject - Copy/libs/RTOS\libBase_RTOS_lib.a(uart_tx.o)
 .comment       0x0000008a       0x42 F:/RTBS/RTBS_BaseProject - Copy/libs/RTOS\libBase_RTOS_lib.a(pmm.o)
 .comment       0x0000008a       0x40 F:/RTBS/RTBS_BaseProject - Copy/libs\libRTBS_CAN_Tests.a(can_tests.o)
                                 0x41 (size before relaxing)
 .comment       0x000000ca       0x4a c:/ti/msp430_gcc/bin/../lib/gcc/msp430-elf/6.2.1\libgcc.a(lib2divHI.o)
 .comment       0x000000ca       0x4a c:/ti/msp430_gcc/bin/../lib/gcc/msp430-elf/6.2.1/../../../../msp430-elf/lib\libc.a(lib_a-memcmp.o)
 .comment       0x000000ca       0x4a c:/ti/msp430_gcc/bin/../lib/gcc/msp430-elf/6.2.1/../../../../msp430-elf/lib\libc.a(lib_a-memcpy.o)
 .comment       0x000000ca       0x4a c:/ti/msp430_gcc/bin/../lib/gcc/msp430-elf/6.2.1/../../../../msp430-elf/lib\libc.a(lib_a-memset.o)
 .comment       0x000000ca       0x4a c:/ti/msp430_gcc/bin/../lib/gcc/msp430-elf/6.2.1/../../../../msp430-elf/lib\libc.a(lib_a-puts.o)
 .comment       0x000000ca       0x4a c:/ti/msp430_gcc/bin/../lib/gcc/msp430-elf/6.2.1/../../../../msp430-elf/lib\libc.a(lib_a-strlen.o)
 .comment       0x000000ca       0x4a c:/ti/msp430_gcc/bin/../lib/gcc/msp430-elf/6.2.1/../../../../msp430-elf/lib\libc.a(lib_a-findfp.o)
 .comment       0x000000ca       0x4a c:/ti/msp430_gcc/bin/../lib/gcc/msp430-elf/6.2.1/../../../../msp430-elf/lib\libc.a(lib_a-fvwrite.o)
 .comment       0x000000ca       0x4a c:/ti/msp430_gcc/bin/../lib/gcc/msp430-elf/6.2.1/../../../../msp430-elf/lib\libc.a(lib_a-fwalk.o)
 .comment       0x000000ca       0x4a c:/ti/msp430_gcc/bin/../lib/gcc/msp430-elf/6.2.1/../../../../msp430-elf/lib\libc.a(lib_a-impure.o)
 .comment       0x000000ca       0x4a c:/ti/msp430_gcc/bin/../lib/gcc/msp430-elf/6.2.1/../../../../msp430-elf/lib\libc.a(lib_a-memchr.o)
 .comment       0x000000ca       0x4a c:/ti/msp430_gcc/bin/../lib/gcc/msp430-elf/6.2.1/../../../../msp430-elf/lib\libc.a(lib_a-memmove.o)
 .comment       0x000000ca       0x4a c:/ti/msp430_gcc/bin/../lib/gcc/msp430-elf/6.2.1/../../../../msp430-elf/lib\libc.a(lib_a-nano-freer.o)
 .comment       0x000000ca       0x4a c:/ti/msp430_gcc/bin/../lib/gcc/msp430-elf/6.2.1/../../../../msp430-elf/lib\libc.a(lib_a-nano-mallocr.o)
 .comment       0x000000ca       0x4a c:/ti/msp430_gcc/bin/../lib/gcc/msp430-elf/6.2.1/../../../../msp430-elf/lib\libc.a(lib_a-nano-reallocr.o)
 .comment       0x000000ca       0x4a c:/ti/msp430_gcc/bin/../lib/gcc/msp430-elf/6.2.1/../../../../msp430-elf/lib\libc.a(lib_a-sbrkr.o)
 .comment       0x000000ca       0x4a c:/ti/msp430_gcc/bin/../lib/gcc/msp430-elf/6.2.1/../../../../msp430-elf/lib\libc.a(lib_a-stdio.o)
 .comment       0x000000ca       0x4a c:/ti/msp430_gcc/bin/../lib/gcc/msp430-elf/6.2.1/../../../../msp430-elf/lib\libc.a(lib_a-writer.o)
 .comment       0x000000ca       0x4a c:/ti/msp430_gcc/bin/../lib/gcc/msp430-elf/6.2.1/../../../../msp430-elf/lib\libc.a(lib_a-wsetup.o)
 .comment       0x000000ca       0x4a c:/ti/msp430_gcc/bin/../lib/gcc/msp430-elf/6.2.1/../../../../msp430-elf/lib\libc.a(lib_a-closer.o)
 .comment       0x000000ca       0x4a c:/ti/msp430_gcc/bin/../lib/gcc/msp430-elf/6.2.1/../../../../msp430-elf/lib\libc.a(lib_a-fclose.o)